UTIL1.c:150:6:UTIL1_strcpy	24	static
UTIL1.c:183:6:UTIL1_strcat	24	static
UTIL1.c:215:6:UTIL1_chcat	24	static
UTIL1.c:251:6:UTIL1_Num8uToStr	24	static
UTIL1.c:276:6:UTIL1_Num8sToStr	24	static
UTIL1.c:301:6:UTIL1_Num16uToStr	40	static
UTIL1.c:345:6:UTIL1_Num16sToStr	40	static
UTIL1.c:390:13:ShiftRightAndFill	24	static
UTIL1.c:442:6:UTIL1_Num16sToStrFormatted	24	static
UTIL1.c:475:6:UTIL1_Num16uToStrFormatted	24	static
UTIL1.c:508:6:UTIL1_Num32uToStrFormatted	24	static
UTIL1.c:541:6:UTIL1_Num32sToStrFormatted	24	static
UTIL1.c:569:6:UTIL1_strcatNum8u	32	static
UTIL1.c:599:6:UTIL1_strcatNum8s	32	static
UTIL1.c:629:6:UTIL1_strcatNum16u	32	static
UTIL1.c:659:6:UTIL1_strcatNum16s	32	static
UTIL1.c:695:6:UTIL1_strcatNum16uFormatted	40	static
UTIL1.c:731:6:UTIL1_strcatNum16sFormatted	40	static
UTIL1.c:767:6:UTIL1_strcatNum32uFormatted	48	static
UTIL1.c:803:6:UTIL1_strcatNum32sFormatted	48	static
UTIL1.c:832:6:UTIL1_strcatNum8Hex	32	static
UTIL1.c:866:6:UTIL1_strcatNum16Hex	32	static
UTIL1.c:904:6:UTIL1_strcatNum24Hex	40	static
UTIL1.c:942:6:UTIL1_strcatNum32Hex	40	static
UTIL1.c:981:6:UTIL1_strcatNum32s	40	static
UTIL1.c:1011:6:UTIL1_strcatNum32u	40	static
UTIL1.c:1039:6:UTIL1_Num32sToStr	40	static
UTIL1.c:1094:6:UTIL1_Num32uToStr	40	static
UTIL1.c:1130:6:UTIL1_IsLeapYear	16	static
UTIL1.c:1151:9:UTIL1_WeekDay	32	static
UTIL1.c:1200:9:UTIL1_ReadEscapedName	40	static
UTIL1.c:1290:9:UTIL1_xatoi	24	static
UTIL1.c:1377:9:UTIL1_ScanDate	32	static
UTIL1.c:1438:9:UTIL1_ScanTime	32	static
UTIL1.c:1510:9:UTIL1_ScanDecimal8uNumber	24	static
UTIL1.c:1550:9:UTIL1_ScanDecimal8sNumber	32	static
UTIL1.c:1595:9:UTIL1_ScanDecimal16uNumber	24	static
UTIL1.c:1635:9:UTIL1_ScanDecimal16sNumber	32	static
UTIL1.c:1680:9:UTIL1_ScanDecimal32uNumber	24	static
UTIL1.c:1720:9:UTIL1_ScanDecimal32sNumber	32	static
UTIL1.c:1774:9:UTIL1_ScanDecimal32sDotNumber	32	static
UTIL1.c:1866:13:isHexCharacter	16	static
UTIL1.c:1871:16:PreScanHexNumber	24	static
UTIL1.c:1889:16:HexToDec	24	static
UTIL1.c:1923:9:UTIL1_ScanHex32uNumber	32	static
UTIL1.c:1959:9:UTIL1_ScanHex16uNumber	32	static
UTIL1.c:1995:9:UTIL1_ScanHex8uNumber	32	static
UTIL1.c:2031:9:UTIL1_ScanHex8uNumberNoPrefix	32	static
UTIL1.c:2068:9:UTIL1_strtailcmp	24	static
UTIL1.c:2104:9:UTIL1_strCutTail	24	static
UTIL1.c:2135:6:UTIL1_strcatNum32sDotValue100	32	static
UTIL1.c:2164:9:UTIL1_strFind	24	static
UTIL1.c:2196:9:UTIL1_ScanSeparatedNumbers	40	static
UTIL1.c:2246:9:UTIL1_ScanDoubleQuotedString	32	static
UTIL1.c:2292:6:UTIL1_strcatPad	32	static
UTIL1.c:2336:6:UTIL1_NumFloatToStr	56	static
UTIL1.c:2383:6:UTIL1_strcatNumFloat	56	static
UTIL1.c:2403:10:UTIL1_GetValue16LE	16	static
UTIL1.c:2420:10:UTIL1_GetValue24LE	16	static
UTIL1.c:2437:10:UTIL1_GetValue32LE	16	static
UTIL1.c:2454:6:UTIL1_SetValue16LE	16	static
UTIL1.c:2472:6:UTIL1_SetValue24LE	16	static
UTIL1.c:2491:6:UTIL1_SetValue32LE	16	static
UTIL1.c:2508:6:UTIL1_Deinit	4	static
UTIL1.c:2522:6:UTIL1_Init	4	static
