Archive member included because of file (symbol)

/Applications/KDS_v3.app/Contents/toolchain/bin/../lib/gcc/arm-none-eabi/4.8.4/../../../../arm-none-eabi/lib/armv7e-m/fpu/libg_s.a(lib_a-exit.o)
                              /Applications/KDS_v3.app/Contents/toolchain/bin/../lib/gcc/arm-none-eabi/4.8.4/../../../../arm-none-eabi/lib/armv7e-m/fpu/crt0.o (exit)
/Applications/KDS_v3.app/Contents/toolchain/bin/../lib/gcc/arm-none-eabi/4.8.4/../../../../arm-none-eabi/lib/armv7e-m/fpu/libg_s.a(lib_a-impure.o)
                              /Applications/KDS_v3.app/Contents/toolchain/bin/../lib/gcc/arm-none-eabi/4.8.4/../../../../arm-none-eabi/lib/armv7e-m/fpu/libg_s.a(lib_a-exit.o) (_global_impure_ptr)
/Applications/KDS_v3.app/Contents/toolchain/bin/../lib/gcc/arm-none-eabi/4.8.4/../../../../arm-none-eabi/lib/armv7e-m/fpu/libg_s.a(lib_a-init.o)
                              /Applications/KDS_v3.app/Contents/toolchain/bin/../lib/gcc/arm-none-eabi/4.8.4/../../../../arm-none-eabi/lib/armv7e-m/fpu/crt0.o (__libc_init_array)
/Applications/KDS_v3.app/Contents/toolchain/bin/../lib/gcc/arm-none-eabi/4.8.4/../../../../arm-none-eabi/lib/armv7e-m/fpu/libg_s.a(lib_a-memset.o)
                              /Applications/KDS_v3.app/Contents/toolchain/bin/../lib/gcc/arm-none-eabi/4.8.4/../../../../arm-none-eabi/lib/armv7e-m/fpu/crt0.o (memset)
/Applications/KDS_v3.app/Contents/toolchain/bin/../lib/gcc/arm-none-eabi/4.8.4/../../../../arm-none-eabi/lib/armv7e-m/fpu/libnosys.a(_exit.o)
                              /Applications/KDS_v3.app/Contents/toolchain/bin/../lib/gcc/arm-none-eabi/4.8.4/../../../../arm-none-eabi/lib/armv7e-m/fpu/libg_s.a(lib_a-exit.o) (_exit)

Allocating common symbols
Common symbol       size              file

SR_reg              0x1               ./Generated_Code/Cpu.o

Discarded input sections

 .text          0x0000000000000000        0x0 /Applications/KDS_v3.app/Contents/toolchain/bin/../lib/gcc/arm-none-eabi/4.8.4/armv7e-m/fpu/crti.o
 .data          0x0000000000000000        0x0 /Applications/KDS_v3.app/Contents/toolchain/bin/../lib/gcc/arm-none-eabi/4.8.4/armv7e-m/fpu/crti.o
 .bss           0x0000000000000000        0x0 /Applications/KDS_v3.app/Contents/toolchain/bin/../lib/gcc/arm-none-eabi/4.8.4/armv7e-m/fpu/crti.o
 .data          0x0000000000000000        0x4 /Applications/KDS_v3.app/Contents/toolchain/bin/../lib/gcc/arm-none-eabi/4.8.4/armv7e-m/fpu/crtbegin.o
 .data          0x0000000000000000        0x0 /Applications/KDS_v3.app/Contents/toolchain/bin/../lib/gcc/arm-none-eabi/4.8.4/../../../../arm-none-eabi/lib/armv7e-m/fpu/crt0.o
 .bss           0x0000000000000000        0x0 /Applications/KDS_v3.app/Contents/toolchain/bin/../lib/gcc/arm-none-eabi/4.8.4/../../../../arm-none-eabi/lib/armv7e-m/fpu/crt0.o
 .ARM.extab     0x0000000000000000        0x0 /Applications/KDS_v3.app/Contents/toolchain/bin/../lib/gcc/arm-none-eabi/4.8.4/../../../../arm-none-eabi/lib/armv7e-m/fpu/crt0.o
 .group         0x0000000000000000        0x8 ./Sources/Events.o
 .group         0x0000000000000000        0x8 ./Sources/Events.o
 .group         0x0000000000000000        0x8 ./Sources/Events.o
 .group         0x0000000000000000        0x8 ./Sources/Events.o
 .group         0x0000000000000000        0x8 ./Sources/Events.o
 .group         0x0000000000000000        0x8 ./Sources/Events.o
 .group         0x0000000000000000        0x8 ./Sources/Events.o
 .group         0x0000000000000000        0x8 ./Sources/Events.o
 .group         0x0000000000000000        0x8 ./Sources/Events.o
 .group         0x0000000000000000        0x8 ./Sources/Events.o
 .group         0x0000000000000000        0x8 ./Sources/Events.o
 .group         0x0000000000000000        0x8 ./Sources/Events.o
 .group         0x0000000000000000        0x8 ./Sources/Events.o
 .text          0x0000000000000000        0x0 ./Sources/Events.o
 .data          0x0000000000000000        0x0 ./Sources/Events.o
 .bss           0x0000000000000000        0x0 ./Sources/Events.o
 .group         0x0000000000000000        0x8 ./Sources/main.o
 .group         0x0000000000000000        0x8 ./Sources/main.o
 .group         0x0000000000000000        0x8 ./Sources/main.o
 .group         0x0000000000000000        0x8 ./Sources/main.o
 .group         0x0000000000000000        0x8 ./Sources/main.o
 .group         0x0000000000000000        0x8 ./Sources/main.o
 .group         0x0000000000000000        0x8 ./Sources/main.o
 .group         0x0000000000000000        0x8 ./Sources/main.o
 .group         0x0000000000000000        0x8 ./Sources/main.o
 .group         0x0000000000000000        0x8 ./Sources/main.o
 .group         0x0000000000000000        0x8 ./Sources/main.o
 .group         0x0000000000000000        0x8 ./Sources/main.o
 .group         0x0000000000000000        0x8 ./Sources/main.o
 .text          0x0000000000000000        0x0 ./Sources/main.o
 .data          0x0000000000000000        0x0 ./Sources/main.o
 .bss           0x0000000000000000        0x0 ./Sources/main.o
 .debug_macro   0x0000000000000000      0x850 ./Sources/main.o
 .debug_macro   0x0000000000000000       0x16 ./Sources/main.o
 .debug_macro   0x0000000000000000       0x44 ./Sources/main.o
 .debug_macro   0x0000000000000000      0x209 ./Sources/main.o
 .debug_macro   0x0000000000000000     0x1759 ./Sources/main.o
 .debug_macro   0x0000000000000000      0x14e ./Sources/main.o
 .debug_macro   0x0000000000000000       0x6a ./Sources/main.o
 .debug_macro   0x0000000000000000     0xde57 ./Sources/main.o
 .debug_macro   0x0000000000000000       0x94 ./Sources/main.o
 .debug_macro   0x0000000000000000       0x94 ./Sources/main.o
 .debug_macro   0x0000000000000000      0x12c ./Sources/main.o
 .debug_macro   0x0000000000000000       0x46 ./Sources/main.o
 .debug_macro   0x0000000000000000       0x26 ./Sources/main.o
 .group         0x0000000000000000        0x8 ./Project_Settings/Startup_Code/startup.o
 .group         0x0000000000000000        0x8 ./Project_Settings/Startup_Code/startup.o
 .group         0x0000000000000000        0x8 ./Project_Settings/Startup_Code/startup.o
 .group         0x0000000000000000        0x8 ./Project_Settings/Startup_Code/startup.o
 .group         0x0000000000000000        0x8 ./Project_Settings/Startup_Code/startup.o
 .group         0x0000000000000000        0x8 ./Project_Settings/Startup_Code/startup.o
 .group         0x0000000000000000        0x8 ./Project_Settings/Startup_Code/startup.o
 .group         0x0000000000000000        0x8 ./Project_Settings/Startup_Code/startup.o
 .group         0x0000000000000000        0x8 ./Project_Settings/Startup_Code/startup.o
 .group         0x0000000000000000        0x8 ./Project_Settings/Startup_Code/startup.o
 .group         0x0000000000000000        0x8 ./Project_Settings/Startup_Code/startup.o
 .group         0x0000000000000000        0x8 ./Project_Settings/Startup_Code/startup.o
 .group         0x0000000000000000        0x8 ./Project_Settings/Startup_Code/startup.o
 .group         0x0000000000000000        0x8 ./Project_Settings/Startup_Code/startup.o
 .group         0x0000000000000000        0x8 ./Project_Settings/Startup_Code/startup.o
 .group         0x0000000000000000        0x8 ./Project_Settings/Startup_Code/startup.o
 .group         0x0000000000000000        0x8 ./Project_Settings/Startup_Code/startup.o
 .group         0x0000000000000000        0x8 ./Project_Settings/Startup_Code/startup.o
 .group         0x0000000000000000        0x8 ./Project_Settings/Startup_Code/startup.o
 .text          0x0000000000000000        0x0 ./Project_Settings/Startup_Code/startup.o
 .data          0x0000000000000000        0x0 ./Project_Settings/Startup_Code/startup.o
 .bss           0x0000000000000000        0x0 ./Project_Settings/Startup_Code/startup.o
 .text.__init_hardware
                0x0000000000000000        0xc ./Project_Settings/Startup_Code/startup.o
 .text.__iar_program_start
                0x0000000000000000        0xc ./Project_Settings/Startup_Code/startup.o
 .debug_macro   0x0000000000000000      0x850 ./Project_Settings/Startup_Code/startup.o
 .debug_macro   0x0000000000000000       0x16 ./Project_Settings/Startup_Code/startup.o
 .group         0x0000000000000000        0x8 ./Generated_Code/BitIoLdd1.o
 .group         0x0000000000000000        0x8 ./Generated_Code/BitIoLdd1.o
 .group         0x0000000000000000        0x8 ./Generated_Code/BitIoLdd1.o
 .group         0x0000000000000000        0x8 ./Generated_Code/BitIoLdd1.o
 .group         0x0000000000000000        0x8 ./Generated_Code/BitIoLdd1.o
 .group         0x0000000000000000        0x8 ./Generated_Code/BitIoLdd1.o
 .group         0x0000000000000000        0x8 ./Generated_Code/BitIoLdd1.o
 .group         0x0000000000000000        0x8 ./Generated_Code/BitIoLdd1.o
 .group         0x0000000000000000        0x8 ./Generated_Code/BitIoLdd1.o
 .group         0x0000000000000000        0x8 ./Generated_Code/BitIoLdd1.o
 .group         0x0000000000000000        0x8 ./Generated_Code/BitIoLdd1.o
 .group         0x0000000000000000        0x8 ./Generated_Code/BitIoLdd1.o
 .text          0x0000000000000000        0x0 ./Generated_Code/BitIoLdd1.o
 .data          0x0000000000000000        0x0 ./Generated_Code/BitIoLdd1.o
 .bss           0x0000000000000000        0x0 ./Generated_Code/BitIoLdd1.o
 .text.BitIoLdd1_GetVal
                0x0000000000000000       0x48 ./Generated_Code/BitIoLdd1.o
 .text.BitIoLdd1_PutVal
                0x0000000000000000       0x30 ./Generated_Code/BitIoLdd1.o
 .text.BitIoLdd1_ClrVal
                0x0000000000000000       0x1c ./Generated_Code/BitIoLdd1.o
 .text.BitIoLdd1_SetVal
                0x0000000000000000       0x1c ./Generated_Code/BitIoLdd1.o
 .debug_macro   0x0000000000000000      0x850 ./Generated_Code/BitIoLdd1.o
 .debug_macro   0x0000000000000000       0x16 ./Generated_Code/BitIoLdd1.o
 .debug_macro   0x0000000000000000       0x44 ./Generated_Code/BitIoLdd1.o
 .debug_macro   0x0000000000000000      0x209 ./Generated_Code/BitIoLdd1.o
 .debug_macro   0x0000000000000000     0x1759 ./Generated_Code/BitIoLdd1.o
 .debug_macro   0x0000000000000000      0x14e ./Generated_Code/BitIoLdd1.o
 .debug_macro   0x0000000000000000       0x6a ./Generated_Code/BitIoLdd1.o
 .debug_macro   0x0000000000000000     0xde57 ./Generated_Code/BitIoLdd1.o
 .debug_macro   0x0000000000000000       0x94 ./Generated_Code/BitIoLdd1.o
 .debug_macro   0x0000000000000000      0x12c ./Generated_Code/BitIoLdd1.o
 .debug_macro   0x0000000000000000       0x46 ./Generated_Code/BitIoLdd1.o
 .group         0x0000000000000000        0x8 ./Generated_Code/Cpu.o
 .group         0x0000000000000000        0x8 ./Generated_Code/Cpu.o
 .group         0x0000000000000000        0x8 ./Generated_Code/Cpu.o
 .group         0x0000000000000000        0x8 ./Generated_Code/Cpu.o
 .group         0x0000000000000000        0x8 ./Generated_Code/Cpu.o
 .group         0x0000000000000000        0x8 ./Generated_Code/Cpu.o
 .group         0x0000000000000000        0x8 ./Generated_Code/Cpu.o
 .group         0x0000000000000000        0x8 ./Generated_Code/Cpu.o
 .group         0x0000000000000000        0x8 ./Generated_Code/Cpu.o
 .group         0x0000000000000000        0x8 ./Generated_Code/Cpu.o
 .group         0x0000000000000000        0x8 ./Generated_Code/Cpu.o
 .group         0x0000000000000000        0x8 ./Generated_Code/Cpu.o
 .group         0x0000000000000000        0x8 ./Generated_Code/Cpu.o
 .text          0x0000000000000000        0x0 ./Generated_Code/Cpu.o
 .data          0x0000000000000000        0x0 ./Generated_Code/Cpu.o
 .bss           0x0000000000000000        0x0 ./Generated_Code/Cpu.o
 .bss.SR_lock   0x0000000000000000        0x1 ./Generated_Code/Cpu.o
 .debug_macro   0x0000000000000000      0x850 ./Generated_Code/Cpu.o
 .debug_macro   0x0000000000000000       0x16 ./Generated_Code/Cpu.o
 .debug_macro   0x0000000000000000       0x44 ./Generated_Code/Cpu.o
 .debug_macro   0x0000000000000000      0x209 ./Generated_Code/Cpu.o
 .debug_macro   0x0000000000000000     0x1759 ./Generated_Code/Cpu.o
 .debug_macro   0x0000000000000000      0x14e ./Generated_Code/Cpu.o
 .debug_macro   0x0000000000000000       0x6a ./Generated_Code/Cpu.o
 .debug_macro   0x0000000000000000     0xde57 ./Generated_Code/Cpu.o
 .debug_macro   0x0000000000000000       0x94 ./Generated_Code/Cpu.o
 .debug_macro   0x0000000000000000      0x12c ./Generated_Code/Cpu.o
 .debug_macro   0x0000000000000000       0x9a ./Generated_Code/Cpu.o
 .debug_macro   0x0000000000000000       0x46 ./Generated_Code/Cpu.o
 .debug_macro   0x0000000000000000       0x26 ./Generated_Code/Cpu.o
 COMMON         0x0000000000000000        0x1 ./Generated_Code/Cpu.o
 .group         0x0000000000000000        0x8 ./Generated_Code/LED1.o
 .group         0x0000000000000000        0x8 ./Generated_Code/LED1.o
 .group         0x0000000000000000        0x8 ./Generated_Code/LED1.o
 .group         0x0000000000000000        0x8 ./Generated_Code/LED1.o
 .group         0x0000000000000000        0x8 ./Generated_Code/LED1.o
 .group         0x0000000000000000        0x8 ./Generated_Code/LED1.o
 .group         0x0000000000000000        0x8 ./Generated_Code/LED1.o
 .group         0x0000000000000000        0x8 ./Generated_Code/LED1.o
 .group         0x0000000000000000        0x8 ./Generated_Code/LED1.o
 .group         0x0000000000000000        0x8 ./Generated_Code/LED1.o
 .group         0x0000000000000000        0x8 ./Generated_Code/LED1.o
 .group         0x0000000000000000        0x8 ./Generated_Code/LED1.o
 .group         0x0000000000000000        0x8 ./Generated_Code/LED1.o
 .text          0x0000000000000000        0x0 ./Generated_Code/LED1.o
 .data          0x0000000000000000        0x0 ./Generated_Code/LED1.o
 .bss           0x0000000000000000        0x0 ./Generated_Code/LED1.o
 .debug_info    0x0000000000000000       0x7d ./Generated_Code/LED1.o
 .debug_abbrev  0x0000000000000000       0x29 ./Generated_Code/LED1.o
 .debug_aranges
                0x0000000000000000       0x18 ./Generated_Code/LED1.o
 .debug_macro   0x0000000000000000       0xb5 ./Generated_Code/LED1.o
 .debug_macro   0x0000000000000000      0x850 ./Generated_Code/LED1.o
 .debug_macro   0x0000000000000000       0x16 ./Generated_Code/LED1.o
 .debug_macro   0x0000000000000000       0x44 ./Generated_Code/LED1.o
 .debug_macro   0x0000000000000000      0x209 ./Generated_Code/LED1.o
 .debug_macro   0x0000000000000000     0x1759 ./Generated_Code/LED1.o
 .debug_macro   0x0000000000000000      0x14e ./Generated_Code/LED1.o
 .debug_macro   0x0000000000000000       0x6a ./Generated_Code/LED1.o
 .debug_macro   0x0000000000000000     0xde57 ./Generated_Code/LED1.o
 .debug_macro   0x0000000000000000       0x94 ./Generated_Code/LED1.o
 .debug_macro   0x0000000000000000      0x12c ./Generated_Code/LED1.o
 .debug_macro   0x0000000000000000       0x9a ./Generated_Code/LED1.o
 .debug_macro   0x0000000000000000       0x46 ./Generated_Code/LED1.o
 .debug_macro   0x0000000000000000       0x26 ./Generated_Code/LED1.o
 .debug_line    0x0000000000000000      0x29a ./Generated_Code/LED1.o
 .debug_str     0x0000000000000000    0x588f1 ./Generated_Code/LED1.o
 .comment       0x0000000000000000       0x71 ./Generated_Code/LED1.o
 .ARM.attributes
                0x0000000000000000       0x39 ./Generated_Code/LED1.o
 .group         0x0000000000000000        0x8 ./Generated_Code/PE_LDD.o
 .group         0x0000000000000000        0x8 ./Generated_Code/PE_LDD.o
 .group         0x0000000000000000        0x8 ./Generated_Code/PE_LDD.o
 .group         0x0000000000000000        0x8 ./Generated_Code/PE_LDD.o
 .group         0x0000000000000000        0x8 ./Generated_Code/PE_LDD.o
 .group         0x0000000000000000        0x8 ./Generated_Code/PE_LDD.o
 .group         0x0000000000000000        0x8 ./Generated_Code/PE_LDD.o
 .group         0x0000000000000000        0x8 ./Generated_Code/PE_LDD.o
 .group         0x0000000000000000        0x8 ./Generated_Code/PE_LDD.o
 .group         0x0000000000000000        0x8 ./Generated_Code/PE_LDD.o
 .group         0x0000000000000000        0x8 ./Generated_Code/PE_LDD.o
 .group         0x0000000000000000        0x8 ./Generated_Code/PE_LDD.o
 .group         0x0000000000000000        0x8 ./Generated_Code/PE_LDD.o
 .text          0x0000000000000000        0x0 ./Generated_Code/PE_LDD.o
 .data          0x0000000000000000        0x0 ./Generated_Code/PE_LDD.o
 .bss           0x0000000000000000        0x0 ./Generated_Code/PE_LDD.o
 .rodata.PE_CpuClockConfigurations
                0x0000000000000000       0x28 ./Generated_Code/PE_LDD.o
 .text.PE_FillMemory
                0x0000000000000000       0x24 ./Generated_Code/PE_LDD.o
 .text.PE_PeripheralUsed
                0x0000000000000000       0x30 ./Generated_Code/PE_LDD.o
 .text.LDD_SetClockConfiguration
                0x0000000000000000       0x14 ./Generated_Code/PE_LDD.o
 .debug_macro   0x0000000000000000      0x850 ./Generated_Code/PE_LDD.o
 .debug_macro   0x0000000000000000       0x16 ./Generated_Code/PE_LDD.o
 .debug_macro   0x0000000000000000       0x44 ./Generated_Code/PE_LDD.o
 .debug_macro   0x0000000000000000      0x209 ./Generated_Code/PE_LDD.o
 .debug_macro   0x0000000000000000     0x1759 ./Generated_Code/PE_LDD.o
 .debug_macro   0x0000000000000000      0x14e ./Generated_Code/PE_LDD.o
 .debug_macro   0x0000000000000000       0x6a ./Generated_Code/PE_LDD.o
 .debug_macro   0x0000000000000000     0xde57 ./Generated_Code/PE_LDD.o
 .debug_macro   0x0000000000000000       0x94 ./Generated_Code/PE_LDD.o
 .debug_macro   0x0000000000000000      0x12c ./Generated_Code/PE_LDD.o
 .debug_macro   0x0000000000000000       0x9a ./Generated_Code/PE_LDD.o
 .debug_macro   0x0000000000000000       0x46 ./Generated_Code/PE_LDD.o
 .debug_macro   0x0000000000000000       0x26 ./Generated_Code/PE_LDD.o
 .group         0x0000000000000000        0x8 ./Generated_Code/Vectors.o
 .group         0x0000000000000000        0x8 ./Generated_Code/Vectors.o
 .group         0x0000000000000000        0x8 ./Generated_Code/Vectors.o
 .group         0x0000000000000000        0x8 ./Generated_Code/Vectors.o
 .group         0x0000000000000000        0x8 ./Generated_Code/Vectors.o
 .group         0x0000000000000000        0x8 ./Generated_Code/Vectors.o
 .group         0x0000000000000000        0x8 ./Generated_Code/Vectors.o
 .group         0x0000000000000000        0x8 ./Generated_Code/Vectors.o
 .group         0x0000000000000000        0x8 ./Generated_Code/Vectors.o
 .group         0x0000000000000000        0x8 ./Generated_Code/Vectors.o
 .group         0x0000000000000000        0x8 ./Generated_Code/Vectors.o
 .group         0x0000000000000000        0x8 ./Generated_Code/Vectors.o
 .group         0x0000000000000000        0x8 ./Generated_Code/Vectors.o
 .text          0x0000000000000000        0x0 ./Generated_Code/Vectors.o
 .data          0x0000000000000000        0x0 ./Generated_Code/Vectors.o
 .bss           0x0000000000000000        0x0 ./Generated_Code/Vectors.o
 .debug_macro   0x0000000000000000      0x850 ./Generated_Code/Vectors.o
 .debug_macro   0x0000000000000000       0x16 ./Generated_Code/Vectors.o
 .debug_macro   0x0000000000000000       0x44 ./Generated_Code/Vectors.o
 .debug_macro   0x0000000000000000      0x209 ./Generated_Code/Vectors.o
 .debug_macro   0x0000000000000000     0x1759 ./Generated_Code/Vectors.o
 .debug_macro   0x0000000000000000      0x14e ./Generated_Code/Vectors.o
 .debug_macro   0x0000000000000000       0x6a ./Generated_Code/Vectors.o
 .debug_macro   0x0000000000000000     0xde57 ./Generated_Code/Vectors.o
 .debug_macro   0x0000000000000000       0x94 ./Generated_Code/Vectors.o
 .debug_macro   0x0000000000000000       0x94 ./Generated_Code/Vectors.o
 .debug_macro   0x0000000000000000      0x12c ./Generated_Code/Vectors.o
 .debug_macro   0x0000000000000000       0x46 ./Generated_Code/Vectors.o
 .debug_macro   0x0000000000000000       0x26 ./Generated_Code/Vectors.o
 .text          0x0000000000000000        0x0 /Applications/KDS_v3.app/Contents/toolchain/bin/../lib/gcc/arm-none-eabi/4.8.4/../../../../arm-none-eabi/lib/armv7e-m/fpu/libg_s.a(lib_a-exit.o)
 .data          0x0000000000000000        0x0 /Applications/KDS_v3.app/Contents/toolchain/bin/../lib/gcc/arm-none-eabi/4.8.4/../../../../arm-none-eabi/lib/armv7e-m/fpu/libg_s.a(lib_a-exit.o)
 .bss           0x0000000000000000        0x0 /Applications/KDS_v3.app/Contents/toolchain/bin/../lib/gcc/arm-none-eabi/4.8.4/../../../../arm-none-eabi/lib/armv7e-m/fpu/libg_s.a(lib_a-exit.o)
 .text          0x0000000000000000        0x0 /Applications/KDS_v3.app/Contents/toolchain/bin/../lib/gcc/arm-none-eabi/4.8.4/../../../../arm-none-eabi/lib/armv7e-m/fpu/libg_s.a(lib_a-impure.o)
 .data          0x0000000000000000        0x0 /Applications/KDS_v3.app/Contents/toolchain/bin/../lib/gcc/arm-none-eabi/4.8.4/../../../../arm-none-eabi/lib/armv7e-m/fpu/libg_s.a(lib_a-impure.o)
 .bss           0x0000000000000000        0x0 /Applications/KDS_v3.app/Contents/toolchain/bin/../lib/gcc/arm-none-eabi/4.8.4/../../../../arm-none-eabi/lib/armv7e-m/fpu/libg_s.a(lib_a-impure.o)
 .data._impure_ptr
                0x0000000000000000        0x4 /Applications/KDS_v3.app/Contents/toolchain/bin/../lib/gcc/arm-none-eabi/4.8.4/../../../../arm-none-eabi/lib/armv7e-m/fpu/libg_s.a(lib_a-impure.o)
 .text          0x0000000000000000        0x0 /Applications/KDS_v3.app/Contents/toolchain/bin/../lib/gcc/arm-none-eabi/4.8.4/../../../../arm-none-eabi/lib/armv7e-m/fpu/libg_s.a(lib_a-init.o)
 .data          0x0000000000000000        0x0 /Applications/KDS_v3.app/Contents/toolchain/bin/../lib/gcc/arm-none-eabi/4.8.4/../../../../arm-none-eabi/lib/armv7e-m/fpu/libg_s.a(lib_a-init.o)
 .bss           0x0000000000000000        0x0 /Applications/KDS_v3.app/Contents/toolchain/bin/../lib/gcc/arm-none-eabi/4.8.4/../../../../arm-none-eabi/lib/armv7e-m/fpu/libg_s.a(lib_a-init.o)
 .text          0x0000000000000000        0x0 /Applications/KDS_v3.app/Contents/toolchain/bin/../lib/gcc/arm-none-eabi/4.8.4/../../../../arm-none-eabi/lib/armv7e-m/fpu/libg_s.a(lib_a-memset.o)
 .data          0x0000000000000000        0x0 /Applications/KDS_v3.app/Contents/toolchain/bin/../lib/gcc/arm-none-eabi/4.8.4/../../../../arm-none-eabi/lib/armv7e-m/fpu/libg_s.a(lib_a-memset.o)
 .bss           0x0000000000000000        0x0 /Applications/KDS_v3.app/Contents/toolchain/bin/../lib/gcc/arm-none-eabi/4.8.4/../../../../arm-none-eabi/lib/armv7e-m/fpu/libg_s.a(lib_a-memset.o)
 .text          0x0000000000000000        0x0 /Applications/KDS_v3.app/Contents/toolchain/bin/../lib/gcc/arm-none-eabi/4.8.4/../../../../arm-none-eabi/lib/armv7e-m/fpu/libnosys.a(_exit.o)
 .data          0x0000000000000000        0x0 /Applications/KDS_v3.app/Contents/toolchain/bin/../lib/gcc/arm-none-eabi/4.8.4/../../../../arm-none-eabi/lib/armv7e-m/fpu/libnosys.a(_exit.o)
 .bss           0x0000000000000000        0x0 /Applications/KDS_v3.app/Contents/toolchain/bin/../lib/gcc/arm-none-eabi/4.8.4/../../../../arm-none-eabi/lib/armv7e-m/fpu/libnosys.a(_exit.o)
 .text          0x0000000000000000        0x0 /Applications/KDS_v3.app/Contents/toolchain/bin/../lib/gcc/arm-none-eabi/4.8.4/armv7e-m/fpu/crtend.o
 .data          0x0000000000000000        0x0 /Applications/KDS_v3.app/Contents/toolchain/bin/../lib/gcc/arm-none-eabi/4.8.4/armv7e-m/fpu/crtend.o
 .bss           0x0000000000000000        0x0 /Applications/KDS_v3.app/Contents/toolchain/bin/../lib/gcc/arm-none-eabi/4.8.4/armv7e-m/fpu/crtend.o
 .eh_frame      0x0000000000000000        0x4 /Applications/KDS_v3.app/Contents/toolchain/bin/../lib/gcc/arm-none-eabi/4.8.4/armv7e-m/fpu/crtend.o
 .jcr           0x0000000000000000        0x4 /Applications/KDS_v3.app/Contents/toolchain/bin/../lib/gcc/arm-none-eabi/4.8.4/armv7e-m/fpu/crtend.o
 .ARM.attributes
                0x0000000000000000       0x34 /Applications/KDS_v3.app/Contents/toolchain/bin/../lib/gcc/arm-none-eabi/4.8.4/armv7e-m/fpu/crtend.o
 .text          0x0000000000000000        0x0 /Applications/KDS_v3.app/Contents/toolchain/bin/../lib/gcc/arm-none-eabi/4.8.4/armv7e-m/fpu/crtn.o
 .data          0x0000000000000000        0x0 /Applications/KDS_v3.app/Contents/toolchain/bin/../lib/gcc/arm-none-eabi/4.8.4/armv7e-m/fpu/crtn.o
 .bss           0x0000000000000000        0x0 /Applications/KDS_v3.app/Contents/toolchain/bin/../lib/gcc/arm-none-eabi/4.8.4/armv7e-m/fpu/crtn.o

Memory Configuration

Name             Origin             Length             Attributes
m_interrupts     0x0000000000000000 0x0000000000000188 xr
m_text           0x0000000000000410 0x000000000007fbf0 xr
m_data           0x000000001fff8000 0x0000000000008000 rw
m_data_20000000  0x0000000020000000 0x0000000000008000 rw
m_cfmprotrom     0x0000000000000400 0x0000000000000010 xr
*default*        0x0000000000000000 0xffffffffffffffff

Linker script and memory map

LOAD /Applications/KDS_v3.app/Contents/toolchain/bin/../lib/gcc/arm-none-eabi/4.8.4/armv7e-m/fpu/crti.o
LOAD /Applications/KDS_v3.app/Contents/toolchain/bin/../lib/gcc/arm-none-eabi/4.8.4/armv7e-m/fpu/crtbegin.o
LOAD /Applications/KDS_v3.app/Contents/toolchain/bin/../lib/gcc/arm-none-eabi/4.8.4/../../../../arm-none-eabi/lib/armv7e-m/fpu/crt0.o
LOAD ./Sources/Events.o
LOAD ./Sources/main.o
LOAD ./Project_Settings/Startup_Code/startup.o
LOAD ./Generated_Code/BitIoLdd1.o
LOAD ./Generated_Code/Cpu.o
LOAD ./Generated_Code/LED1.o
LOAD ./Generated_Code/PE_LDD.o
LOAD ./Generated_Code/Vectors.o
LOAD /Applications/KDS_v3.app/Contents/toolchain/bin/../lib/gcc/arm-none-eabi/4.8.4/../../../../arm-none-eabi/lib/armv7e-m/fpu/libstdc++_s.a
LOAD /Applications/KDS_v3.app/Contents/toolchain/bin/../lib/gcc/arm-none-eabi/4.8.4/../../../../arm-none-eabi/lib/armv7e-m/fpu/libm.a
START GROUP
LOAD /Applications/KDS_v3.app/Contents/toolchain/bin/../lib/gcc/arm-none-eabi/4.8.4/armv7e-m/fpu/libgcc.a
LOAD /Applications/KDS_v3.app/Contents/toolchain/bin/../lib/gcc/arm-none-eabi/4.8.4/../../../../arm-none-eabi/lib/armv7e-m/fpu/libg_s.a
LOAD /Applications/KDS_v3.app/Contents/toolchain/bin/../lib/gcc/arm-none-eabi/4.8.4/../../../../arm-none-eabi/lib/armv7e-m/fpu/libc_s.a
END GROUP
START GROUP
LOAD /Applications/KDS_v3.app/Contents/toolchain/bin/../lib/gcc/arm-none-eabi/4.8.4/armv7e-m/fpu/libgcc.a
LOAD /Applications/KDS_v3.app/Contents/toolchain/bin/../lib/gcc/arm-none-eabi/4.8.4/../../../../arm-none-eabi/lib/armv7e-m/fpu/libc_s.a
LOAD /Applications/KDS_v3.app/Contents/toolchain/bin/../lib/gcc/arm-none-eabi/4.8.4/../../../../arm-none-eabi/lib/armv7e-m/fpu/libnosys.a
END GROUP
START GROUP
LOAD /Applications/KDS_v3.app/Contents/toolchain/bin/../lib/gcc/arm-none-eabi/4.8.4/armv7e-m/fpu/libgcc.a
LOAD /Applications/KDS_v3.app/Contents/toolchain/bin/../lib/gcc/arm-none-eabi/4.8.4/../../../../arm-none-eabi/lib/armv7e-m/fpu/libc_s.a
LOAD /Applications/KDS_v3.app/Contents/toolchain/bin/../lib/gcc/arm-none-eabi/4.8.4/../../../../arm-none-eabi/lib/armv7e-m/fpu/libnosys.a
END GROUP
LOAD /Applications/KDS_v3.app/Contents/toolchain/bin/../lib/gcc/arm-none-eabi/4.8.4/armv7e-m/fpu/crtend.o
LOAD /Applications/KDS_v3.app/Contents/toolchain/bin/../lib/gcc/arm-none-eabi/4.8.4/armv7e-m/fpu/crtn.o
                0x0000000020000000                _estack = 0x20000000
                0x0000000020000000                __SP_INIT = _estack
                0x0000000020000000                __stack = _estack
                0x0000000000000000                __heap_size = 0x0
                0x0000000000000400                __stack_size = 0x400

.interrupts     0x0000000000000000      0x188
                0x0000000000000000                __vector_table = .
                0x0000000000000000                . = ALIGN (0x4)
 *(.vectortable)
 .vectortable   0x0000000000000000      0x188 ./Generated_Code/Vectors.o
                0x0000000000000000                __vect_table
                0x0000000000000188                . = ALIGN (0x4)

.cfmprotect     0x0000000000000400       0x10
                0x0000000000000400                . = ALIGN (0x4)
 *(.cfmconfig)
 .cfmconfig     0x0000000000000400       0x10 ./Generated_Code/Cpu.o
                0x0000000000000400                _cfm
                0x0000000000000410                . = ALIGN (0x4)

.text           0x0000000000000410      0x698
                0x0000000000000410                . = ALIGN (0x4)
 *(.text)
 .text          0x0000000000000410       0x54 /Applications/KDS_v3.app/Contents/toolchain/bin/../lib/gcc/arm-none-eabi/4.8.4/armv7e-m/fpu/crtbegin.o
 .text          0x0000000000000464       0x74 /Applications/KDS_v3.app/Contents/toolchain/bin/../lib/gcc/arm-none-eabi/4.8.4/../../../../arm-none-eabi/lib/armv7e-m/fpu/crt0.o
                0x0000000000000464                _mainCRTStartup
                0x0000000000000464                _start
 *(.text*)
 .text.Cpu_OnNMIINT
                0x00000000000004d8        0xc ./Sources/Events.o
                0x00000000000004d8                Cpu_OnNMIINT
 .text.main     0x00000000000004e4       0x5c ./Sources/main.o
                0x00000000000004e4                main
 .text.__copy_rom_section
                0x0000000000000540       0xe4 ./Project_Settings/Startup_Code/startup.o
                0x0000000000000540                __copy_rom_section
 .text.__copy_rom_sections_to_ram
                0x0000000000000624       0x9c ./Project_Settings/Startup_Code/startup.o
                0x0000000000000624                __copy_rom_sections_to_ram
 .text.__init_registers
                0x00000000000006c0       0x20 ./Project_Settings/Startup_Code/startup.o
                0x00000000000006c0                __init_registers
 .text.__init_user
                0x00000000000006e0        0xc ./Project_Settings/Startup_Code/startup.o
                0x00000000000006e0                __init_user
 .text.__thumb_startup
                0x00000000000006ec       0x34 ./Project_Settings/Startup_Code/startup.o
                0x00000000000006ec                __thumb_startup
 .text.BitIoLdd1_Init
                0x0000000000000720       0x64 ./Generated_Code/BitIoLdd1.o
                0x0000000000000720                BitIoLdd1_Init
 .text.BitIoLdd1_SetDir
                0x0000000000000784       0x3c ./Generated_Code/BitIoLdd1.o
                0x0000000000000784                BitIoLdd1_SetDir
 .text.Cpu_INT_NMIInterrupt
                0x00000000000007c0       0x1c ./Generated_Code/Cpu.o
                0x00000000000007c0                Cpu_INT_NMIInterrupt
 .text.Cpu_Interrupt
                0x00000000000007dc       0x18 ./Generated_Code/Cpu.o
                0x00000000000007dc                Cpu_Interrupt
 .text.__init_hardware
                0x00000000000007f4      0x11c ./Generated_Code/Cpu.o
                0x00000000000007f4                __init_hardware
 .text.Cpu_SetBASEPRI
                0x0000000000000910       0x18 ./Generated_Code/Cpu.o
                0x0000000000000910                Cpu_SetBASEPRI
 .text.PE_low_level_init
                0x0000000000000928       0xd8 ./Generated_Code/Cpu.o
                0x0000000000000928                PE_low_level_init
 .text.exit     0x0000000000000a00       0x28 /Applications/KDS_v3.app/Contents/toolchain/bin/../lib/gcc/arm-none-eabi/4.8.4/../../../../arm-none-eabi/lib/armv7e-m/fpu/libg_s.a(lib_a-exit.o)
                0x0000000000000a00                exit
 .text.__libc_init_array
                0x0000000000000a28       0x4c /Applications/KDS_v3.app/Contents/toolchain/bin/../lib/gcc/arm-none-eabi/4.8.4/../../../../arm-none-eabi/lib/armv7e-m/fpu/libg_s.a(lib_a-init.o)
                0x0000000000000a28                __libc_init_array
 .text.memset   0x0000000000000a74       0x10 /Applications/KDS_v3.app/Contents/toolchain/bin/../lib/gcc/arm-none-eabi/4.8.4/../../../../arm-none-eabi/lib/armv7e-m/fpu/libg_s.a(lib_a-memset.o)
                0x0000000000000a74                memset
 .text._exit    0x0000000000000a84        0x4 /Applications/KDS_v3.app/Contents/toolchain/bin/../lib/gcc/arm-none-eabi/4.8.4/../../../../arm-none-eabi/lib/armv7e-m/fpu/libnosys.a(_exit.o)
                0x0000000000000a84                _exit
 *(.rodata)
 *(.rodata*)
 .rodata.str1.1
                0x0000000000000a88        0x2 /Applications/KDS_v3.app/Contents/toolchain/bin/../lib/gcc/arm-none-eabi/4.8.4/../../../../arm-none-eabi/lib/armv7e-m/fpu/libg_s.a(lib_a-impure.o)
 *fill*         0x0000000000000a8a        0x2 
 .rodata._global_impure_ptr
                0x0000000000000a8c        0x4 /Applications/KDS_v3.app/Contents/toolchain/bin/../lib/gcc/arm-none-eabi/4.8.4/../../../../arm-none-eabi/lib/armv7e-m/fpu/libg_s.a(lib_a-impure.o)
                0x0000000000000a8c                _global_impure_ptr
 *(.glue_7)
 .glue_7        0x0000000000000000        0x0 linker stubs
 *(.glue_7t)
 .glue_7t       0x0000000000000000        0x0 linker stubs
 *(.eh_frame)
 .eh_frame      0x0000000000000a90        0x0 /Applications/KDS_v3.app/Contents/toolchain/bin/../lib/gcc/arm-none-eabi/4.8.4/armv7e-m/fpu/crtbegin.o
 *(.init)
 .init          0x0000000000000a90        0x4 /Applications/KDS_v3.app/Contents/toolchain/bin/../lib/gcc/arm-none-eabi/4.8.4/armv7e-m/fpu/crti.o
                0x0000000000000a90                _init
 .init          0x0000000000000a94        0x8 /Applications/KDS_v3.app/Contents/toolchain/bin/../lib/gcc/arm-none-eabi/4.8.4/armv7e-m/fpu/crtn.o
 *(.fini)
 .fini          0x0000000000000a9c        0x4 /Applications/KDS_v3.app/Contents/toolchain/bin/../lib/gcc/arm-none-eabi/4.8.4/armv7e-m/fpu/crti.o
                0x0000000000000a9c                _fini
 .fini          0x0000000000000aa0        0x8 /Applications/KDS_v3.app/Contents/toolchain/bin/../lib/gcc/arm-none-eabi/4.8.4/armv7e-m/fpu/crtn.o
                0x0000000000000aa8                . = ALIGN (0x4)
                0x0000000000000aa8                _etext = .

.vfp11_veneer   0x0000000000000aa8        0x0
 .vfp11_veneer  0x0000000000000000        0x0 linker stubs

.v4_bx          0x0000000000000aa8        0x0
 .v4_bx         0x0000000000000000        0x0 linker stubs

.iplt           0x0000000000000aa8        0x0
 .iplt          0x0000000000000000        0x0 /Applications/KDS_v3.app/Contents/toolchain/bin/../lib/gcc/arm-none-eabi/4.8.4/armv7e-m/fpu/crtbegin.o

.ARM.extab
 *(.ARM.extab* .gnu.linkonce.armextab.*)

.ARM            0x0000000000000aa8        0x8
                0x0000000000000aa8                __exidx_start = .
 *(.ARM.exidx*)
 .ARM.exidx     0x0000000000000aa8        0x8 /Applications/KDS_v3.app/Contents/toolchain/bin/../lib/gcc/arm-none-eabi/4.8.4/../../../../arm-none-eabi/lib/armv7e-m/fpu/crt0.o
                0x0000000000000ab0                __exidx_end = .

.rel.dyn        0x0000000000000ab0        0x0
 .rel.iplt      0x0000000000000000        0x0 /Applications/KDS_v3.app/Contents/toolchain/bin/../lib/gcc/arm-none-eabi/4.8.4/armv7e-m/fpu/crtbegin.o

.ctors          0x0000000000000ab0        0x0
                0x0000000000000ab0                __CTOR_LIST__ = .
 *crtbegin.o(.ctors)
 *(EXCLUDE_FILE(*crtend.o) .ctors)
 *(SORT(.ctors.*))
 *(.ctors)
                0x0000000000000ab0                __CTOR_END__ = .

.dtors          0x0000000000000ab0        0x0
                0x0000000000000ab0                __DTOR_LIST__ = .
 *crtbegin.o(.dtors)
 *(EXCLUDE_FILE(*crtend.o) .dtors)
 *(SORT(.dtors.*))
 *(.dtors)
                0x0000000000000ab0                __DTOR_END__ = .

.preinit_array  0x0000000000000ab0        0x0
                0x0000000000000ab0                PROVIDE (__preinit_array_start, .)
 *(.preinit_array*)
                0x0000000000000ab0                PROVIDE (__preinit_array_end, .)

.init_array     0x0000000000000ab0        0x4
                0x0000000000000ab0                PROVIDE (__init_array_start, .)
 *(SORT(.init_array.*))
 *(.init_array*)
 .init_array    0x0000000000000ab0        0x4 /Applications/KDS_v3.app/Contents/toolchain/bin/../lib/gcc/arm-none-eabi/4.8.4/armv7e-m/fpu/crtbegin.o
                0x0000000000000ab4                PROVIDE (__init_array_end, .)

.fini_array     0x0000000000000ab4        0x4
                0x0000000000000ab4                PROVIDE (__fini_array_start, .)
 *(SORT(.fini_array.*))
 *(.fini_array*)
 .fini_array    0x0000000000000ab4        0x4 /Applications/KDS_v3.app/Contents/toolchain/bin/../lib/gcc/arm-none-eabi/4.8.4/armv7e-m/fpu/crtbegin.o
                0x0000000000000ab8                PROVIDE (__fini_array_end, .)
                0x0000000000000ab8                ___ROM_AT = .

.data           0x000000001fff8000       0x60 load address 0x0000000000000ab8
                0x000000001fff8000                . = ALIGN (0x4)
                0x000000001fff8000                _sdata = .
 *(.data)
 *(.data*)
 .data.impure_data
                0x000000001fff8000       0x60 /Applications/KDS_v3.app/Contents/toolchain/bin/../lib/gcc/arm-none-eabi/4.8.4/../../../../arm-none-eabi/lib/armv7e-m/fpu/libg_s.a(lib_a-impure.o)
                0x000000001fff8060                . = ALIGN (0x4)
                0x000000001fff8060                _edata = .
                0x0000000000000060                ___data_size = (_edata - _sdata)
                0x0000000000000b18                ___m_data_20000000_ROMStart = (___ROM_AT + SIZEOF (.data))

.jcr            0x000000001fff8060        0x0 load address 0x0000000000000b18
 .jcr           0x000000001fff8060        0x0 /Applications/KDS_v3.app/Contents/toolchain/bin/../lib/gcc/arm-none-eabi/4.8.4/armv7e-m/fpu/crtbegin.o

.igot.plt       0x000000001fff8060        0x0 load address 0x0000000000000b18
 .igot.plt      0x0000000000000000        0x0 /Applications/KDS_v3.app/Contents/toolchain/bin/../lib/gcc/arm-none-eabi/4.8.4/armv7e-m/fpu/crtbegin.o

.m_data_20000000
                0x0000000020000000        0x0 load address 0x0000000000000b18
                0x0000000020000000                . = ALIGN (0x4)
                0x0000000020000000                ___m_data_20000000_RAMStart = .
 *(.m_data_20000000)
                0x0000000020000000                ___m_data_20000000_RAMEnd = .
                0x0000000020000000                . = ALIGN (0x4)
                0x0000000000000000                ___m_data_20000000_ROMSize = (___m_data_20000000_RAMEnd - ___m_data_20000000_RAMStart)
                0x0000000020000000                . = ALIGN (0x4)

.bss            0x000000001fff8060       0x24 load address 0x0000000000000b18
                0x000000001fff8060                __START_BSS = .
                0x000000001fff8060                PROVIDE (__bss_start__, __START_BSS)
 *(.bss)
 .bss           0x000000001fff8060       0x1c /Applications/KDS_v3.app/Contents/toolchain/bin/../lib/gcc/arm-none-eabi/4.8.4/armv7e-m/fpu/crtbegin.o
 *(.bss*)
 .bss.DeviceDataPrv__DEFAULT_RTOS_ALLOC
                0x000000001fff807c        0x4 ./Generated_Code/BitIoLdd1.o
 .bss.PE_LDD_DeviceDataList
                0x000000001fff8080        0x4 ./Generated_Code/PE_LDD.o
                0x000000001fff8080                PE_LDD_DeviceDataList
 *(COMMON)
                0x000000001fff8084                . = ALIGN (0x4)
                0x000000001fff8084                __END_BSS = .
                0x000000001fff8084                PROVIDE (__bss_end__, __END_BSS)
                0x0000000000000b18                _romp_at = ((___ROM_AT + SIZEOF (.data)) + SIZEOF (.m_data_20000000))

.romp           0x000000001fff8084       0x24 load address 0x0000000000000b18
                0x0000000000000b18                __S_romp = _romp_at
                0x000000001fff8084        0x4 LONG 0xab8 ___ROM_AT
                0x000000001fff8088        0x4 LONG 0x1fff8000 _sdata
                0x000000001fff808c        0x4 LONG 0x60 ___data_size
                0x000000001fff8090        0x4 LONG 0xb18 ___m_data_20000000_ROMStart
                0x000000001fff8094        0x4 LONG 0x20000000 ___m_data_20000000_RAMStart
                0x000000001fff8098        0x4 LONG 0x0 ___m_data_20000000_ROMSize
                0x000000001fff809c        0x4 LONG 0x0
                0x000000001fff80a0        0x4 LONG 0x0
                0x000000001fff80a4        0x4 LONG 0x0
                0x0000000000080000                text_end = (ORIGIN (m_text) + 0x7fbf0)
                0x0000000000000b3c                data_init_end = ((___m_data_20000000_ROMStart + SIZEOF (.m_data_20000000)) + SIZEOF (.romp))
                0x0000000000000001                ASSERT ((data_init_end <= text_end), region m_text overflowed with text and data)

._user_heap_stack
                0x000000001fff80a8      0x400 load address 0x0000000000000b3c
                0x000000001fff80a8                . = ALIGN (0x4)
                0x000000001fff80a8                PROVIDE (end, .)
                0x000000001fff80a8                PROVIDE (_end, .)
                0x000000001fff80a8                PROVIDE (__end__, .)
                0x000000001fff80a8                __heap_addr = .
                0x000000001fff80a8                __HeapBase = .
                0x000000001fff80a8                . = (. + __heap_size)
                0x000000001fff80a8                __HeapLimit = .
                0x000000001fff84a8                . = (. + __stack_size)
 *fill*         0x000000001fff80a8      0x400 
                0x000000001fff84a8                . = ALIGN (0x4)

.ARM.attributes
                0x0000000000000000       0x30
 *(.ARM.attributes)
 .ARM.attributes
                0x0000000000000000       0x22 /Applications/KDS_v3.app/Contents/toolchain/bin/../lib/gcc/arm-none-eabi/4.8.4/armv7e-m/fpu/crti.o
 .ARM.attributes
                0x0000000000000022       0x34 /Applications/KDS_v3.app/Contents/toolchain/bin/../lib/gcc/arm-none-eabi/4.8.4/armv7e-m/fpu/crtbegin.o
 .ARM.attributes
                0x0000000000000056       0x20 /Applications/KDS_v3.app/Contents/toolchain/bin/../lib/gcc/arm-none-eabi/4.8.4/../../../../arm-none-eabi/lib/armv7e-m/fpu/crt0.o
 .ARM.attributes
                0x0000000000000076       0x39 ./Sources/Events.o
 .ARM.attributes
                0x00000000000000af       0x39 ./Sources/main.o
 .ARM.attributes
                0x00000000000000e8       0x39 ./Project_Settings/Startup_Code/startup.o
 .ARM.attributes
                0x0000000000000121       0x39 ./Generated_Code/BitIoLdd1.o
 .ARM.attributes
                0x000000000000015a       0x39 ./Generated_Code/Cpu.o
 .ARM.attributes
                0x0000000000000193       0x39 ./Generated_Code/PE_LDD.o
 .ARM.attributes
                0x00000000000001cc       0x39 ./Generated_Code/Vectors.o
 .ARM.attributes
                0x0000000000000205       0x34 /Applications/KDS_v3.app/Contents/toolchain/bin/../lib/gcc/arm-none-eabi/4.8.4/../../../../arm-none-eabi/lib/armv7e-m/fpu/libg_s.a(lib_a-exit.o)
 .ARM.attributes
                0x0000000000000239       0x34 /Applications/KDS_v3.app/Contents/toolchain/bin/../lib/gcc/arm-none-eabi/4.8.4/../../../../arm-none-eabi/lib/armv7e-m/fpu/libg_s.a(lib_a-impure.o)
 .ARM.attributes
                0x000000000000026d       0x34 /Applications/KDS_v3.app/Contents/toolchain/bin/../lib/gcc/arm-none-eabi/4.8.4/../../../../arm-none-eabi/lib/armv7e-m/fpu/libg_s.a(lib_a-init.o)
 .ARM.attributes
                0x00000000000002a1       0x34 /Applications/KDS_v3.app/Contents/toolchain/bin/../lib/gcc/arm-none-eabi/4.8.4/../../../../arm-none-eabi/lib/armv7e-m/fpu/libg_s.a(lib_a-memset.o)
 .ARM.attributes
                0x00000000000002d5       0x34 /Applications/KDS_v3.app/Contents/toolchain/bin/../lib/gcc/arm-none-eabi/4.8.4/../../../../arm-none-eabi/lib/armv7e-m/fpu/libnosys.a(_exit.o)
 .ARM.attributes
                0x0000000000000309       0x22 /Applications/KDS_v3.app/Contents/toolchain/bin/../lib/gcc/arm-none-eabi/4.8.4/armv7e-m/fpu/crtn.o
OUTPUT(Killme_Project.elf elf32-littlearm)

.debug_info     0x0000000000000000     0x16c9
 .debug_info    0x0000000000000000       0x96 ./Sources/Events.o
 .debug_info    0x0000000000000096       0xda ./Sources/main.o
 .debug_info    0x0000000000000170      0x3b0 ./Project_Settings/Startup_Code/startup.o
 .debug_info    0x0000000000000520      0x343 ./Generated_Code/BitIoLdd1.o
 .debug_info    0x0000000000000863      0xb06 ./Generated_Code/Cpu.o
 .debug_info    0x0000000000001369      0x251 ./Generated_Code/PE_LDD.o
 .debug_info    0x00000000000015ba      0x10f ./Generated_Code/Vectors.o

.debug_abbrev   0x0000000000000000      0x6ee
 .debug_abbrev  0x0000000000000000       0x45 ./Sources/Events.o
 .debug_abbrev  0x0000000000000045       0x8b ./Sources/main.o
 .debug_abbrev  0x00000000000000d0      0x189 ./Project_Settings/Startup_Code/startup.o
 .debug_abbrev  0x0000000000000259      0x15f ./Generated_Code/BitIoLdd1.o
 .debug_abbrev  0x00000000000003b8      0x185 ./Generated_Code/Cpu.o
 .debug_abbrev  0x000000000000053d      0x10d ./Generated_Code/PE_LDD.o
 .debug_abbrev  0x000000000000064a       0xa4 ./Generated_Code/Vectors.o

.debug_aranges  0x0000000000000000      0x160
 .debug_aranges
                0x0000000000000000       0x20 ./Sources/Events.o
 .debug_aranges
                0x0000000000000020       0x20 ./Sources/main.o
 .debug_aranges
                0x0000000000000040       0x50 ./Project_Settings/Startup_Code/startup.o
 .debug_aranges
                0x0000000000000090       0x48 ./Generated_Code/BitIoLdd1.o
 .debug_aranges
                0x00000000000000d8       0x40 ./Generated_Code/Cpu.o
 .debug_aranges
                0x0000000000000118       0x30 ./Generated_Code/PE_LDD.o
 .debug_aranges
                0x0000000000000148       0x18 ./Generated_Code/Vectors.o

.debug_ranges   0x0000000000000000       0xe8
 .debug_ranges  0x0000000000000000       0x10 ./Sources/Events.o
 .debug_ranges  0x0000000000000010       0x10 ./Sources/main.o
 .debug_ranges  0x0000000000000020       0x40 ./Project_Settings/Startup_Code/startup.o
 .debug_ranges  0x0000000000000060       0x38 ./Generated_Code/BitIoLdd1.o
 .debug_ranges  0x0000000000000098       0x30 ./Generated_Code/Cpu.o
 .debug_ranges  0x00000000000000c8       0x20 ./Generated_Code/PE_LDD.o

.debug_macro    0x0000000000000000    0x1f403
 .debug_macro   0x0000000000000000       0xdd ./Sources/Events.o
 .debug_macro   0x00000000000000dd      0x850 ./Sources/Events.o
 .debug_macro   0x000000000000092d       0x16 ./Sources/Events.o
 .debug_macro   0x0000000000000943       0x44 ./Sources/Events.o
 .debug_macro   0x0000000000000987      0x209 ./Sources/Events.o
 .debug_macro   0x0000000000000b90     0x1759 ./Sources/Events.o
 .debug_macro   0x00000000000022e9      0x14e ./Sources/Events.o
 .debug_macro   0x0000000000002437       0x6a ./Sources/Events.o
 .debug_macro   0x00000000000024a1     0xde57 ./Sources/Events.o
 .debug_macro   0x00000000000102f8       0x94 ./Sources/Events.o
 .debug_macro   0x000000000001038c       0x94 ./Sources/Events.o
 .debug_macro   0x0000000000010420      0x12c ./Sources/Events.o
 .debug_macro   0x000000000001054c       0x46 ./Sources/Events.o
 .debug_macro   0x0000000000010592       0x26 ./Sources/Events.o
 .debug_macro   0x00000000000105b8       0xdd ./Sources/main.o
 .debug_macro   0x0000000000010695      0x121 ./Project_Settings/Startup_Code/startup.o
 .debug_macro   0x00000000000107b6       0x58 ./Project_Settings/Startup_Code/startup.o
 .debug_macro   0x000000000001080e       0x35 ./Project_Settings/Startup_Code/startup.o
 .debug_macro   0x0000000000010843       0xa3 ./Project_Settings/Startup_Code/startup.o
 .debug_macro   0x00000000000108e6      0x166 ./Project_Settings/Startup_Code/startup.o
 .debug_macro   0x0000000000010a4c       0x4a ./Project_Settings/Startup_Code/startup.o
 .debug_macro   0x0000000000010a96       0x52 ./Project_Settings/Startup_Code/startup.o
 .debug_macro   0x0000000000010ae8       0x16 ./Project_Settings/Startup_Code/startup.o
 .debug_macro   0x0000000000010afe       0x43 ./Project_Settings/Startup_Code/startup.o
 .debug_macro   0x0000000000010b41      0x180 ./Project_Settings/Startup_Code/startup.o
 .debug_macro   0x0000000000010cc1      0x2a6 ./Project_Settings/Startup_Code/startup.o
 .debug_macro   0x0000000000010f67       0x10 ./Project_Settings/Startup_Code/startup.o
 .debug_macro   0x0000000000010f77       0x35 ./Project_Settings/Startup_Code/startup.o
 .debug_macro   0x0000000000010fac       0x16 ./Project_Settings/Startup_Code/startup.o
 .debug_macro   0x0000000000010fc2       0x22 ./Project_Settings/Startup_Code/startup.o
 .debug_macro   0x0000000000010fe4       0x10 ./Project_Settings/Startup_Code/startup.o
 .debug_macro   0x0000000000010ff4      0x20f ./Project_Settings/Startup_Code/startup.o
 .debug_macro   0x0000000000011203     0xde4b ./Project_Settings/Startup_Code/startup.o
 .debug_macro   0x000000000001f04e       0xa6 ./Generated_Code/BitIoLdd1.o
 .debug_macro   0x000000000001f0f4       0x9a ./Generated_Code/BitIoLdd1.o
 .debug_macro   0x000000000001f18e       0xd9 ./Generated_Code/Cpu.o
 .debug_macro   0x000000000001f267       0xbf ./Generated_Code/PE_LDD.o
 .debug_macro   0x000000000001f326       0xdd ./Generated_Code/Vectors.o

.debug_line     0x0000000000000000     0x175a
 .debug_line    0x0000000000000000      0x2f0 ./Sources/Events.o
 .debug_line    0x00000000000002f0      0x2f9 ./Sources/main.o
 .debug_line    0x00000000000005e9      0x417 ./Project_Settings/Startup_Code/startup.o
 .debug_line    0x0000000000000a00      0x30e ./Generated_Code/BitIoLdd1.o
 .debug_line    0x0000000000000d0e      0x3f3 ./Generated_Code/Cpu.o
 .debug_line    0x0000000000001101      0x2ea ./Generated_Code/PE_LDD.o
 .debug_line    0x00000000000013eb      0x36f ./Generated_Code/Vectors.o

.debug_str      0x0000000000000000    0x5b4b1
 .debug_str     0x0000000000000000    0x587bb ./Sources/Events.o
                                      0x58905 (size before relaxing)
 .debug_str     0x00000000000587bb       0x3d ./Sources/main.o
                                      0x58921 (size before relaxing)
 .debug_str     0x00000000000587f8     0x269e ./Project_Settings/Startup_Code/startup.o
                                      0x52a0d (size before relaxing)
 .debug_str     0x000000000005ae96      0x16e ./Generated_Code/BitIoLdd1.o
                                      0x5897a (size before relaxing)
 .debug_str     0x000000000005b004      0x313 ./Generated_Code/Cpu.o
                                      0x58cf5 (size before relaxing)
 .debug_str     0x000000000005b317      0x17e ./Generated_Code/PE_LDD.o
                                      0x58aba (size before relaxing)
 .debug_str     0x000000000005b495       0x1c ./Generated_Code/Vectors.o
                                      0x5894d (size before relaxing)

.comment        0x0000000000000000       0x70
 .comment       0x0000000000000000       0x70 ./Sources/Events.o
                                         0x71 (size before relaxing)
 .comment       0x0000000000000000       0x71 ./Sources/main.o
 .comment       0x0000000000000000       0x71 ./Project_Settings/Startup_Code/startup.o
 .comment       0x0000000000000000       0x71 ./Generated_Code/BitIoLdd1.o
 .comment       0x0000000000000000       0x71 ./Generated_Code/Cpu.o
 .comment       0x0000000000000000       0x71 ./Generated_Code/PE_LDD.o
 .comment       0x0000000000000000       0x71 ./Generated_Code/Vectors.o

.debug_frame    0x0000000000000000      0x36c
 .debug_frame   0x0000000000000000       0x28 ./Sources/Events.o
 .debug_frame   0x0000000000000028       0x30 ./Sources/main.o
 .debug_frame   0x0000000000000058       0xc0 ./Project_Settings/Startup_Code/startup.o
 .debug_frame   0x0000000000000118       0xb8 ./Generated_Code/BitIoLdd1.o
 .debug_frame   0x00000000000001d0       0xa4 ./Generated_Code/Cpu.o
 .debug_frame   0x0000000000000274       0x64 ./Generated_Code/PE_LDD.o
 .debug_frame   0x00000000000002d8       0x28 /Applications/KDS_v3.app/Contents/toolchain/bin/../lib/gcc/arm-none-eabi/4.8.4/../../../../arm-none-eabi/lib/armv7e-m/fpu/libg_s.a(lib_a-exit.o)
 .debug_frame   0x0000000000000300       0x2c /Applications/KDS_v3.app/Contents/toolchain/bin/../lib/gcc/arm-none-eabi/4.8.4/../../../../arm-none-eabi/lib/armv7e-m/fpu/libg_s.a(lib_a-init.o)
 .debug_frame   0x000000000000032c       0x20 /Applications/KDS_v3.app/Contents/toolchain/bin/../lib/gcc/arm-none-eabi/4.8.4/../../../../arm-none-eabi/lib/armv7e-m/fpu/libg_s.a(lib_a-memset.o)
 .debug_frame   0x000000000000034c       0x20 /Applications/KDS_v3.app/Contents/toolchain/bin/../lib/gcc/arm-none-eabi/4.8.4/../../../../arm-none-eabi/lib/armv7e-m/fpu/libnosys.a(_exit.o)
