Archive member included to satisfy reference by file (symbol)

d:/program files (x86)/truestudio for arm 7.1.0/armtools/bin/../lib/gcc/arm-atollic-eabi/5.3.1/../../../../arm-atollic-eabi/lib/armv7e-m/fpu\libc_nano.a(lib_a-init.o)
                              Project_Settings\Startup_Code\startup.o (__libc_init_array)
d:/program files (x86)/truestudio for arm 7.1.0/armtools/bin/../lib/gcc/arm-atollic-eabi/5.3.1/../../../../arm-atollic-eabi/lib/armv7e-m/fpu\libc_nano.a(lib_a-memcmp.o)
                              Generated_Code\SEGGER_SYSVIEW_FreeRTOS.o (memcmp)
d:/program files (x86)/truestudio for arm 7.1.0/armtools/bin/../lib/gcc/arm-atollic-eabi/5.3.1/../../../../arm-atollic-eabi/lib/armv7e-m/fpu\libc_nano.a(lib_a-memcpy-stub.o)
                              Generated_Code\SEGGER_RTT.o (memcpy)
d:/program files (x86)/truestudio for arm 7.1.0/armtools/bin/../lib/gcc/arm-atollic-eabi/5.3.1/../../../../arm-atollic-eabi/lib/armv7e-m/fpu\libc_nano.a(lib_a-memset.o)
                              Generated_Code\SEGGER_SYSVIEW_FreeRTOS.o (memset)
d:/program files (x86)/truestudio for arm 7.1.0/armtools/bin/../lib/gcc/arm-atollic-eabi/5.3.1/../../../../arm-atollic-eabi/lib/armv7e-m/fpu\libc_nano.a(lib_a-strchr.o)
                              Generated_Code\UTIL1.o (strchr)
d:/program files (x86)/truestudio for arm 7.1.0/armtools/bin/../lib/gcc/arm-atollic-eabi/5.3.1/../../../../arm-atollic-eabi/lib/armv7e-m/fpu\libc_nano.a(lib_a-strcmp.o)
                              Generated_Code\CLS1.o (strcmp)
d:/program files (x86)/truestudio for arm 7.1.0/armtools/bin/../lib/gcc/arm-atollic-eabi/5.3.1/../../../../arm-atollic-eabi/lib/armv7e-m/fpu\libc_nano.a(lib_a-strlen.o)
                              Generated_Code\CLS1.o (strlen)
d:/program files (x86)/truestudio for arm 7.1.0/armtools/bin/../lib/gcc/arm-atollic-eabi/5.3.1/../../../../arm-atollic-eabi/lib/armv7e-m/fpu\libc_nano.a(lib_a-strncmp.o)
                              Generated_Code\UTIL1.o (strncmp)

Allocating common symbols
Common symbol       size              file

RTT1_DefaultShellBuffer
                    0x30              Generated_Code\RTT1.o
CLS1_DefaultShellBuffer
                    0x30              Generated_Code\CLS1.o
xQueueRegistry      0x50              Generated_Code\queue.o
PageInfo            0x10              Generated_Code\trcStreamingRecorder.o
SR_reg              0x1               Static_Code\System\CPU_Init.o
LedQueue            0x4               Sources\main.o
_SEGGER_RTT         0xd8              Generated_Code\SEGGER_RTT.o
trcWarningChannel   0x4               Generated_Code\trcKernelPort.o

Memory Configuration

Name             Origin             Length             Attributes
m_interrupts     0x00000000         0x00000198         xr
m_text           0x00000410         0x000ffbf0         xr
m_data_1FFF0000  0x1fff0000         0x00010000         rw
m_data           0x20000000         0x00030000         rw
m_cfmprotrom     0x00000400         0x00000010         xr
*default*        0x00000000         0xffffffff

Linker script and memory map

LOAD d:/program files (x86)/truestudio for arm 7.1.0/armtools/bin/../lib/gcc/arm-atollic-eabi/5.3.1/armv7e-m/fpu/crti.o
LOAD d:/program files (x86)/truestudio for arm 7.1.0/armtools/bin/../lib/gcc/arm-atollic-eabi/5.3.1/armv7e-m/fpu/crtbegin.o
LOAD Generated_Code\BitIoLdd1.o
LOAD Generated_Code\BitIoLdd2.o
LOAD Generated_Code\BitIoLdd3.o
LOAD Generated_Code\CLS1.o
LOAD Generated_Code\CS1.o
LOAD Generated_Code\Cpu.o
LOAD Generated_Code\FRTOS1.o
LOAD Generated_Code\LED_Blue.o
LOAD Generated_Code\LED_Green.o
LOAD Generated_Code\LED_Red.o
LOAD Generated_Code\LEDpin1.o
LOAD Generated_Code\LEDpin2.o
LOAD Generated_Code\LEDpin3.o
LOAD Generated_Code\MCUC1.o
LOAD Generated_Code\PE_LDD.o
LOAD Generated_Code\PTRC1.o
LOAD Generated_Code\Pins1.o
LOAD Generated_Code\RTT1.o
LOAD Generated_Code\RTT_Syscalls_GCC.o
LOAD Generated_Code\SEGGER_RTT.o
LOAD Generated_Code\SEGGER_RTT_printf.o
LOAD Generated_Code\SEGGER_SYSVIEW.o
LOAD Generated_Code\SEGGER_SYSVIEW_Config.o
LOAD Generated_Code\SEGGER_SYSVIEW_FreeRTOS.o
LOAD Generated_Code\SYS1.o
LOAD Generated_Code\UTIL1.o
LOAD Generated_Code\WAIT1.o
LOAD Generated_Code\XF1.o
LOAD Generated_Code\croutine.o
LOAD Generated_Code\event_groups.o
LOAD Generated_Code\heap_1.o
LOAD Generated_Code\heap_2.o
LOAD Generated_Code\heap_3.o
LOAD Generated_Code\heap_4.o
LOAD Generated_Code\heap_5.o
LOAD Generated_Code\list.o
LOAD Generated_Code\port.o
LOAD Generated_Code\portasm.o
LOAD Generated_Code\queue.o
LOAD Generated_Code\tasks.o
LOAD Generated_Code\timers.o
LOAD Generated_Code\trcKernelPort.o
LOAD Generated_Code\trcSnapshotRecorder.o
LOAD Generated_Code\trcStreamingRecorder.o
LOAD Project_Settings\Startup_Code\startup.o
LOAD Sources\Events.o
LOAD Sources\main.o
LOAD Static_Code\System\CPU_Init.o
LOAD Static_Code\System\Peripherals_Init.o
LOAD Static_Code\System\Vectors.o
START GROUP
LOAD d:/program files (x86)/truestudio for arm 7.1.0/armtools/bin/../lib/gcc/arm-atollic-eabi/5.3.1/../../../../arm-atollic-eabi/lib/armv7e-m/fpu\libstdc++_nano.a
LOAD d:/program files (x86)/truestudio for arm 7.1.0/armtools/bin/../lib/gcc/arm-atollic-eabi/5.3.1/../../../../arm-atollic-eabi/lib/armv7e-m/fpu\libsupc++_nano.a
END GROUP
                0x00001000                malloc_getpagesize_P = 0x1000
LOAD d:/program files (x86)/truestudio for arm 7.1.0/armtools/bin/../lib/gcc/arm-atollic-eabi/5.3.1/../../../../arm-atollic-eabi/lib/armv7e-m/fpu\libstdc++_nano.a
LOAD d:/program files (x86)/truestudio for arm 7.1.0/armtools/bin/../lib/gcc/arm-atollic-eabi/5.3.1/../../../../arm-atollic-eabi/lib/armv7e-m/fpu\libm.a
LOAD d:/program files (x86)/truestudio for arm 7.1.0/armtools/bin/../lib/gcc/arm-atollic-eabi/5.3.1/../../../../arm-atollic-eabi/lib/armv7e-m/fpu\libc_nano.a
START GROUP
LOAD d:/program files (x86)/truestudio for arm 7.1.0/armtools/bin/../lib/gcc/arm-atollic-eabi/5.3.1/armv7e-m/fpu\libgcc.a
LOAD d:/program files (x86)/truestudio for arm 7.1.0/armtools/bin/../lib/gcc/arm-atollic-eabi/5.3.1/../../../../arm-atollic-eabi/lib/armv7e-m/fpu\libc_nano.a
END GROUP
START GROUP
LOAD d:/program files (x86)/truestudio for arm 7.1.0/armtools/bin/../lib/gcc/arm-atollic-eabi/5.3.1/armv7e-m/fpu\libgcc.a
LOAD d:/program files (x86)/truestudio for arm 7.1.0/armtools/bin/../lib/gcc/arm-atollic-eabi/5.3.1/../../../../arm-atollic-eabi/lib/armv7e-m/fpu\libc_nano.a
LOAD d:/program files (x86)/truestudio for arm 7.1.0/armtools/bin/../lib/gcc/arm-atollic-eabi/5.3.1/../../../../arm-atollic-eabi/lib/armv7e-m/fpu\libnosys.a
END GROUP
START GROUP
LOAD d:/program files (x86)/truestudio for arm 7.1.0/armtools/bin/../lib/gcc/arm-atollic-eabi/5.3.1/armv7e-m/fpu\libgcc.a
LOAD d:/program files (x86)/truestudio for arm 7.1.0/armtools/bin/../lib/gcc/arm-atollic-eabi/5.3.1/../../../../arm-atollic-eabi/lib/armv7e-m/fpu\libc_nano.a
LOAD d:/program files (x86)/truestudio for arm 7.1.0/armtools/bin/../lib/gcc/arm-atollic-eabi/5.3.1/../../../../arm-atollic-eabi/lib/armv7e-m/fpu\libnosys.a
END GROUP
LOAD d:/program files (x86)/truestudio for arm 7.1.0/armtools/bin/../lib/gcc/arm-atollic-eabi/5.3.1/armv7e-m/fpu/crtend.o
LOAD d:/program files (x86)/truestudio for arm 7.1.0/armtools/bin/../lib/gcc/arm-atollic-eabi/5.3.1/armv7e-m/fpu/crtn.o
                0x20030000                _estack = 0x20030000
                0x20030000                __SP_INIT = _estack
                0x00000000                __heap_size = 0x0
                0x00000400                __stack_size = 0x400

.interrupts     0x00000000      0x198
                0x00000000                __vector_table = .
                0x00000000                . = ALIGN (0x4)
 *(.vectortable)
 .vectortable   0x00000000      0x198 Static_Code\System\Vectors.o
                0x00000000                __vect_table
                0x00000198                . = ALIGN (0x4)

.cfmprotect     0x00000400        0x0
                0x00000400                . = ALIGN (0x4)
 *(.cfmconfig)
                0x00000400                . = ALIGN (0x4)

.text           0x00000410    0x102a4
                0x00000410                . = ALIGN (0x4)
 *(.text)
 .text          0x00000410        0x0 d:/program files (x86)/truestudio for arm 7.1.0/armtools/bin/../lib/gcc/arm-atollic-eabi/5.3.1/armv7e-m/fpu/crti.o
 .text          0x00000410       0x40 d:/program files (x86)/truestudio for arm 7.1.0/armtools/bin/../lib/gcc/arm-atollic-eabi/5.3.1/armv7e-m/fpu/crtbegin.o
 .text          0x00000450      0x110 Generated_Code\BitIoLdd1.o
                0x00000450                BitIoLdd1_Init
                0x000004d0                BitIoLdd1_GetVal
                0x00000500                BitIoLdd1_ClrVal
                0x00000520                BitIoLdd1_SetVal
                0x00000540                BitIoLdd1_NegVal
 .text          0x00000560      0x110 Generated_Code\BitIoLdd2.o
                0x00000560                BitIoLdd2_Init
                0x000005e0                BitIoLdd2_GetVal
                0x00000610                BitIoLdd2_ClrVal
                0x00000630                BitIoLdd2_SetVal
                0x00000650                BitIoLdd2_NegVal
 .text          0x00000670      0x110 Generated_Code\BitIoLdd3.o
                0x00000670                BitIoLdd3_Init
                0x000006f0                BitIoLdd3_GetVal
                0x00000720                BitIoLdd3_ClrVal
                0x00000740                BitIoLdd3_SetVal
                0x00000760                BitIoLdd3_NegVal
 .text          0x00000780      0x898 Generated_Code\CLS1.o
                0x00000780                CLS1_SendCh
                0x0000079c                CLS1_SendStr
                0x000007c8                CLS1_SendNum32s
                0x000007f4                CLS1_SendNum32u
                0x00000820                CLS1_SendNum16s
                0x00000850                CLS1_SendNum16u
                0x00000880                CLS1_SendNum8u
                0x000008b0                CLS1_SendNum8s
                0x000008e0                CLS1_ParseCommand
                0x000009e4                CLS1_PrintPrompt
                0x00000a04                CLS1_IsHistoryCharacter
                0x00000a28                CLS1_ReadLine
                0x00000af4                CLS1_PrintStatus
                0x00000b60                CLS1_PrintCommandFailed
                0x00000bd0                CLS1_IterateTable
                0x00000c24                CLS1_ParseWithCommandTable
                0x00000cb0                CLS1_SetStdio
                0x00000cd0                CLS1_GetStdio
                0x00000ce8                CLS1_ReadAndParseWithCommandTable
                0x00000dbc                CLS1_RequestSerial
                0x00000dcc                CLS1_ReleaseSerial
                0x00000ddc                CLS1_GetSemaphore
                0x00000e58                CLS1_SendHelpStr
                0x00000e7c                CLS1_SendStatusStr
                0x00000ea0                CLS1_ReadChar
                0x00000ec8                CLS1_SendChar
                0x00000f0c                CLS1_KeyPressed
                0x00000f30                CLS1_Init
                0x00000f40                CLS1_Deinit
                0x00000f50                CLS1_SendData
                0x00000f84                CLS1_printfPutChar
                0x00000fa4                CLS1_printfIO
                0x00000fdc                CLS1_printf
 .text          0x00001018        0x0 Generated_Code\CS1.o
 .text          0x00001018       0x54 Generated_Code\Cpu.o
                0x00001018                Components_Init
                0x00001050                Cpu_INT_NMIInterrupt
 .text          0x0000106c       0x30 Generated_Code\FRTOS1.o
                0x0000106c                FRTOS1_Init
                0x0000107c                FRTOS1_Deinit
                0x0000108c                FRTOS1_AppGetRuntimeCounterValueFromISR
 .text          0x0000109c       0x60 Generated_Code\LED_Blue.o
                0x0000109c                LED_Blue_Init
                0x000010b4                LED_Blue_Deinit
                0x000010c4                LED_Blue_SetRatio16
 .text          0x000010fc       0x60 Generated_Code\LED_Green.o
                0x000010fc                LED_Green_Init
                0x00001114                LED_Green_Deinit
                0x00001124                LED_Green_SetRatio16
 .text          0x0000115c       0x60 Generated_Code\LED_Red.o
                0x0000115c                LED_Red_Init
                0x00001174                LED_Red_Deinit
                0x00001184                LED_Red_SetRatio16
 .text          0x000011bc        0x0 Generated_Code\LEDpin1.o
 .text          0x000011bc        0x0 Generated_Code\LEDpin2.o
 .text          0x000011bc        0x0 Generated_Code\LEDpin3.o
 .text          0x000011bc        0x0 Generated_Code\MCUC1.o
 .text          0x000011bc       0x78 Generated_Code\PE_LDD.o
                0x000011bc                PE_FillMemory
                0x000011e4                PE_PeripheralUsed
                0x0000121c                LDD_SetClockConfiguration
 .text          0x00001234       0x30 Generated_Code\PTRC1.o
                0x00001234                PTRC1_vGetGDBDumpCommand
                0x00001254                PTRC1_Startup
 .text          0x00001264        0x0 Generated_Code\Pins1.o
 .text          0x00001264      0x118 Generated_Code\RTT1.o
                0x00001264                RTT1_StdIOKeyPressed
                0x0000127c                RTT1_StdIOReadChar
                0x000012ac                RTT1_StdIOSendChar
                0x000012f0                RTT1_RecvChar
                0x0000131c                RTT1_SendChar
                0x0000134c                RTT1_Deinit
                0x0000135c                RTT1_Init
                0x00001368                RTT1_GetStdio
 .text          0x0000137c       0x24 Generated_Code\RTT_Syscalls_GCC.o
                0x0000137c                _write
 .text          0x000013a0      0xe0c Generated_Code\SEGGER_RTT.o
                0x000015fc                SEGGER_RTT_ReadNoLock
                0x000016f0                SEGGER_RTT_Read
                0x00001728                SEGGER_RTT_WriteWithOverwriteNoLock
                0x00001854                SEGGER_RTT_WriteSkipNoLock
                0x00001990                SEGGER_RTT_WriteNoLock
                0x00001a2c                SEGGER_RTT_Write
                0x00001a74                SEGGER_RTT_WriteString
                0x00001a9c                SEGGER_RTT_GetKey
                0x00001ad0                SEGGER_RTT_WaitKey
                0x00001aec                SEGGER_RTT_HasKey
                0x00001b2c                SEGGER_RTT_HasData
                0x00001b64                SEGGER_RTT_AllocDownBuffer
                0x00001c58                SEGGER_RTT_AllocUpBuffer
                0x00001d50                SEGGER_RTT_ConfigUpBuffer
                0x00001e24                SEGGER_RTT_ConfigDownBuffer
                0x00001ef8                SEGGER_RTT_SetNameUpBuffer
                0x00001f5c                SEGGER_RTT_SetNameDownBuffer
                0x00001fc0                SEGGER_RTT_Init
                0x00001fd8                SEGGER_RTT_SetTerminal
                0x0000208c                SEGGER_RTT_TerminalOut
 .text          0x000021ac      0x6f0 Generated_Code\SEGGER_RTT_printf.o
                0x000024d0                SEGGER_RTT_vprintf
                0x0000286c                SEGGER_RTT_printf
 .text          0x0000289c     0x31c8 Generated_Code\SEGGER_SYSVIEW.o
                0x00003510                SEGGER_SYSVIEW_Init
                0x0000358c                SEGGER_SYSVIEW_SetRAMBase
                0x000035ac                SEGGER_SYSVIEW_RecordVoid
                0x000035e8                SEGGER_SYSVIEW_RecordU32
                0x00003660                SEGGER_SYSVIEW_RecordU32x2
                0x00003714                SEGGER_SYSVIEW_RecordU32x3
                0x00003800                SEGGER_SYSVIEW_RecordU32x4
                0x00003924                SEGGER_SYSVIEW_RecordU32x5
                0x00003a80                SEGGER_SYSVIEW_RecordU32x6
                0x00003c14                SEGGER_SYSVIEW_RecordU32x7
                0x00003de0                SEGGER_SYSVIEW_RecordU32x8
                0x00003fe4                SEGGER_SYSVIEW_RecordU32x9
                0x00004224                SEGGER_SYSVIEW_RecordU32x10
                0x000044a4                SEGGER_SYSVIEW_RecordString
                0x000044ec                SEGGER_SYSVIEW_Start
                0x00004664                SEGGER_SYSVIEW_Stop
                0x000046b0                SEGGER_SYSVIEW_GetSysDesc
                0x000047e4                SEGGER_SYSVIEW_SendTaskInfo
                0x000049b0                SEGGER_SYSVIEW_SendTaskList
                0x000049d8                SEGGER_SYSVIEW_SendSysDesc
                0x00004a20                SEGGER_SYSVIEW_RecordSystime
                0x00004a78                SEGGER_SYSVIEW_RecordEnterISR
                0x00004afc                SEGGER_SYSVIEW_RecordExitISR
                0x00004b34                SEGGER_SYSVIEW_RecordExitISRToScheduler
                0x00004b6c                SEGGER_SYSVIEW_RecordEnterTimer
                0x00004bf0                SEGGER_SYSVIEW_RecordExitTimer
                0x00004c28                SEGGER_SYSVIEW_RecordEndCall
                0x00004ca0                SEGGER_SYSVIEW_RecordEndCallU32
                0x00004d50                SEGGER_SYSVIEW_OnIdle
                0x00004d88                SEGGER_SYSVIEW_OnTaskCreate
                0x00004e10                SEGGER_SYSVIEW_OnTaskTerminate
                0x00004e98                SEGGER_SYSVIEW_OnTaskStartExec
                0x00004f20                SEGGER_SYSVIEW_OnTaskStopExec
                0x00004f58                SEGGER_SYSVIEW_OnTaskStartReady
                0x00004fe0                SEGGER_SYSVIEW_OnTaskStopReady
                0x000050a0                SEGGER_SYSVIEW_OnUserStart
                0x00005118                SEGGER_SYSVIEW_OnUserStop
                0x00005190                SEGGER_SYSVIEW_NameResource
                0x00005220                SEGGER_SYSVIEW_SendPacket
                0x00005258                SEGGER_SYSVIEW_EncodeU32
                0x000052a8                SEGGER_SYSVIEW_EncodeString
                0x000052c8                SEGGER_SYSVIEW_EncodeData
                0x000052e8                SEGGER_SYSVIEW_EncodeId
                0x00005348                SEGGER_SYSVIEW_ShrinkId
                0x0000536c                SEGGER_SYSVIEW_RegisterModule
                0x000053fc                SEGGER_SYSVIEW_RecordModuleDescription
                0x000054f0                SEGGER_SYSVIEW_SendModule
                0x000055f0                SEGGER_SYSVIEW_SendModuleDescription
                0x0000562c                SEGGER_SYSVIEW_SendNumModules
                0x000056a8                SEGGER_SYSVIEW_PrintfHostEx
                0x000056d4                SEGGER_SYSVIEW_PrintfHost
                0x000056fc                SEGGER_SYSVIEW_WarnfHost
                0x00005724                SEGGER_SYSVIEW_ErrorfHost
                0x0000574c                SEGGER_SYSVIEW_PrintfTargetEx
                0x00005778                SEGGER_SYSVIEW_PrintfTarget
                0x000057a0                SEGGER_SYSVIEW_WarnfTarget
                0x000057c8                SEGGER_SYSVIEW_ErrorfTarget
                0x000057f0                SEGGER_SYSVIEW_Print
                0x000058a8                SEGGER_SYSVIEW_Warn
                0x00005960                SEGGER_SYSVIEW_Error
                0x00005a18                SEGGER_SYSVIEW_EnableEvents
                0x00005a40                SEGGER_SYSVIEW_DisableEvents
 .text          0x00005a64       0x64 Generated_Code\SEGGER_SYSVIEW_Config.o
                0x00005a64                SEGGER_uxGetTickCounterValue
                0x00005aa0                SEGGER_SYSVIEW_Conf
 .text          0x00005ac8      0x3f0 Generated_Code\SEGGER_SYSVIEW_FreeRTOS.o
                0x00005c10                SYSVIEW_AddTask
                0x00005ce0                SYSVIEW_UpdateTask
                0x00005dc0                SYSVIEW_SendTaskInfo
                0x00005e04                SYSVIEW_RecordU32x4
                0x00005e58                SYSVIEW_RecordU32x5
 .text          0x00005eb8        0xc Generated_Code\SYS1.o
                0x00005eb8                SYS1_Init
 .text          0x00005ec4     0x1e68 Generated_Code\UTIL1.o
                0x00005ec4                UTIL1_strcpy
                0x00005f10                UTIL1_strcat
                0x00005f78                UTIL1_chcat
                0x00005fcc                UTIL1_Num8uToStr
                0x00005ff0                UTIL1_Num8sToStr
                0x00006018                UTIL1_Num16uToStr
                0x00006104                UTIL1_Num16sToStr
                0x000062f4                UTIL1_Num16sToStrFormatted
                0x0000632c                UTIL1_Num16uToStrFormatted
                0x00006364                UTIL1_Num32uToStrFormatted
                0x00006390                UTIL1_Num32sToStrFormatted
                0x000063bc                UTIL1_strcatNum8u
                0x000063f0                UTIL1_strcatNum8s
                0x00006424                UTIL1_strcatNum16u
                0x00006458                UTIL1_strcatNum16s
                0x0000648c                UTIL1_strcatNum16uFormatted
                0x000064d0                UTIL1_strcatNum16sFormatted
                0x00006514                UTIL1_strcatNum32uFormatted
                0x00006550                UTIL1_strcatNum32sFormatted
                0x0000658c                UTIL1_strcatNum8Hex
                0x000065ec                UTIL1_strcatNum16Hex
                0x0000665c                UTIL1_strcatNum24Hex
                0x000066cc                UTIL1_strcatNum32Hex
                0x0000673c                UTIL1_strcatNum32s
                0x0000676c                UTIL1_strcatNum32u
                0x0000679c                UTIL1_Num32sToStr
                0x000068cc                UTIL1_Num32uToStr
                0x000069b4                UTIL1_IsLeapYear
                0x00006a14                UTIL1_WeekDay
                0x00006ad8                UTIL1_ReadEscapedName
                0x00006c1c                UTIL1_xatoi
                0x00006d80                UTIL1_ScanDate
                0x00006e78                UTIL1_ScanTime
                0x00006fd0                UTIL1_ScanDecimal8uNumber
                0x00007064                UTIL1_ScanDecimal8sNumber
                0x000070ec                UTIL1_ScanDecimal16uNumber
                0x00007184                UTIL1_ScanDecimal16sNumber
                0x0000720c                UTIL1_ScanDecimal32uNumber
                0x000072a0                UTIL1_ScanDecimal32sNumber
                0x00007324                UTIL1_ScanDecimal32sDotNumber
                0x000074f0                UTIL1_ScanHex32uNumber
                0x00007574                UTIL1_ScanHex16uNumber
                0x000075fc                UTIL1_ScanHex8uNumber
                0x00007684                UTIL1_ScanHex8uNumberNoPrefix
                0x00007708                UTIL1_strtailcmp
                0x00007768                UTIL1_strCutTail
                0x000077ac                UTIL1_strcatNum32sDotValue100
                0x0000782c                UTIL1_strFind
                0x00007888                UTIL1_ScanSeparatedNumbers
                0x00007940                UTIL1_ScanDoubleQuotedString
                0x000079dc                UTIL1_strcatPad
                0x00007a94                UTIL1_NumFloatToStr
                0x00007b94                UTIL1_strcatNumFloat
                0x00007bd0                UTIL1_GetValue16LE
                0x00007bfc                UTIL1_GetValue24LE
                0x00007c28                UTIL1_GetValue32LE
                0x00007c60                UTIL1_SetValue16LE
                0x00007c90                UTIL1_SetValue24LE
                0x00007cc8                UTIL1_SetValue32LE
                0x00007d0c                UTIL1_Deinit
                0x00007d1c                UTIL1_Init
 .text          0x00007d2c       0xd0 Generated_Code\WAIT1.o
                0x00007d2c                WAIT1_Wait10Cycles
                0x00007d38                WAIT1_Wait100Cycles
                0x00007d60                WAIT1_WaitCycles
                0x00007d98                WAIT1_WaitLongCycles
                0x00007dd0                WAIT1_Waitms
 .text          0x00007dfc      0x710 Generated_Code\XF1.o
                0x00007dfc                XF1_xformat
                0x00007f98                XF1_xvformat
                0x000084e0                XF1_xsprintf
 .text          0x0000850c        0x0 Generated_Code\croutine.o
 .text          0x0000850c      0x5b8 Generated_Code\event_groups.o
                0x0000850c                xEventGroupCreate
                0x0000854c                xEventGroupSync
                0x00008694                xEventGroupWaitBits
                0x00008810                xEventGroupClearBits
                0x00008874                xEventGroupGetBitsFromISR
                0x000088a8                xEventGroupSetBits
                0x000089b4                vEventGroupDelete
                0x00008a1c                vEventGroupSetBitsCallback
                0x00008a38                vEventGroupClearBitsCallback
                0x00008a98                uxEventGroupGetNumber
 .text          0x00008ac4        0x0 Generated_Code\heap_1.o
 .text          0x00008ac4        0x0 Generated_Code\heap_2.o
 .text          0x00008ac4        0x0 Generated_Code\heap_3.o
 .text          0x00008ac4      0x3f8 Generated_Code\heap_4.o
                0x00008ac4                pvPortMalloc
                0x00008c48                vPortFree
                0x00008cfc                xPortGetFreeHeapSize
                0x00008d14                xPortGetMinimumEverFreeHeapSize
                0x00008d2c                vPortInitialiseBlocks
 .text          0x00008ebc        0x0 Generated_Code\heap_5.o
 .text          0x00008ebc      0x16c Generated_Code\list.o
                0x00008ebc                vListInitialise
                0x00008efc                vListInitialiseItem
                0x00008f18                vListInsertEnd
                0x00008f60                vListInsert
                0x00008fd4                uxListRemove
 .text          0x00009028      0x3e4 Generated_Code\port.o
                0x00009028                prvTaskExitError
                0x00009050                pxPortInitialiseStack
                0x000090b0                vPortInitTickTimer
                0x000090f8                vPortStartTickTimer
                0x00009110                vPortStopTickTimer
                0x00009128                vPortEnableVFP
                0x00009144                xPortStartScheduler
                0x00009208                vPortEndScheduler
                0x00009214                vPortEnterCritical
                0x00009260                vPortExitCritical
                0x0000928c                vPortYieldFromISR
                0x000092b0                uxGetTickCounterValue
                0x000092d0                vPortTickHandler
                0x000092f8                vPortStartFirstTask
                0x00009328                vPortSVCHandler
                0x00009348                vPortPendSVHandler
                0x0000939c                vPortValidateInterruptPriority
 .text          0x0000940c        0x0 Generated_Code\portasm.o
 .text          0x0000940c     0x1738 Generated_Code\queue.o
                0x0000940c                xQueueGenericReset
                0x000094c0                xQueueGenericCreate
                0x00009604                xQueueCreateMutex
                0x00009634                xQueueGetMutexHolder
                0x00009664                xQueueGetMutexHolderFromISR
                0x000096a0                xQueueGiveMutexRecursive
                0x00009710                xQueueTakeMutexRecursive
                0x00009790                xQueueCreateCountingSemaphore
                0x000097f4                xQueueGenericSend
                0x00009b24                xQueueGenericSendFromISR
                0x00009cc0                xQueueGiveFromISR
                0x00009ce0                MyWrapper
                0x00009e68                xQueueGenericReceive
                0x0000a244                xQueueReceiveFromISR
                0x0000a384                xQueuePeekFromISR
                0x0000a420                uxQueueMessagesWaiting
                0x0000a450                uxQueueSpacesAvailable
                0x0000a48c                uxQueueMessagesWaitingFromISR
                0x0000a4b8                vQueueDelete
                0x0000a560                uxQueueGetQueueNumber
                0x0000a578                vQueueSetQueueNumber
                0x0000a594                ucQueueGetQueueType
                0x0000a7bc                xQueueIsQueueEmptyFromISR
                0x0000a824                xQueueIsQueueFullFromISR
                0x0000a860                vQueueAddToRegistry
                0x0000a8b0                pcQueueGetName
                0x0000a8fc                vQueueUnregisterQueue
                0x0000a950                xQueueCreateSet
                0x0000a970                xQueueAddToSet
                0x0000a9b4                xQueueRemoveFromSet
                0x0000a9fc                xQueueSelectFromSet
                0x0000aa24                xQueueSelectFromSetFromISR
 .text          0x0000ab44     0x224c Generated_Code\tasks.o
                0x0000ab44                xTaskCreate
                0x0000ade4                vTaskDelayUntil
                0x0000aeb4                vTaskDelay
                0x0000af08                eTaskGetState
                0x0000af98                uxTaskPriorityGet
                0x0000afcc                uxTaskPriorityGetFromISR
                0x0000b010                vTaskPrioritySet
                0x0000b158                vTaskSuspend
                0x0000b288                vTaskResume
                0x0000b33c                xTaskResumeFromISR
                0x0000b414                vTaskStartScheduler
                0x0000b48c                vTaskSuspendAll
                0x0000b4a8                xTaskResumeAll
                0x0000b5d0                xTaskGetTickCount
                0x0000b5f4                xTaskGetTickCountFromISR
                0x0000b628                uxTaskGetNumberOfTasks
                0x0000b640                pcTaskGetName
                0x0000b748                xTaskGetHandle
                0x0000b7f4                uxTaskGetSystemState
                0x0000b8e8                xTaskGetIdleTaskHandle
                0x0000b910                xTaskIncrementTick
                0x0000bad0                vTaskSwitchContext
                0x0000bbc0                vTaskPlaceOnEventList
                0x0000bbfc                vTaskPlaceOnUnorderedEventList
                0x0000bc5c                xTaskRemoveFromEventList
                0x0000bd20                vTaskRemoveFromUnorderedEventList
                0x0000bdd8                vTaskSetTimeOutState
                0x0000be14                xTaskCheckForTimeOut
                0x0000bebc                vTaskMissedYield
                0x0000bed4                uxTaskGetTaskNumber
                0x0000bf00                vTaskSetTaskNumber
                0x0000bfd0                vTaskGetInfo
                0x0000c168                uxTaskGetStackHighWaterMark
                0x0000c1ec                xTaskGetCurrentTaskHandle
                0x0000c20c                xTaskGetSchedulerState
                0x0000c248                vTaskPriorityInherit
                0x0000c320                xTaskPriorityDisinherit
                0x0000c3fc                vTaskList
                0x0000c570                uxTaskResetEventItemValue
                0x0000c5a0                pvTaskIncrementMutexHeldCount
                0x0000c5c8                ulTaskNotifyTake
                0x0000c684                xTaskNotifyWait
                0x0000c764                xTaskGenericNotify
                0x0000c898                xTaskGenericNotifyFromISR
                0x0000ca10                vTaskNotifyGiveFromISR
                0x0000cb20                xTaskNotifyStateClear
                0x0000ccb8                xGetTaskHandles
                0x0000cd40                vTaskGetStackInfo
 .text          0x0000cd90        0x0 Generated_Code\timers.o
 .text          0x0000cd90      0x2f8 Generated_Code\trcKernelPort.o
                0x0000cd90                vTraceEnable
                0x0000ce94                prvTraceOnBegin
                0x0000cea4                prvTraceOnEnd
                0x0000ceb4                vTraceSetQueueName
                0x0000ced0                vTraceSetSemaphoreName
                0x0000ceec                vTraceSetMutexName
                0x0000cf08                prvTraceGetCurrentTaskHandle
                0x0000cf18                prvIsNewTCB
 .text          0x0000d088        0x0 Generated_Code\trcSnapshotRecorder.o
 .text          0x0000d088     0x1544 Generated_Code\trcStreamingRecorder.o
                0x0000d088                vTraceInstanceFinishedNow
                0x0000d098                vTraceInstanceFinishedNext
                0x0000d0a8                xTraceRegisterString
                0x0000d0d0                vTraceStoreKernelObjectName
                0x0000d0f8                vTraceSetFrequency
                0x0000d118                vTracePrint
                0x0000d158                vTracePrintF
                0x0000d1f8                xTraceSetISRProperties
                0x0000d230                vTraceStoreISRBegin
                0x0000d2c4                vTraceStoreISREnd
                0x0000d368                xTraceGetLastError
                0x0000d410                vTraceClearError
                0x0000d450                vTraceStop
                0x0000d7b8                prvTraceStoreEvent0
                0x0000d844                prvTraceStoreEvent1
                0x0000d8dc                prvTraceStoreEvent2
                0x0000d97c                prvTraceStoreEvent3
                0x0000da24                prvTraceStoreEvent
                0x0000dafc                prvTraceStoreStringEvent
                0x0000dcf8                prvTraceSaveSymbol
                0x0000de08                prvTraceDeleteSymbol
                0x0000decc                prvTraceSaveObjectData
                0x0000df7c                prvTraceDeleteObjectData
                0x0000e040                prvIsValidCommand
                0x0000e0c4                prvProcessCommand
                0x0000e0ec                prvTraceError
                0x0000e12c                prvTraceInitCortexM
                0x0000e374                prvPagedEventBufferTransfer
                0x0000e410                prvPagedEventBufferGetWritePointer
                0x0000e548                prvPagedEventBufferInit
 .text          0x0000e5cc      0x2cc Project_Settings\Startup_Code\startup.o
                0x0000e5cc                __copy_rom_section
                0x0000e6b4                __copy_rom_sections_to_ram
                0x0000e80c                __init_registers
                0x0000e840                __init_user
                0x0000e850                __iar_program_start
                0x0000e85c                __thumb_startup
 .text          0x0000e898       0x64 Sources\Events.o
                0x0000e898                Cpu_OnNMI
                0x0000e8a8                FRTOS1_vApplicationStackOverflowHook
                0x0000e8bc                FRTOS1_vApplicationTickHook
                0x0000e8cc                FRTOS1_vApplicationIdleHook
                0x0000e8dc                FRTOS1_vApplicationMallocFailedHook
                0x0000e8ec                PTRC1_OnTraceWrap
 .text          0x0000e8fc      0x188 Sources\main.o
                0x0000e8fc                Led_GateKeeper
                0x0000e9b8                Led_Controller
                0x0000ea28                main
 .text          0x0000ea84      0x90c Static_Code\System\CPU_Init.o
                0x0000ea84                CPU_SetBASEPRI
                0x0000eaa0                __init_hardware
                0x0000eb74                PE_low_level_init
                0x0000eb98                CPU_GetClockGenMode
                0x0000ec28                CPU_SetClockConfigGenMode
                0x0000f1e8                CPU_SetClockConfiguration
                0x0000f378                CPU_GetClockConfiguration
 .text          0x0000f390       0x10 Static_Code\System\Peripherals_Init.o
                0x0000f390                Peripherals_Init
 .text          0x0000f3a0      0x978 Static_Code\System\Vectors.o
                0x0000f3a0                UnhandledInterrupt
                0x0000f3b8                Unhandled_ivINT_NMI
                0x0000f3d0                Unhandled_ivINT_Hard_Fault
                0x0000f3e8                Unhandled_ivINT_Mem_Manage_Fault
                0x0000f400                Unhandled_ivINT_Bus_Fault
                0x0000f418                Unhandled_ivINT_Usage_Fault
                0x0000f430                Unhandled_ivINT_Reserved7
                0x0000f448                Unhandled_ivINT_Reserved8
                0x0000f460                Unhandled_ivINT_Reserved9
                0x0000f478                Unhandled_ivINT_Reserved10
                0x0000f490                Unhandled_ivINT_SVCall
                0x0000f4a8                Unhandled_ivINT_DebugMonitor
                0x0000f4c0                Unhandled_ivINT_Reserved13
                0x0000f4d8                Unhandled_ivINT_PendableSrvReq
                0x0000f4f0                Unhandled_ivINT_SysTick
                0x0000f508                Unhandled_ivINT_DMA0
                0x0000f520                Unhandled_ivINT_DMA1
                0x0000f538                Unhandled_ivINT_DMA2
                0x0000f550                Unhandled_ivINT_DMA3
                0x0000f568                Unhandled_ivINT_DMA4
                0x0000f580                Unhandled_ivINT_DMA5
                0x0000f598                Unhandled_ivINT_DMA6
                0x0000f5b0                Unhandled_ivINT_DMA7
                0x0000f5c8                Unhandled_ivINT_DMA8
                0x0000f5e0                Unhandled_ivINT_DMA9
                0x0000f5f8                Unhandled_ivINT_DMA10
                0x0000f610                Unhandled_ivINT_DMA11
                0x0000f628                Unhandled_ivINT_DMA12
                0x0000f640                Unhandled_ivINT_DMA13
                0x0000f658                Unhandled_ivINT_DMA14
                0x0000f670                Unhandled_ivINT_DMA15
                0x0000f688                Unhandled_ivINT_DMA_Error
                0x0000f6a0                Unhandled_ivINT_MCM
                0x0000f6b8                Unhandled_ivINT_FTFE
                0x0000f6d0                Unhandled_ivINT_Read_Collision
                0x0000f6e8                Unhandled_ivINT_LVD_LVW
                0x0000f700                Unhandled_ivINT_LLW
                0x0000f718                Unhandled_ivINT_Watchdog
                0x0000f730                Unhandled_ivINT_RNG
                0x0000f748                Unhandled_ivINT_I2C0
                0x0000f760                Unhandled_ivINT_I2C1
                0x0000f778                Unhandled_ivINT_SPI0
                0x0000f790                Unhandled_ivINT_SPI1
                0x0000f7a8                Unhandled_ivINT_I2S0_Tx
                0x0000f7c0                Unhandled_ivINT_I2S0_Rx
                0x0000f7d8                Unhandled_ivINT_UART0_LON
                0x0000f7f0                Unhandled_ivINT_UART0_RX_TX
                0x0000f808                Unhandled_ivINT_UART0_ERR
                0x0000f820                Unhandled_ivINT_UART1_RX_TX
                0x0000f838                Unhandled_ivINT_UART1_ERR
                0x0000f850                Unhandled_ivINT_UART2_RX_TX
                0x0000f868                Unhandled_ivINT_UART2_ERR
                0x0000f880                Unhandled_ivINT_UART3_RX_TX
                0x0000f898                Unhandled_ivINT_UART3_ERR
                0x0000f8b0                Unhandled_ivINT_ADC0
                0x0000f8c8                Unhandled_ivINT_CMP0
                0x0000f8e0                Unhandled_ivINT_CMP1
                0x0000f8f8                Unhandled_ivINT_FTM0
                0x0000f910                Unhandled_ivINT_FTM1
                0x0000f928                Unhandled_ivINT_FTM2
                0x0000f940                Unhandled_ivINT_CMT
                0x0000f958                Unhandled_ivINT_RTC
                0x0000f970                Unhandled_ivINT_RTC_Seconds
                0x0000f988                Unhandled_ivINT_PIT0
                0x0000f9a0                Unhandled_ivINT_PIT1
                0x0000f9b8                Unhandled_ivINT_PIT2
                0x0000f9d0                Unhandled_ivINT_PIT3
                0x0000f9e8                Unhandled_ivINT_PDB0
                0x0000fa00                Unhandled_ivINT_USB0
                0x0000fa18                Unhandled_ivINT_USBDCD
                0x0000fa30                Unhandled_ivINT_Reserved71
                0x0000fa48                Unhandled_ivINT_DAC0
                0x0000fa60                Unhandled_ivINT_MCG
                0x0000fa78                Unhandled_ivINT_LPTimer
                0x0000fa90                Unhandled_ivINT_PORTA
                0x0000faa8                Unhandled_ivINT_PORTB
                0x0000fac0                Unhandled_ivINT_PORTC
                0x0000fad8                Unhandled_ivINT_PORTD
                0x0000faf0                Unhandled_ivINT_PORTE
                0x0000fb08                Unhandled_ivINT_SWI
                0x0000fb20                Unhandled_ivINT_SPI2
                0x0000fb38                Unhandled_ivINT_UART4_RX_TX
                0x0000fb50                Unhandled_ivINT_UART4_ERR
                0x0000fb68                Unhandled_ivINT_UART5_RX_TX
                0x0000fb80                Unhandled_ivINT_UART5_ERR
                0x0000fb98                Unhandled_ivINT_CMP2
                0x0000fbb0                Unhandled_ivINT_FTM3
                0x0000fbc8                Unhandled_ivINT_Reserved88
                0x0000fbe0                Unhandled_ivINT_ADC1
                0x0000fbf8                Unhandled_ivINT_I2C2
                0x0000fc10                Unhandled_ivINT_CAN0_ORed_Message_buffer
                0x0000fc28                Unhandled_ivINT_CAN0_Bus_Off
                0x0000fc40                Unhandled_ivINT_CAN0_Error
                0x0000fc58                Unhandled_ivINT_CAN0_Tx_Warning
                0x0000fc70                Unhandled_ivINT_CAN0_Rx_Warning
                0x0000fc88                Unhandled_ivINT_CAN0_Wake_Up
                0x0000fca0                Unhandled_ivINT_SDHC
                0x0000fcb8                Unhandled_ivINT_ENET_1588_Timer
                0x0000fcd0                Unhandled_ivINT_ENET_Transmit
                0x0000fce8                Unhandled_ivINT_ENET_Receive
                0x0000fd00                Unhandled_ivINT_ENET_Error
 .text          0x0000fd18        0x0 d:/program files (x86)/truestudio for arm 7.1.0/armtools/bin/../lib/gcc/arm-atollic-eabi/5.3.1/../../../../arm-atollic-eabi/lib/armv7e-m/fpu\libc_nano.a(lib_a-init.o)
 .text          0x0000fd18        0x0 d:/program files (x86)/truestudio for arm 7.1.0/armtools/bin/../lib/gcc/arm-atollic-eabi/5.3.1/../../../../arm-atollic-eabi/lib/armv7e-m/fpu\libc_nano.a(lib_a-memcmp.o)
 .text          0x0000fd18        0x0 d:/program files (x86)/truestudio for arm 7.1.0/armtools/bin/../lib/gcc/arm-atollic-eabi/5.3.1/../../../../arm-atollic-eabi/lib/armv7e-m/fpu\libc_nano.a(lib_a-memcpy-stub.o)
 .text          0x0000fd18        0x0 d:/program files (x86)/truestudio for arm 7.1.0/armtools/bin/../lib/gcc/arm-atollic-eabi/5.3.1/../../../../arm-atollic-eabi/lib/armv7e-m/fpu\libc_nano.a(lib_a-memset.o)
 .text          0x0000fd18        0x0 d:/program files (x86)/truestudio for arm 7.1.0/armtools/bin/../lib/gcc/arm-atollic-eabi/5.3.1/../../../../arm-atollic-eabi/lib/armv7e-m/fpu\libc_nano.a(lib_a-strchr.o)
 .text          0x0000fd18       0x14 d:/program files (x86)/truestudio for arm 7.1.0/armtools/bin/../lib/gcc/arm-atollic-eabi/5.3.1/../../../../arm-atollic-eabi/lib/armv7e-m/fpu\libc_nano.a(lib_a-strcmp.o)
                0x0000fd18                strcmp
 .text          0x0000fd2c       0x10 d:/program files (x86)/truestudio for arm 7.1.0/armtools/bin/../lib/gcc/arm-atollic-eabi/5.3.1/../../../../arm-atollic-eabi/lib/armv7e-m/fpu\libc_nano.a(lib_a-strlen.o)
                0x0000fd2c                strlen
 .text          0x0000fd3c        0x0 d:/program files (x86)/truestudio for arm 7.1.0/armtools/bin/../lib/gcc/arm-atollic-eabi/5.3.1/../../../../arm-atollic-eabi/lib/armv7e-m/fpu\libc_nano.a(lib_a-strncmp.o)
 .text          0x0000fd3c        0x0 d:/program files (x86)/truestudio for arm 7.1.0/armtools/bin/../lib/gcc/arm-atollic-eabi/5.3.1/armv7e-m/fpu/crtend.o
 .text          0x0000fd3c        0x0 d:/program files (x86)/truestudio for arm 7.1.0/armtools/bin/../lib/gcc/arm-atollic-eabi/5.3.1/armv7e-m/fpu/crtn.o
 *(.text*)
 .text.__libc_init_array
                0x0000fd3c       0x4c d:/program files (x86)/truestudio for arm 7.1.0/armtools/bin/../lib/gcc/arm-atollic-eabi/5.3.1/../../../../arm-atollic-eabi/lib/armv7e-m/fpu\libc_nano.a(lib_a-init.o)
                0x0000fd3c                __libc_init_array
 .text.memcmp   0x0000fd88       0x1e d:/program files (x86)/truestudio for arm 7.1.0/armtools/bin/../lib/gcc/arm-atollic-eabi/5.3.1/../../../../arm-atollic-eabi/lib/armv7e-m/fpu\libc_nano.a(lib_a-memcmp.o)
                0x0000fd88                memcmp
 .text.memcpy   0x0000fda6       0x16 d:/program files (x86)/truestudio for arm 7.1.0/armtools/bin/../lib/gcc/arm-atollic-eabi/5.3.1/../../../../arm-atollic-eabi/lib/armv7e-m/fpu\libc_nano.a(lib_a-memcpy-stub.o)
                0x0000fda6                memcpy
 .text.memset   0x0000fdbc       0x10 d:/program files (x86)/truestudio for arm 7.1.0/armtools/bin/../lib/gcc/arm-atollic-eabi/5.3.1/../../../../arm-atollic-eabi/lib/armv7e-m/fpu\libc_nano.a(lib_a-memset.o)
                0x0000fdbc                memset
 .text.strchr   0x0000fdcc       0x1c d:/program files (x86)/truestudio for arm 7.1.0/armtools/bin/../lib/gcc/arm-atollic-eabi/5.3.1/../../../../arm-atollic-eabi/lib/armv7e-m/fpu\libc_nano.a(lib_a-strchr.o)
                0x0000fdcc                strchr
 .text.strncmp  0x0000fde8       0x2a d:/program files (x86)/truestudio for arm 7.1.0/armtools/bin/../lib/gcc/arm-atollic-eabi/5.3.1/../../../../arm-atollic-eabi/lib/armv7e-m/fpu\libc_nano.a(lib_a-strncmp.o)
                0x0000fde8                strncmp
 *(.rodata)
 *fill*         0x0000fe12        0x2 
 .rodata        0x0000fe14      0x163 Generated_Code\CLS1.o
                0x0000fe14                CLS1_stdio
 *fill*         0x0000ff77        0x1 
 .rodata        0x0000ff78       0xc8 Generated_Code\PE_LDD.o
                0x0000ff78                PE_CpuClockConfigurations
 .rodata        0x00010040       0x10 Generated_Code\RTT1.o
                0x00010040                RTT1_stdio
 .rodata        0x00010050       0x17 Generated_Code\SEGGER_RTT.o
 *fill*         0x00010067        0x1 
 .rodata        0x00010068       0x10 Generated_Code\SEGGER_RTT_printf.o
 .rodata        0x00010078       0x24 Generated_Code\SEGGER_SYSVIEW.o
 .rodata        0x0001009c       0x35 Generated_Code\SEGGER_SYSVIEW_Config.o
 *fill*         0x000100d1        0x3 
 .rodata        0x000100d4       0x60 Generated_Code\SEGGER_SYSVIEW_FreeRTOS.o
                0x0001012c                SYSVIEW_X_OS_TraceAPI
 .rodata        0x00010134       0x28 Generated_Code\UTIL1.o
 .rodata        0x0001015c       0x87 Generated_Code\XF1.o
 *fill*         0x000101e3        0x1 
 .rodata        0x000101e4        0x4 Generated_Code\port.o
 .rodata        0x000101e8       0x20 Generated_Code\tasks.o
                0x000101f8                FreeRTOSDebugConfig
 .rodata        0x00010208       0xf5 Generated_Code\trcKernelPort.o
 *fill*         0x000102fd        0x3 
 .rodata        0x00010300      0x212 Generated_Code\trcStreamingRecorder.o
 *fill*         0x00010512        0x2 
 .rodata        0x00010514       0x15 Sources\main.o
 *fill*         0x00010529        0x3 
 .rodata        0x0001052c      0x16c Static_Code\System\CPU_Init.o
 *(.rodata*)
 *(.glue_7)
 .glue_7        0x00010698        0x0 linker stubs
 *(.glue_7t)
 .glue_7t       0x00010698        0x0 linker stubs
 *(.eh_frame)
 .eh_frame      0x00010698        0x0 d:/program files (x86)/truestudio for arm 7.1.0/armtools/bin/../lib/gcc/arm-atollic-eabi/5.3.1/armv7e-m/fpu/crtbegin.o
 .eh_frame      0x00010698        0x4 d:/program files (x86)/truestudio for arm 7.1.0/armtools/bin/../lib/gcc/arm-atollic-eabi/5.3.1/armv7e-m/fpu/crtend.o
 *(.init)
 .init          0x0001069c        0x4 d:/program files (x86)/truestudio for arm 7.1.0/armtools/bin/../lib/gcc/arm-atollic-eabi/5.3.1/armv7e-m/fpu/crti.o
                0x0001069c                _init
 .init          0x000106a0        0x8 d:/program files (x86)/truestudio for arm 7.1.0/armtools/bin/../lib/gcc/arm-atollic-eabi/5.3.1/armv7e-m/fpu/crtn.o
 *(.fini)
 .fini          0x000106a8        0x4 d:/program files (x86)/truestudio for arm 7.1.0/armtools/bin/../lib/gcc/arm-atollic-eabi/5.3.1/armv7e-m/fpu/crti.o
                0x000106a8                _fini
 .fini          0x000106ac        0x8 d:/program files (x86)/truestudio for arm 7.1.0/armtools/bin/../lib/gcc/arm-atollic-eabi/5.3.1/armv7e-m/fpu/crtn.o
                0x000106b4                . = ALIGN (0x4)
                0x000106b4                _etext = .

.vfp11_veneer   0x000106b4        0x0
 .vfp11_veneer  0x000106b4        0x0 linker stubs

.v4_bx          0x000106b4        0x0
 .v4_bx         0x000106b4        0x0 linker stubs

.iplt           0x000106b4        0x0
 .iplt          0x000106b4        0x0 d:/program files (x86)/truestudio for arm 7.1.0/armtools/bin/../lib/gcc/arm-atollic-eabi/5.3.1/armv7e-m/fpu/crtbegin.o

.rel.dyn        0x000106b4        0x0
 .rel.iplt      0x000106b4        0x0 d:/program files (x86)/truestudio for arm 7.1.0/armtools/bin/../lib/gcc/arm-atollic-eabi/5.3.1/armv7e-m/fpu/crtbegin.o

.ARM.extab
 *(.ARM.extab* .gnu.linkonce.armextab.*)

.ARM            0x000106b4        0x0
                0x000106b4                __exidx_start = .
 *(.ARM.exidx*)
                0x000106b4                __exidx_end = .

.ctors          0x000106b4        0x0
                0x000106b4                __CTOR_LIST__ = .
 *crtbegin.o(.ctors)
 *(EXCLUDE_FILE(*crtend.o) .ctors)
 *(SORT(.ctors.*))
 *(.ctors)
                0x000106b4                __CTOR_END__ = .

.dtors          0x000106b4        0x0
                0x000106b4                __DTOR_LIST__ = .
 *crtbegin.o(.dtors)
 *(EXCLUDE_FILE(*crtend.o) .dtors)
 *(SORT(.dtors.*))
 *(.dtors)
                0x000106b4                __DTOR_END__ = .

.preinit_array  0x000106b4        0x0
                0x000106b4                PROVIDE (__preinit_array_start, .)
 *(.preinit_array*)
                0x000106b4                PROVIDE (__preinit_array_end, .)

.init_array     0x000106b4        0x4
                0x000106b4                PROVIDE (__init_array_start, .)
 *(SORT(.init_array.*))
 *(.init_array*)
 .init_array    0x000106b4        0x4 d:/program files (x86)/truestudio for arm 7.1.0/armtools/bin/../lib/gcc/arm-atollic-eabi/5.3.1/armv7e-m/fpu/crtbegin.o
                0x000106b8                PROVIDE (__init_array_end, .)

.fini_array     0x000106b8        0x4
                [!provide]                PROVIDE (__fini_array_start, .)
 *(SORT(.fini_array.*))
 *(.fini_array*)
 .fini_array    0x000106b8        0x4 d:/program files (x86)/truestudio for arm 7.1.0/armtools/bin/../lib/gcc/arm-atollic-eabi/5.3.1/armv7e-m/fpu/crtbegin.o
                [!provide]                PROVIDE (__fini_array_end, .)
                0x000106bc                ___ROM_AT = .

.data           0x20000000       0x40 load address 0x000106bc
                0x20000000                . = ALIGN (0x4)
                0x20000000                _sdata = .
 *(.data)
 .data          0x20000000        0x0 d:/program files (x86)/truestudio for arm 7.1.0/armtools/bin/../lib/gcc/arm-atollic-eabi/5.3.1/armv7e-m/fpu/crti.o
 .data          0x20000000        0x4 d:/program files (x86)/truestudio for arm 7.1.0/armtools/bin/../lib/gcc/arm-atollic-eabi/5.3.1/armv7e-m/fpu/crtbegin.o
                0x20000000                __dso_handle
 .data          0x20000004        0x0 Generated_Code\BitIoLdd1.o
 .data          0x20000004        0x0 Generated_Code\BitIoLdd2.o
 .data          0x20000004        0x0 Generated_Code\BitIoLdd3.o
 .data          0x20000004        0x4 Generated_Code\CLS1.o
 .data          0x20000008        0x0 Generated_Code\CS1.o
 .data          0x20000008        0x0 Generated_Code\Cpu.o
 .data          0x20000008        0x0 Generated_Code\FRTOS1.o
 .data          0x20000008        0x0 Generated_Code\LED_Blue.o
 .data          0x20000008        0x0 Generated_Code\LED_Green.o
 .data          0x20000008        0x0 Generated_Code\LED_Red.o
 .data          0x20000008        0x0 Generated_Code\LEDpin1.o
 .data          0x20000008        0x0 Generated_Code\LEDpin2.o
 .data          0x20000008        0x0 Generated_Code\LEDpin3.o
 .data          0x20000008        0x0 Generated_Code\MCUC1.o
 .data          0x20000008        0x0 Generated_Code\PE_LDD.o
 .data          0x20000008        0x0 Generated_Code\PTRC1.o
 .data          0x20000008        0x0 Generated_Code\Pins1.o
 .data          0x20000008        0x0 Generated_Code\RTT1.o
 .data          0x20000008        0x0 Generated_Code\RTT_Syscalls_GCC.o
 .data          0x20000008       0x10 Generated_Code\SEGGER_RTT.o
 .data          0x20000018        0x0 Generated_Code\SEGGER_RTT_printf.o
 .data          0x20000018        0x0 Generated_Code\SEGGER_SYSVIEW.o
 .data          0x20000018        0x0 Generated_Code\SEGGER_SYSVIEW_Config.o
 .data          0x20000018        0x0 Generated_Code\SEGGER_SYSVIEW_FreeRTOS.o
 .data          0x20000018        0x0 Generated_Code\SYS1.o
 .data          0x20000018        0x0 Generated_Code\UTIL1.o
 .data          0x20000018        0x0 Generated_Code\WAIT1.o
 .data          0x20000018        0x0 Generated_Code\XF1.o
 .data          0x20000018        0x0 Generated_Code\croutine.o
 .data          0x20000018        0x0 Generated_Code\event_groups.o
 .data          0x20000018        0x0 Generated_Code\heap_1.o
 .data          0x20000018        0x0 Generated_Code\heap_2.o
 .data          0x20000018        0x0 Generated_Code\heap_3.o
 .data          0x20000018        0x4 Generated_Code\heap_4.o
 .data          0x2000001c        0x0 Generated_Code\heap_5.o
 .data          0x2000001c        0x0 Generated_Code\list.o
 .data          0x2000001c        0x8 Generated_Code\port.o
                0x20000020                uxTopUsedPriority
 .data          0x20000024        0x0 Generated_Code\portasm.o
 .data          0x20000024        0x0 Generated_Code\queue.o
 .data          0x20000024        0x0 Generated_Code\tasks.o
 .data          0x20000024        0x0 Generated_Code\timers.o
 .data          0x20000024        0x0 Generated_Code\trcKernelPort.o
 .data          0x20000024        0x0 Generated_Code\trcSnapshotRecorder.o
 .data          0x20000024       0x1c Generated_Code\trcStreamingRecorder.o
                0x20000030                TotalBytesRemaining_LowWaterMark
                0x20000034                TotalBytesRemaining
 .data          0x20000040        0x0 Project_Settings\Startup_Code\startup.o
 .data          0x20000040        0x0 Sources\Events.o
 .data          0x20000040        0x0 Sources\main.o
 .data          0x20000040        0x0 Static_Code\System\CPU_Init.o
 .data          0x20000040        0x0 Static_Code\System\Peripherals_Init.o
 .data          0x20000040        0x0 Static_Code\System\Vectors.o
 .data          0x20000040        0x0 d:/program files (x86)/truestudio for arm 7.1.0/armtools/bin/../lib/gcc/arm-atollic-eabi/5.3.1/../../../../arm-atollic-eabi/lib/armv7e-m/fpu\libc_nano.a(lib_a-init.o)
 .data          0x20000040        0x0 d:/program files (x86)/truestudio for arm 7.1.0/armtools/bin/../lib/gcc/arm-atollic-eabi/5.3.1/../../../../arm-atollic-eabi/lib/armv7e-m/fpu\libc_nano.a(lib_a-memcmp.o)
 .data          0x20000040        0x0 d:/program files (x86)/truestudio for arm 7.1.0/armtools/bin/../lib/gcc/arm-atollic-eabi/5.3.1/../../../../arm-atollic-eabi/lib/armv7e-m/fpu\libc_nano.a(lib_a-memcpy-stub.o)
 .data          0x20000040        0x0 d:/program files (x86)/truestudio for arm 7.1.0/armtools/bin/../lib/gcc/arm-atollic-eabi/5.3.1/../../../../arm-atollic-eabi/lib/armv7e-m/fpu\libc_nano.a(lib_a-memset.o)
 .data          0x20000040        0x0 d:/program files (x86)/truestudio for arm 7.1.0/armtools/bin/../lib/gcc/arm-atollic-eabi/5.3.1/../../../../arm-atollic-eabi/lib/armv7e-m/fpu\libc_nano.a(lib_a-strchr.o)
 .data          0x20000040        0x0 d:/program files (x86)/truestudio for arm 7.1.0/armtools/bin/../lib/gcc/arm-atollic-eabi/5.3.1/../../../../arm-atollic-eabi/lib/armv7e-m/fpu\libc_nano.a(lib_a-strcmp.o)
 .data          0x20000040        0x0 d:/program files (x86)/truestudio for arm 7.1.0/armtools/bin/../lib/gcc/arm-atollic-eabi/5.3.1/../../../../arm-atollic-eabi/lib/armv7e-m/fpu\libc_nano.a(lib_a-strlen.o)
 .data          0x20000040        0x0 d:/program files (x86)/truestudio for arm 7.1.0/armtools/bin/../lib/gcc/arm-atollic-eabi/5.3.1/../../../../arm-atollic-eabi/lib/armv7e-m/fpu\libc_nano.a(lib_a-strncmp.o)
 .data          0x20000040        0x0 d:/program files (x86)/truestudio for arm 7.1.0/armtools/bin/../lib/gcc/arm-atollic-eabi/5.3.1/armv7e-m/fpu/crtend.o
 .data          0x20000040        0x0 d:/program files (x86)/truestudio for arm 7.1.0/armtools/bin/../lib/gcc/arm-atollic-eabi/5.3.1/armv7e-m/fpu/crtn.o
 *(.data*)
                0x20000040                . = ALIGN (0x4)
                0x20000040                _edata = .
                0x00000040                ___data_size = (_edata - _sdata)
                0x000106fc                ___m_data_1FFF0000_ROMStart = (___ROM_AT + SIZEOF (.data))

.igot.plt       0x20000040        0x0 load address 0x000106fc
 .igot.plt      0x20000040        0x0 d:/program files (x86)/truestudio for arm 7.1.0/armtools/bin/../lib/gcc/arm-atollic-eabi/5.3.1/armv7e-m/fpu/crtbegin.o

.m_data_1FFF0000
                0x1fff0000        0x0 load address 0x000106fc
                0x1fff0000                . = ALIGN (0x4)
                0x1fff0000                ___m_data_1FFF0000_RAMStart = .
 *(.m_data_1FFF0000)
                0x1fff0000                ___m_data_1FFF0000_RAMEnd = .
                0x1fff0000                . = ALIGN (0x4)
                0x00000000                ___m_data_1FFF0000_ROMSize = (___m_data_1FFF0000_RAMEnd - ___m_data_1FFF0000_RAMStart)
                0x1fff0000                . = ALIGN (0x4)

.bss            0x20000040     0x361c load address 0x000106fc
                0x20000040                __START_BSS = .
                [!provide]                PROVIDE (__bss_start__, __START_BSS)
 *(.bss)
 .bss           0x20000040        0x0 d:/program files (x86)/truestudio for arm 7.1.0/armtools/bin/../lib/gcc/arm-atollic-eabi/5.3.1/armv7e-m/fpu/crti.o
 .bss           0x20000040       0x1c d:/program files (x86)/truestudio for arm 7.1.0/armtools/bin/../lib/gcc/arm-atollic-eabi/5.3.1/armv7e-m/fpu/crtbegin.o
 .bss           0x2000005c        0x4 Generated_Code\BitIoLdd1.o
 .bss           0x20000060        0x4 Generated_Code\BitIoLdd2.o
 .bss           0x20000064        0x4 Generated_Code\BitIoLdd3.o
 .bss           0x20000068        0x0 Generated_Code\CLS1.o
 .bss           0x20000068        0x0 Generated_Code\CS1.o
 .bss           0x20000068        0x0 Generated_Code\Cpu.o
 .bss           0x20000068        0x0 Generated_Code\FRTOS1.o
 .bss           0x20000068        0x0 Generated_Code\LED_Blue.o
 .bss           0x20000068        0x0 Generated_Code\LED_Green.o
 .bss           0x20000068        0x0 Generated_Code\LED_Red.o
 .bss           0x20000068        0x0 Generated_Code\LEDpin1.o
 .bss           0x20000068        0x0 Generated_Code\LEDpin2.o
 .bss           0x20000068        0x0 Generated_Code\LEDpin3.o
 .bss           0x20000068        0x0 Generated_Code\MCUC1.o
 .bss           0x20000068        0xc Generated_Code\PE_LDD.o
                0x20000068                PE_LDD_DeviceDataList
 .bss           0x20000074        0x0 Generated_Code\PTRC1.o
 .bss           0x20000074        0x0 Generated_Code\Pins1.o
 .bss           0x20000074        0x0 Generated_Code\RTT1.o
 .bss           0x20000074        0x0 Generated_Code\RTT_Syscalls_GCC.o
 .bss           0x20000074      0x481 Generated_Code\SEGGER_RTT.o
 .bss           0x200004f5        0x0 Generated_Code\SEGGER_RTT_printf.o
 *fill*         0x200004f5        0x3 
 .bss           0x200004f8      0x51b Generated_Code\SEGGER_SYSVIEW.o
 .bss           0x20000a13        0x0 Generated_Code\SEGGER_SYSVIEW_Config.o
 *fill*         0x20000a13        0x1 
 .bss           0x20000a14       0xa4 Generated_Code\SEGGER_SYSVIEW_FreeRTOS.o
 .bss           0x20000ab8        0x0 Generated_Code\SYS1.o
 .bss           0x20000ab8        0x0 Generated_Code\UTIL1.o
 .bss           0x20000ab8        0x0 Generated_Code\WAIT1.o
 .bss           0x20000ab8        0x0 Generated_Code\XF1.o
 .bss           0x20000ab8        0x0 Generated_Code\croutine.o
 .bss           0x20000ab8        0x0 Generated_Code\event_groups.o
 .bss           0x20000ab8        0x0 Generated_Code\heap_1.o
 .bss           0x20000ab8        0x0 Generated_Code\heap_2.o
 .bss           0x20000ab8        0x0 Generated_Code\heap_3.o
 .bss           0x20000ab8     0x2018 Generated_Code\heap_4.o
 .bss           0x20002ad0        0x0 Generated_Code\heap_5.o
 .bss           0x20002ad0        0x0 Generated_Code\list.o
 .bss           0x20002ad0        0x8 Generated_Code\port.o
 .bss           0x20002ad8        0x0 Generated_Code\portasm.o
 .bss           0x20002ad8        0x0 Generated_Code\queue.o
 .bss           0x20002ad8      0x100 Generated_Code\tasks.o
                0x20002ad8                pxCurrentTCB
 .bss           0x20002bd8        0x0 Generated_Code\timers.o
 .bss           0x20002bd8      0x498 Generated_Code\trcKernelPort.o
 .bss           0x20003070        0x0 Generated_Code\trcSnapshotRecorder.o
 .bss           0x20003070      0x444 Generated_Code\trcStreamingRecorder.o
                0x20003488                RecorderEnabled
                0x20003490                isPendingContextSwitch
                0x20003494                uiTraceTickCount
                0x20003498                timestampFrequency
                0x2000349c                DroppedEventCounter
                0x200034a0                EventBuffer
                0x200034a4                NoRoomForSymbol
                0x200034a8                NoRoomForObjectData
                0x200034ac                LongestSymbolName
                0x200034b0                MaxBytesTruncated
 .bss           0x200034b4        0x0 Project_Settings\Startup_Code\startup.o
 .bss           0x200034b4        0x0 Sources\Events.o
 .bss           0x200034b4        0x0 Sources\main.o
 .bss           0x200034b4        0x2 Static_Code\System\CPU_Init.o
                0x200034b4                SR_lock
                0x200034b5                ClockConfigurationID
 .bss           0x200034b6        0x0 Static_Code\System\Peripherals_Init.o
 .bss           0x200034b6        0x0 Static_Code\System\Vectors.o
 .bss           0x200034b6        0x0 d:/program files (x86)/truestudio for arm 7.1.0/armtools/bin/../lib/gcc/arm-atollic-eabi/5.3.1/../../../../arm-atollic-eabi/lib/armv7e-m/fpu\libc_nano.a(lib_a-init.o)
 .bss           0x200034b6        0x0 d:/program files (x86)/truestudio for arm 7.1.0/armtools/bin/../lib/gcc/arm-atollic-eabi/5.3.1/../../../../arm-atollic-eabi/lib/armv7e-m/fpu\libc_nano.a(lib_a-memcmp.o)
 .bss           0x200034b6        0x0 d:/program files (x86)/truestudio for arm 7.1.0/armtools/bin/../lib/gcc/arm-atollic-eabi/5.3.1/../../../../arm-atollic-eabi/lib/armv7e-m/fpu\libc_nano.a(lib_a-memcpy-stub.o)
 .bss           0x200034b6        0x0 d:/program files (x86)/truestudio for arm 7.1.0/armtools/bin/../lib/gcc/arm-atollic-eabi/5.3.1/../../../../arm-atollic-eabi/lib/armv7e-m/fpu\libc_nano.a(lib_a-memset.o)
 .bss           0x200034b6        0x0 d:/program files (x86)/truestudio for arm 7.1.0/armtools/bin/../lib/gcc/arm-atollic-eabi/5.3.1/../../../../arm-atollic-eabi/lib/armv7e-m/fpu\libc_nano.a(lib_a-strchr.o)
 .bss           0x200034b6        0x0 d:/program files (x86)/truestudio for arm 7.1.0/armtools/bin/../lib/gcc/arm-atollic-eabi/5.3.1/../../../../arm-atollic-eabi/lib/armv7e-m/fpu\libc_nano.a(lib_a-strcmp.o)
 .bss           0x200034b6        0x0 d:/program files (x86)/truestudio for arm 7.1.0/armtools/bin/../lib/gcc/arm-atollic-eabi/5.3.1/../../../../arm-atollic-eabi/lib/armv7e-m/fpu\libc_nano.a(lib_a-strlen.o)
 .bss           0x200034b6        0x0 d:/program files (x86)/truestudio for arm 7.1.0/armtools/bin/../lib/gcc/arm-atollic-eabi/5.3.1/../../../../arm-atollic-eabi/lib/armv7e-m/fpu\libc_nano.a(lib_a-strncmp.o)
 .bss           0x200034b6        0x0 d:/program files (x86)/truestudio for arm 7.1.0/armtools/bin/../lib/gcc/arm-atollic-eabi/5.3.1/armv7e-m/fpu/crtend.o
 .bss           0x200034b6        0x0 d:/program files (x86)/truestudio for arm 7.1.0/armtools/bin/../lib/gcc/arm-atollic-eabi/5.3.1/armv7e-m/fpu/crtn.o
 *(.bss*)
 *(COMMON)
 *fill*         0x200034b6        0x2 
 COMMON         0x200034b8       0x30 Generated_Code\CLS1.o
                0x200034b8                CLS1_DefaultShellBuffer
 COMMON         0x200034e8       0x30 Generated_Code\RTT1.o
                0x200034e8                RTT1_DefaultShellBuffer
 COMMON         0x20003518       0xd8 Generated_Code\SEGGER_RTT.o
                0x20003518                _SEGGER_RTT
 COMMON         0x200035f0       0x50 Generated_Code\queue.o
                0x200035f0                xQueueRegistry
 COMMON         0x20003640        0x4 Generated_Code\trcKernelPort.o
                0x20003640                trcWarningChannel
 COMMON         0x20003644       0x10 Generated_Code\trcStreamingRecorder.o
                0x20003644                PageInfo
 COMMON         0x20003654        0x4 Sources\main.o
                0x20003654                LedQueue
 COMMON         0x20003658        0x1 Static_Code\System\CPU_Init.o
                0x20003658                SR_reg
                0x2000365c                . = ALIGN (0x4)
 *fill*         0x20003659        0x3 
                0x2000365c                __END_BSS = .
                [!provide]                PROVIDE (__bss_end__, __END_BSS)
                0x000106fc                _romp_at = ((___ROM_AT + SIZEOF (.data)) + SIZEOF (.m_data_1FFF0000))

.romp           0x2000365c       0x24 load address 0x000106fc
                0x000106fc                __S_romp = _romp_at
                0x2000365c        0x4 LONG 0x106bc ___ROM_AT
                0x20003660        0x4 LONG 0x20000000 _sdata
                0x20003664        0x4 LONG 0x40 ___data_size
                0x20003668        0x4 LONG 0x106fc ___m_data_1FFF0000_ROMStart
                0x2000366c        0x4 LONG 0x1fff0000 ___m_data_1FFF0000_RAMStart
                0x20003670        0x4 LONG 0x0 ___m_data_1FFF0000_ROMSize
                0x20003674        0x4 LONG 0x0
                0x20003678        0x4 LONG 0x0
                0x2000367c        0x4 LONG 0x0

._user_heap_stack
                0x20003680      0x400 load address 0x00010720
                0x20003680                . = ALIGN (0x4)
                [!provide]                PROVIDE (end, .)
                [!provide]                PROVIDE (_end, .)
                0x20003680                __heap_addr = .
                0x20003680                . = (. + __heap_size)
                0x20003a80                . = (. + __stack_size)
 *fill*         0x20003680      0x400 
                0x20003a80                . = ALIGN (0x4)

.ARM.attributes
                0x00000000       0x30
 *(.ARM.attributes)
 .ARM.attributes
                0x00000000       0x22 d:/program files (x86)/truestudio for arm 7.1.0/armtools/bin/../lib/gcc/arm-atollic-eabi/5.3.1/armv7e-m/fpu/crti.o
 .ARM.attributes
                0x00000022       0x34 d:/program files (x86)/truestudio for arm 7.1.0/armtools/bin/../lib/gcc/arm-atollic-eabi/5.3.1/armv7e-m/fpu/crtbegin.o
 .ARM.attributes
                0x00000056       0x39 Generated_Code\BitIoLdd1.o
 .ARM.attributes
                0x0000008f       0x39 Generated_Code\BitIoLdd2.o
 .ARM.attributes
                0x000000c8       0x39 Generated_Code\BitIoLdd3.o
 .ARM.attributes
                0x00000101       0x39 Generated_Code\CLS1.o
 .ARM.attributes
                0x0000013a       0x39 Generated_Code\CS1.o
 .ARM.attributes
                0x00000173       0x39 Generated_Code\Cpu.o
 .ARM.attributes
                0x000001ac       0x39 Generated_Code\FRTOS1.o
 .ARM.attributes
                0x000001e5       0x39 Generated_Code\LED_Blue.o
 .ARM.attributes
                0x0000021e       0x39 Generated_Code\LED_Green.o
 .ARM.attributes
                0x00000257       0x39 Generated_Code\LED_Red.o
 .ARM.attributes
                0x00000290       0x39 Generated_Code\LEDpin1.o
 .ARM.attributes
                0x000002c9       0x39 Generated_Code\LEDpin2.o
 .ARM.attributes
                0x00000302       0x39 Generated_Code\LEDpin3.o
 .ARM.attributes
                0x0000033b       0x39 Generated_Code\MCUC1.o
 .ARM.attributes
                0x00000374       0x39 Generated_Code\PE_LDD.o
 .ARM.attributes
                0x000003ad       0x39 Generated_Code\PTRC1.o
 .ARM.attributes
                0x000003e6       0x39 Generated_Code\Pins1.o
 .ARM.attributes
                0x0000041f       0x39 Generated_Code\RTT1.o
 .ARM.attributes
                0x00000458       0x39 Generated_Code\RTT_Syscalls_GCC.o
 .ARM.attributes
                0x00000491       0x39 Generated_Code\SEGGER_RTT.o
 .ARM.attributes
                0x000004ca       0x39 Generated_Code\SEGGER_RTT_printf.o
 .ARM.attributes
                0x00000503       0x39 Generated_Code\SEGGER_SYSVIEW.o
 .ARM.attributes
                0x0000053c       0x39 Generated_Code\SEGGER_SYSVIEW_Config.o
 .ARM.attributes
                0x00000575       0x39 Generated_Code\SEGGER_SYSVIEW_FreeRTOS.o
 .ARM.attributes
                0x000005ae       0x39 Generated_Code\SYS1.o
 .ARM.attributes
                0x000005e7       0x39 Generated_Code\UTIL1.o
 .ARM.attributes
                0x00000620       0x39 Generated_Code\WAIT1.o
 .ARM.attributes
                0x00000659       0x39 Generated_Code\XF1.o
 .ARM.attributes
                0x00000692       0x39 Generated_Code\croutine.o
 .ARM.attributes
                0x000006cb       0x39 Generated_Code\event_groups.o
 .ARM.attributes
                0x00000704       0x39 Generated_Code\heap_1.o
 .ARM.attributes
                0x0000073d       0x39 Generated_Code\heap_2.o
 .ARM.attributes
                0x00000776       0x39 Generated_Code\heap_3.o
 .ARM.attributes
                0x000007af       0x39 Generated_Code\heap_4.o
 .ARM.attributes
                0x000007e8       0x39 Generated_Code\heap_5.o
 .ARM.attributes
                0x00000821       0x39 Generated_Code\list.o
 .ARM.attributes
                0x0000085a       0x39 Generated_Code\port.o
 .ARM.attributes
                0x00000893       0x25 Generated_Code\portasm.o
 .ARM.attributes
                0x000008b8       0x39 Generated_Code\queue.o
 .ARM.attributes
                0x000008f1       0x39 Generated_Code\tasks.o
 .ARM.attributes
                0x0000092a       0x39 Generated_Code\timers.o
 .ARM.attributes
                0x00000963       0x39 Generated_Code\trcKernelPort.o
 .ARM.attributes
                0x0000099c       0x39 Generated_Code\trcSnapshotRecorder.o
 .ARM.attributes
                0x000009d5       0x39 Generated_Code\trcStreamingRecorder.o
 .ARM.attributes
                0x00000a0e       0x39 Project_Settings\Startup_Code\startup.o
 .ARM.attributes
                0x00000a47       0x39 Sources\Events.o
 .ARM.attributes
                0x00000a80       0x39 Sources\main.o
 .ARM.attributes
                0x00000ab9       0x39 Static_Code\System\CPU_Init.o
 .ARM.attributes
                0x00000af2       0x39 Static_Code\System\Peripherals_Init.o
 .ARM.attributes
                0x00000b2b       0x39 Static_Code\System\Vectors.o
 .ARM.attributes
                0x00000b64       0x34 d:/program files (x86)/truestudio for arm 7.1.0/armtools/bin/../lib/gcc/arm-atollic-eabi/5.3.1/../../../../arm-atollic-eabi/lib/armv7e-m/fpu\libc_nano.a(lib_a-init.o)
 .ARM.attributes
                0x00000b98       0x34 d:/program files (x86)/truestudio for arm 7.1.0/armtools/bin/../lib/gcc/arm-atollic-eabi/5.3.1/../../../../arm-atollic-eabi/lib/armv7e-m/fpu\libc_nano.a(lib_a-memcmp.o)
 .ARM.attributes
                0x00000bcc       0x34 d:/program files (x86)/truestudio for arm 7.1.0/armtools/bin/../lib/gcc/arm-atollic-eabi/5.3.1/../../../../arm-atollic-eabi/lib/armv7e-m/fpu\libc_nano.a(lib_a-memcpy-stub.o)
 .ARM.attributes
                0x00000c00       0x34 d:/program files (x86)/truestudio for arm 7.1.0/armtools/bin/../lib/gcc/arm-atollic-eabi/5.3.1/../../../../arm-atollic-eabi/lib/armv7e-m/fpu\libc_nano.a(lib_a-memset.o)
 .ARM.attributes
                0x00000c34       0x34 d:/program files (x86)/truestudio for arm 7.1.0/armtools/bin/../lib/gcc/arm-atollic-eabi/5.3.1/../../../../arm-atollic-eabi/lib/armv7e-m/fpu\libc_nano.a(lib_a-strchr.o)
 .ARM.attributes
                0x00000c68       0x20 d:/program files (x86)/truestudio for arm 7.1.0/armtools/bin/../lib/gcc/arm-atollic-eabi/5.3.1/../../../../arm-atollic-eabi/lib/armv7e-m/fpu\libc_nano.a(lib_a-strcmp.o)
 .ARM.attributes
                0x00000c88       0x1b d:/program files (x86)/truestudio for arm 7.1.0/armtools/bin/../lib/gcc/arm-atollic-eabi/5.3.1/../../../../arm-atollic-eabi/lib/armv7e-m/fpu\libc_nano.a(lib_a-strlen.o)
 .ARM.attributes
                0x00000ca3       0x34 d:/program files (x86)/truestudio for arm 7.1.0/armtools/bin/../lib/gcc/arm-atollic-eabi/5.3.1/../../../../arm-atollic-eabi/lib/armv7e-m/fpu\libc_nano.a(lib_a-strncmp.o)
 .ARM.attributes
                0x00000cd7       0x34 d:/program files (x86)/truestudio for arm 7.1.0/armtools/bin/../lib/gcc/arm-atollic-eabi/5.3.1/armv7e-m/fpu/crtend.o
 .ARM.attributes
                0x00000d0b       0x22 d:/program files (x86)/truestudio for arm 7.1.0/armtools/bin/../lib/gcc/arm-atollic-eabi/5.3.1/armv7e-m/fpu/crtn.o
OUTPUT(K64F-FreeRTOS.elf elf32-littlearm)

.debug_info     0x00000000    0x10c67
 .debug_info    0x00000000      0x4ff Generated_Code\BitIoLdd1.o
 .debug_info    0x000004ff      0x4ff Generated_Code\BitIoLdd2.o
 .debug_info    0x000009fe      0x4ff Generated_Code\BitIoLdd3.o
 .debug_info    0x00000efd      0xb1e Generated_Code\CLS1.o
 .debug_info    0x00001a1b       0x79 Generated_Code\CS1.o
 .debug_info    0x00001a94       0xa3 Generated_Code\Cpu.o
 .debug_info    0x00001b37       0xd1 Generated_Code\FRTOS1.o
 .debug_info    0x00001c08      0x100 Generated_Code\LED_Blue.o
 .debug_info    0x00001d08      0x100 Generated_Code\LED_Green.o
 .debug_info    0x00001e08      0x100 Generated_Code\LED_Red.o
 .debug_info    0x00001f08       0x79 Generated_Code\LEDpin1.o
 .debug_info    0x00001f81       0x79 Generated_Code\LEDpin2.o
 .debug_info    0x00001ffa       0x79 Generated_Code\LEDpin3.o
 .debug_info    0x00002073       0x79 Generated_Code\MCUC1.o
 .debug_info    0x000020ec      0x252 Generated_Code\PE_LDD.o
 .debug_info    0x0000233e      0x109 Generated_Code\PTRC1.o
 .debug_info    0x00002447       0x79 Generated_Code\Pins1.o
 .debug_info    0x000024c0      0x2d3 Generated_Code\RTT1.o
 .debug_info    0x00002793       0xc7 Generated_Code\RTT_Syscalls_GCC.o
 .debug_info    0x0000285a      0xc86 Generated_Code\SEGGER_RTT.o
 .debug_info    0x000034e0      0x3f3 Generated_Code\SEGGER_RTT_printf.o
 .debug_info    0x000038d3     0x3397 Generated_Code\SEGGER_SYSVIEW.o
 .debug_info    0x00006c6a      0x150 Generated_Code\SEGGER_SYSVIEW_Config.o
 .debug_info    0x00006dba      0x4ca Generated_Code\SEGGER_SYSVIEW_FreeRTOS.o
 .debug_info    0x00007284       0x92 Generated_Code\SYS1.o
 .debug_info    0x00007316     0x1943 Generated_Code\UTIL1.o
 .debug_info    0x00008c59      0x144 Generated_Code\WAIT1.o
 .debug_info    0x00008d9d      0x687 Generated_Code\XF1.o
 .debug_info    0x00009424       0x79 Generated_Code\croutine.o
 .debug_info    0x0000949d      0x665 Generated_Code\event_groups.o
 .debug_info    0x00009b02       0x79 Generated_Code\heap_1.o
 .debug_info    0x00009b7b       0x79 Generated_Code\heap_2.o
 .debug_info    0x00009bf4       0x79 Generated_Code\heap_3.o
 .debug_info    0x00009c6d      0x32e Generated_Code\heap_4.o
 .debug_info    0x00009f9b       0x79 Generated_Code\heap_5.o
 .debug_info    0x0000a014      0x2a4 Generated_Code\list.o
 .debug_info    0x0000a2b8      0x37d Generated_Code\port.o
 .debug_info    0x0000a635     0x1081 Generated_Code\queue.o
 .debug_info    0x0000b6b6     0x195c Generated_Code\tasks.o
 .debug_info    0x0000d012       0x79 Generated_Code\timers.o
 .debug_info    0x0000d08b      0x51f Generated_Code\trcKernelPort.o
 .debug_info    0x0000d5aa       0x79 Generated_Code\trcSnapshotRecorder.o
 .debug_info    0x0000d623     0x19dc Generated_Code\trcStreamingRecorder.o
 .debug_info    0x0000efff      0x455 Project_Settings\Startup_Code\startup.o
 .debug_info    0x0000f454      0x11b Sources\Events.o
 .debug_info    0x0000f56f      0x26f Sources\main.o
 .debug_info    0x0000f7de      0xbd6 Static_Code\System\CPU_Init.o
 .debug_info    0x000103b4       0x92 Static_Code\System\Peripherals_Init.o
 .debug_info    0x00010446      0x821 Static_Code\System\Vectors.o

.debug_abbrev   0x00000000     0x2e30
 .debug_abbrev  0x00000000      0x14b Generated_Code\BitIoLdd1.o
 .debug_abbrev  0x0000014b      0x14b Generated_Code\BitIoLdd2.o
 .debug_abbrev  0x00000296      0x14b Generated_Code\BitIoLdd3.o
 .debug_abbrev  0x000003e1      0x1f1 Generated_Code\CLS1.o
 .debug_abbrev  0x000005d2       0x26 Generated_Code\CS1.o
 .debug_abbrev  0x000005f8       0x42 Generated_Code\Cpu.o
 .debug_abbrev  0x0000063a       0x81 Generated_Code\FRTOS1.o
 .debug_abbrev  0x000006bb       0xc3 Generated_Code\LED_Blue.o
[...]
prvTaskExitError                                  Generated_Code\port.o
prvTraceDeleteObjectData                          Generated_Code\trcStreamingRecorder.o
prvTraceDeleteSymbol                              Generated_Code\trcStreamingRecorder.o
                                                  Generated_Code\queue.o
                                                  Generated_Code\event_groups.o
prvTraceError                                     Generated_Code\trcStreamingRecorder.o
prvTraceGetCurrentTaskHandle                      Generated_Code\trcKernelPort.o
                                                  Generated_Code\trcStreamingRecorder.o
prvTraceInitCortexM                               Generated_Code\trcStreamingRecorder.o
                                                  Generated_Code\trcKernelPort.o
prvTraceOnBegin                                   Generated_Code\trcKernelPort.o
                                                  Generated_Code\trcStreamingRecorder.o
prvTraceOnEnd                                     Generated_Code\trcKernelPort.o
                                                  Generated_Code\trcStreamingRecorder.o
prvTraceSaveObjectData                            Generated_Code\trcStreamingRecorder.o
                                                  Generated_Code\tasks.o
prvTraceSaveSymbol                                Generated_Code\trcStreamingRecorder.o
                                                  Generated_Code\tasks.o
prvTraceStoreEvent                                Generated_Code\trcStreamingRecorder.o
prvTraceStoreEvent0                               Generated_Code\trcStreamingRecorder.o
                                                  Generated_Code\queue.o
                                                  Generated_Code\event_groups.o
prvTraceStoreEvent1                               Generated_Code\trcStreamingRecorder.o
                                                  Generated_Code\tasks.o
                                                  Generated_Code\queue.o
                                                  Generated_Code\event_groups.o
prvTraceStoreEvent2                               Generated_Code\trcStreamingRecorder.o
                                                  Generated_Code\tasks.o
                                                  Generated_Code\queue.o
                                                  Generated_Code\heap_4.o
                                                  Generated_Code\event_groups.o
prvTraceStoreEvent3                               Generated_Code\trcStreamingRecorder.o
                                                  Generated_Code\queue.o
prvTraceStoreStringEvent                          Generated_Code\trcStreamingRecorder.o
                                                  Generated_Code\tasks.o
pvPortMalloc                                      Generated_Code\heap_4.o
                                                  Generated_Code\tasks.o
                                                  Generated_Code\queue.o
                                                  Generated_Code\event_groups.o
pvTaskIncrementMutexHeldCount                     Generated_Code\tasks.o
                                                  Generated_Code\queue.o
pxCurrentTCB                                      Generated_Code\tasks.o
                                                  Generated_Code\port.o
pxPortInitialiseStack                             Generated_Code\port.o
                                                  Generated_Code\tasks.o
strchr                                            d:/program files (x86)/truestudio for arm 7.1.0/armtools/bin/../lib/gcc/arm-atollic-eabi/5.3.1/../../../../arm-atollic-eabi/lib/armv7e-m/fpu\libc_nano.a(lib_a-strchr.o)
                                                  Generated_Code\UTIL1.o
strcmp                                            d:/program files (x86)/truestudio for arm 7.1.0/armtools/bin/../lib/gcc/arm-atollic-eabi/5.3.1/../../../../arm-atollic-eabi/lib/armv7e-m/fpu\libc_nano.a(lib_a-strcmp.o)
                                                  Generated_Code\CLS1.o
strlen                                            d:/program files (x86)/truestudio for arm 7.1.0/armtools/bin/../lib/gcc/arm-atollic-eabi/5.3.1/../../../../arm-atollic-eabi/lib/armv7e-m/fpu\libc_nano.a(lib_a-strlen.o)
                                                  Generated_Code\tasks.o
                                                  Generated_Code\UTIL1.o
                                                  Generated_Code\SEGGER_RTT.o
                                                  Generated_Code\CLS1.o
strncmp                                           d:/program files (x86)/truestudio for arm 7.1.0/armtools/bin/../lib/gcc/arm-atollic-eabi/5.3.1/../../../../arm-atollic-eabi/lib/armv7e-m/fpu\libc_nano.a(lib_a-strncmp.o)
                                                  Generated_Code\UTIL1.o
timestampFrequency                                Generated_Code\trcStreamingRecorder.o
trcWarningChannel                                 Generated_Code\trcKernelPort.o
                                                  Generated_Code\trcStreamingRecorder.o
ucQueueGetQueueType                               Generated_Code\queue.o
uiTraceTickCount                                  Generated_Code\trcStreamingRecorder.o
                                                  Generated_Code\tasks.o
ulTaskNotifyTake                                  Generated_Code\tasks.o
uxEventGroupGetNumber                             Generated_Code\event_groups.o
uxGetTickCounterValue                             Generated_Code\port.o
uxListRemove                                      Generated_Code\list.o
                                                  Generated_Code\tasks.o
uxQueueGetQueueNumber                             Generated_Code\queue.o
uxQueueMessagesWaiting                            Generated_Code\queue.o
uxQueueMessagesWaitingFromISR                     Generated_Code\queue.o
uxQueueSpacesAvailable                            Generated_Code\queue.o
uxTaskGetNumberOfTasks                            Generated_Code\tasks.o
uxTaskGetStackHighWaterMark                       Generated_Code\tasks.o
                                                  Generated_Code\SEGGER_SYSVIEW_FreeRTOS.o
uxTaskGetSystemState                              Generated_Code\tasks.o
uxTaskGetTaskNumber                               Generated_Code\tasks.o
uxTaskPriorityGet                                 Generated_Code\tasks.o
uxTaskPriorityGetFromISR                          Generated_Code\tasks.o
uxTaskResetEventItemValue                         Generated_Code\tasks.o
                                                  Generated_Code\event_groups.o
uxTopUsedPriority                                 Generated_Code\port.o
vEventGroupClearBitsCallback                      Generated_Code\event_groups.o
vEventGroupDelete                                 Generated_Code\event_groups.o
vEventGroupSetBitsCallback                        Generated_Code\event_groups.o
vListInitialise                                   Generated_Code\list.o
                                                  Generated_Code\tasks.o
                                                  Generated_Code\queue.o
                                                  Generated_Code\event_groups.o
vListInitialiseItem                               Generated_Code\list.o
                                                  Generated_Code\tasks.o
vListInsert                                       Generated_Code\list.o
                                                  Generated_Code\tasks.o
vListInsertEnd                                    Generated_Code\list.o
                                                  Generated_Code\tasks.o
vPortEnableVFP                                    Generated_Code\port.o
vPortEndScheduler                                 Generated_Code\port.o
vPortEnterCritical                                Generated_Code\port.o
                                                  Generated_Code\tasks.o
                                                  Generated_Code\queue.o
                                                  Generated_Code\event_groups.o
vPortExitCritical                                 Generated_Code\port.o
                                                  Generated_Code\tasks.o
                                                  Generated_Code\queue.o
                                                  Generated_Code\event_groups.o
vPortFree                                         Generated_Code\heap_4.o
                                                  Generated_Code\tasks.o
                                                  Generated_Code\queue.o
                                                  Generated_Code\event_groups.o
vPortInitTickTimer                                Generated_Code\port.o
                                                  Generated_Code\FRTOS1.o
vPortInitialiseBlocks                             Generated_Code\heap_4.o
vPortPendSVHandler                                Generated_Code\port.o
                                                  Static_Code\System\Vectors.o
vPortSVCHandler                                   Generated_Code\port.o
                                                  Static_Code\System\Vectors.o
vPortStartFirstTask                               Generated_Code\port.o
vPortStartTickTimer                               Generated_Code\port.o
vPortStopTickTimer                                Generated_Code\port.o
                                                  Generated_Code\FRTOS1.o
                                                  Generated_Code\Cpu.o
vPortTickHandler                                  Generated_Code\port.o
                                                  Static_Code\System\Vectors.o
vPortValidateInterruptPriority                    Generated_Code\port.o
                                                  Generated_Code\tasks.o
                                                  Generated_Code\queue.o
vPortYieldFromISR                                 Generated_Code\port.o
                                                  Generated_Code\tasks.o
                                                  Generated_Code\queue.o
                                                  Generated_Code\event_groups.o
vQueueAddToRegistry                               Generated_Code\queue.o
vQueueDelete                                      Generated_Code\queue.o
vQueueSetQueueNumber                              Generated_Code\queue.o
vQueueUnregisterQueue                             Generated_Code\queue.o
vTaskDelay                                        Generated_Code\tasks.o
                                                  Sources\main.o
                                                  Generated_Code\trcKernelPort.o
                                                  Generated_Code\RTT1.o
                                                  Generated_Code\CLS1.o
vTaskDelayUntil                                   Generated_Code\tasks.o
vTaskGetInfo                                      Generated_Code\tasks.o
vTaskGetStackInfo                                 Generated_Code\tasks.o
vTaskList                                         Generated_Code\tasks.o
vTaskMissedYield                                  Generated_Code\tasks.o
                                                  Generated_Code\queue.o
vTaskNotifyGiveFromISR                            Generated_Code\tasks.o
vTaskPlaceOnEventList                             Generated_Code\tasks.o
                                                  Generated_Code\queue.o
vTaskPlaceOnUnorderedEventList                    Generated_Code\tasks.o
                                                  Generated_Code\event_groups.o
vTaskPriorityInherit                              Generated_Code\tasks.o
                                                  Generated_Code\queue.o
vTaskPrioritySet                                  Generated_Code\tasks.o
vTaskRemoveFromUnorderedEventList                 Generated_Code\tasks.o
                                                  Generated_Code\event_groups.o
vTaskResume                                       Generated_Code\tasks.o
vTaskSetTaskNumber                                Generated_Code\tasks.o
vTaskSetTimeOutState                              Generated_Code\tasks.o
                                                  Generated_Code\queue.o
vTaskStartScheduler                               Generated_Code\tasks.o
                                                  Sources\main.o
vTaskSuspend                                      Generated_Code\tasks.o
vTaskSuspendAll                                   Generated_Code\tasks.o
                                                  Generated_Code\queue.o
                                                  Generated_Code\heap_4.o
                                                  Generated_Code\event_groups.o
vTaskSwitchContext                                Generated_Code\tasks.o
                                                  Generated_Code\port.o
vTraceClearError                                  Generated_Code\trcStreamingRecorder.o
vTraceEnable                                      Generated_Code\trcKernelPort.o
                                                  Generated_Code\PTRC1.o
vTraceInstanceFinishedNext                        Generated_Code\trcStreamingRecorder.o
vTraceInstanceFinishedNow                         Generated_Code\trcStreamingRecorder.o
vTracePrint                                       Generated_Code\trcStreamingRecorder.o
vTracePrintF                                      Generated_Code\trcStreamingRecorder.o
                                                  Generated_Code\trcKernelPort.o
vTraceSetFrequency                                Generated_Code\trcStreamingRecorder.o
vTraceSetMutexName                                Generated_Code\trcKernelPort.o
vTraceSetQueueName                                Generated_Code\trcKernelPort.o
vTraceSetSemaphoreName                            Generated_Code\trcKernelPort.o
vTraceStop                                        Generated_Code\trcStreamingRecorder.o
vTraceStoreISRBegin                               Generated_Code\trcStreamingRecorder.o
vTraceStoreISREnd                                 Generated_Code\trcStreamingRecorder.o
vTraceStoreKernelObjectName                       Generated_Code\trcStreamingRecorder.o
                                                  Generated_Code\trcKernelPort.o
xEventGroupClearBits                              Generated_Code\event_groups.o
xEventGroupCreate                                 Generated_Code\event_groups.o
xEventGroupGetBitsFromISR                         Generated_Code\event_groups.o
xEventGroupSetBits                                Generated_Code\event_groups.o
xEventGroupSync                                   Generated_Code\event_groups.o
xEventGroupWaitBits                               Generated_Code\event_groups.o
xGetTaskHandles                                   Generated_Code\tasks.o
xPortGetFreeHeapSize                              Generated_Code\heap_4.o
xPortGetMinimumEverFreeHeapSize                   Generated_Code\heap_4.o
xPortStartScheduler                               Generated_Code\port.o
                                                  Generated_Code\tasks.o
xQueueAddToSet                                    Generated_Code\queue.o
xQueueCreateCountingSemaphore                     Generated_Code\queue.o
xQueueCreateMutex                                 Generated_Code\queue.o
xQueueCreateSet                                   Generated_Code\queue.o
xQueueGenericCreate                               Generated_Code\queue.o
                                                  Sources\main.o
xQueueGenericReceive                              Generated_Code\queue.o
                                                  Sources\main.o
xQueueGenericReset                                Generated_Code\queue.o
xQueueGenericSend                                 Generated_Code\queue.o
                                                  Sources\main.o
xQueueGenericSendFromISR                          Generated_Code\queue.o
xQueueGetMutexHolder                              Generated_Code\queue.o
xQueueGetMutexHolderFromISR                       Generated_Code\queue.o
xQueueGiveFromISR                                 Generated_Code\queue.o
xQueueGiveMutexRecursive                          Generated_Code\queue.o
xQueueIsQueueEmptyFromISR                         Generated_Code\queue.o
xQueueIsQueueFullFromISR                          Generated_Code\queue.o
xQueuePeekFromISR                                 Generated_Code\queue.o
xQueueReceiveFromISR                              Generated_Code\queue.o
xQueueRegistry                                    Generated_Code\queue.o
xQueueRemoveFromSet                               Generated_Code\queue.o
xQueueSelectFromSet                               Generated_Code\queue.o
xQueueSelectFromSetFromISR                        Generated_Code\queue.o
xQueueTakeMutexRecursive                          Generated_Code\queue.o
xTaskCheckForTimeOut                              Generated_Code\tasks.o
                                                  Generated_Code\queue.o
xTaskCreate                                       Generated_Code\tasks.o
                                                  Sources\main.o
                                                  Generated_Code\trcKernelPort.o
xTaskGenericNotify                                Generated_Code\tasks.o
xTaskGenericNotifyFromISR                         Generated_Code\tasks.o
xTaskGetCurrentTaskHandle                         Generated_Code\tasks.o
                                                  Generated_Code\trcKernelPort.o
                                                  Generated_Code\queue.o
xTaskGetHandle                                    Generated_Code\tasks.o
xTaskGetIdleTaskHandle                            Generated_Code\tasks.o
xTaskGetSchedulerState                            Generated_Code\tasks.o
                                                  Generated_Code\queue.o
                                                  Generated_Code\event_groups.o
xTaskGetTickCount                                 Generated_Code\tasks.o
xTaskGetTickCountFromISR                          Generated_Code\tasks.o
                                                  Generated_Code\SEGGER_SYSVIEW_FreeRTOS.o
xTaskIncrementTick                                Generated_Code\tasks.o
                                                  Generated_Code\port.o
xTaskNotifyStateClear                             Generated_Code\tasks.o
xTaskNotifyWait                                   Generated_Code\tasks.o
xTaskPriorityDisinherit                           Generated_Code\tasks.o
                                                  Generated_Code\queue.o
xTaskRemoveFromEventList                          Generated_Code\tasks.o
                                                  Generated_Code\queue.o
xTaskResumeAll                                    Generated_Code\tasks.o
                                                  Generated_Code\queue.o
                                                  Generated_Code\heap_4.o
                                                  Generated_Code\event_groups.o
xTaskResumeFromISR                                Generated_Code\tasks.o
xTraceGetLastError                                Generated_Code\trcStreamingRecorder.o
xTraceRegisterString                              Generated_Code\trcStreamingRecorder.o
                                                  Generated_Code\trcKernelPort.o
xTraceSetISRProperties                            Generated_Code\trcStreamingRecorder.o
