Vectors.c:65:1:UnhandledInterrupt	8	static
Vectors.c:79:1:Unhandled_ivINT_NMI	8	static
Vectors.c:93:1:Unhandled_ivINT_Hard_Fault	8	static
Vectors.c:108:1:Unhandled_ivINT_Mem_Manage_Fault	8	static
Vectors.c:122:1:Unhandled_ivINT_Bus_Fault	8	static
Vectors.c:136:1:Unhandled_ivINT_Usage_Fault	8	static
Vectors.c:150:1:Unhandled_ivINT_Reserved7	8	static
Vectors.c:164:1:Unhandled_ivINT_Reserved8	8	static
Vectors.c:178:1:Unhandled_ivINT_Reserved9	8	static
Vectors.c:192:1:Unhandled_ivINT_Reserved10	8	static
Vectors.c:206:1:Unhandled_ivINT_SVCall	8	static
Vectors.c:220:1:Unhandled_ivINT_DebugMonitor	8	static
Vectors.c:234:1:Unhandled_ivINT_Reserved13	8	static
Vectors.c:248:1:Unhandled_ivINT_PendableSrvReq	8	static
Vectors.c:262:1:Unhandled_ivINT_SysTick	8	static
Vectors.c:276:1:Unhandled_ivINT_DMA0	8	static
Vectors.c:290:1:Unhandled_ivINT_DMA1	8	static
Vectors.c:304:1:Unhandled_ivINT_DMA2	8	static
Vectors.c:318:1:Unhandled_ivINT_DMA3	8	static
Vectors.c:332:1:Unhandled_ivINT_DMA4	8	static
Vectors.c:346:1:Unhandled_ivINT_DMA5	8	static
Vectors.c:360:1:Unhandled_ivINT_DMA6	8	static
Vectors.c:374:1:Unhandled_ivINT_DMA7	8	static
Vectors.c:388:1:Unhandled_ivINT_DMA8	8	static
Vectors.c:402:1:Unhandled_ivINT_DMA9	8	static
Vectors.c:416:1:Unhandled_ivINT_DMA10	8	static
Vectors.c:430:1:Unhandled_ivINT_DMA11	8	static
Vectors.c:444:1:Unhandled_ivINT_DMA12	8	static
Vectors.c:458:1:Unhandled_ivINT_DMA13	8	static
Vectors.c:472:1:Unhandled_ivINT_DMA14	8	static
Vectors.c:486:1:Unhandled_ivINT_DMA15	8	static
Vectors.c:500:1:Unhandled_ivINT_DMA_Error	8	static
Vectors.c:514:1:Unhandled_ivINT_MCM	8	static
Vectors.c:528:1:Unhandled_ivINT_FTFE	8	static
Vectors.c:542:1:Unhandled_ivINT_Read_Collision	8	static
Vectors.c:556:1:Unhandled_ivINT_LVD_LVW	8	static
Vectors.c:570:1:Unhandled_ivINT_LLW	8	static
Vectors.c:584:1:Unhandled_ivINT_Watchdog	8	static
Vectors.c:598:1:Unhandled_ivINT_RNG	8	static
Vectors.c:612:1:Unhandled_ivINT_I2C0	8	static
Vectors.c:626:1:Unhandled_ivINT_I2C1	8	static
Vectors.c:640:1:Unhandled_ivINT_SPI0	8	static
Vectors.c:654:1:Unhandled_ivINT_SPI1	8	static
Vectors.c:668:1:Unhandled_ivINT_I2S0_Tx	8	static
Vectors.c:682:1:Unhandled_ivINT_I2S0_Rx	8	static
Vectors.c:696:1:Unhandled_ivINT_UART0_LON	8	static
Vectors.c:710:1:Unhandled_ivINT_UART0_RX_TX	8	static
Vectors.c:724:1:Unhandled_ivINT_UART0_ERR	8	static
Vectors.c:738:1:Unhandled_ivINT_UART1_RX_TX	8	static
Vectors.c:752:1:Unhandled_ivINT_UART1_ERR	8	static
Vectors.c:766:1:Unhandled_ivINT_UART2_RX_TX	8	static
Vectors.c:780:1:Unhandled_ivINT_UART2_ERR	8	static
Vectors.c:794:1:Unhandled_ivINT_UART3_RX_TX	8	static
Vectors.c:808:1:Unhandled_ivINT_UART3_ERR	8	static
Vectors.c:822:1:Unhandled_ivINT_ADC0	8	static
Vectors.c:836:1:Unhandled_ivINT_CMP0	8	static
Vectors.c:850:1:Unhandled_ivINT_CMP1	8	static
Vectors.c:864:1:Unhandled_ivINT_FTM0	8	static
Vectors.c:878:1:Unhandled_ivINT_FTM1	8	static
Vectors.c:892:1:Unhandled_ivINT_FTM2	8	static
Vectors.c:906:1:Unhandled_ivINT_CMT	8	static
Vectors.c:920:1:Unhandled_ivINT_RTC	8	static
Vectors.c:934:1:Unhandled_ivINT_RTC_Seconds	8	static
Vectors.c:948:1:Unhandled_ivINT_PIT0	8	static
Vectors.c:962:1:Unhandled_ivINT_PIT1	8	static
Vectors.c:976:1:Unhandled_ivINT_PIT2	8	static
Vectors.c:990:1:Unhandled_ivINT_PIT3	8	static
Vectors.c:1004:1:Unhandled_ivINT_PDB0	8	static
Vectors.c:1018:1:Unhandled_ivINT_USB0	8	static
Vectors.c:1032:1:Unhandled_ivINT_USBDCD	8	static
Vectors.c:1046:1:Unhandled_ivINT_Reserved71	8	static
Vectors.c:1060:1:Unhandled_ivINT_DAC0	8	static
Vectors.c:1074:1:Unhandled_ivINT_MCG	8	static
Vectors.c:1088:1:Unhandled_ivINT_LPTimer	8	static
Vectors.c:1102:1:Unhandled_ivINT_PORTA	8	static
Vectors.c:1116:1:Unhandled_ivINT_PORTB	8	static
Vectors.c:1130:1:Unhandled_ivINT_PORTC	8	static
Vectors.c:1144:1:Unhandled_ivINT_PORTD	8	static
Vectors.c:1158:1:Unhandled_ivINT_PORTE	8	static
Vectors.c:1172:1:Unhandled_ivINT_SWI	8	static
Vectors.c:1186:1:Unhandled_ivINT_SPI2	8	static
Vectors.c:1200:1:Unhandled_ivINT_UART4_RX_TX	8	static
Vectors.c:1214:1:Unhandled_ivINT_UART4_ERR	8	static
Vectors.c:1228:1:Unhandled_ivINT_UART5_RX_TX	8	static
Vectors.c:1242:1:Unhandled_ivINT_UART5_ERR	8	static
Vectors.c:1256:1:Unhandled_ivINT_CMP2	8	static
Vectors.c:1270:1:Unhandled_ivINT_FTM3	8	static
Vectors.c:1284:1:Unhandled_ivINT_Reserved88	8	static
Vectors.c:1298:1:Unhandled_ivINT_ADC1	8	static
Vectors.c:1312:1:Unhandled_ivINT_I2C2	8	static
Vectors.c:1327:1:Unhandled_ivINT_CAN0_ORed_Message_buffer	8	static
Vectors.c:1341:1:Unhandled_ivINT_CAN0_Bus_Off	8	static
Vectors.c:1355:1:Unhandled_ivINT_CAN0_Error	8	static
Vectors.c:1370:1:Unhandled_ivINT_CAN0_Tx_Warning	8	static
Vectors.c:1385:1:Unhandled_ivINT_CAN0_Rx_Warning	8	static
Vectors.c:1399:1:Unhandled_ivINT_CAN0_Wake_Up	8	static
Vectors.c:1413:1:Unhandled_ivINT_SDHC	8	static
Vectors.c:1428:1:Unhandled_ivINT_ENET_1588_Timer	8	static
Vectors.c:1442:1:Unhandled_ivINT_ENET_Transmit	8	static
Vectors.c:1456:1:Unhandled_ivINT_ENET_Receive	8	static
Vectors.c:1470:1:Unhandled_ivINT_ENET_Error	8	static
