SEGGER_RTT.c:186:13:_DoInit	16	static
SEGGER_RTT.c:243:17:_WriteBlocking	40	static
SEGGER_RTT.c:294:13:_WriteNoCheck	40	static
SEGGER_RTT.c:332:13:_PostTerminalSwitch	24	static
SEGGER_RTT.c:354:17:_GetAvailWriteSpace	32	static
SEGGER_RTT.c:395:10:SEGGER_RTT_ReadNoLock	48	static
SEGGER_RTT.c:462:10:SEGGER_RTT_Read	32	static
SEGGER_RTT.c:501:6:SEGGER_RTT_WriteWithOverwriteNoLock	40	static
SEGGER_RTT.c:585:10:SEGGER_RTT_WriteSkipNoLock	56	static
SEGGER_RTT.c:695:10:SEGGER_RTT_WriteNoLock	40	static
SEGGER_RTT.c:766:10:SEGGER_RTT_Write	32	static
SEGGER_RTT.c:804:10:SEGGER_RTT_WriteString	24	static
SEGGER_RTT.c:826:5:SEGGER_RTT_GetKey	16	static
SEGGER_RTT.c:854:5:SEGGER_RTT_WaitKey	16	static
SEGGER_RTT.c:877:5:SEGGER_RTT_HasKey	16	static
SEGGER_RTT.c:903:10:SEGGER_RTT_HasData	24	static
SEGGER_RTT.c:931:5:SEGGER_RTT_AllocDownBuffer	32	static
SEGGER_RTT.c:976:5:SEGGER_RTT_AllocUpBuffer	32	static
SEGGER_RTT.c:1022:5:SEGGER_RTT_ConfigUpBuffer	32	static
SEGGER_RTT.c:1064:5:SEGGER_RTT_ConfigDownBuffer	32	static
SEGGER_RTT.c:1102:5:SEGGER_RTT_SetNameUpBuffer	24	static
SEGGER_RTT.c:1133:5:SEGGER_RTT_SetNameDownBuffer	24	static
SEGGER_RTT.c:1157:6:SEGGER_RTT_Init	8	static
SEGGER_RTT.c:1175:5:SEGGER_RTT_SetTerminal	40	static
SEGGER_RTT.c:1225:5:SEGGER_RTT_TerminalOut	40	static
