CLS1.c:147:6:CLS1_SendCh	16	static
CLS1.c:170:6:CLS1_SendStr	16	static
CLS1.c:189:6:CLS1_SendNum32s	32	static
CLS1.c:209:6:CLS1_SendNum32u	32	static
CLS1.c:229:6:CLS1_SendNum16s	24	static
CLS1.c:249:6:CLS1_SendNum16u	24	static
CLS1.c:269:6:CLS1_SendNum8u	24	static
CLS1.c:289:6:CLS1_SendNum8s	24	static
CLS1.c:317:9:CLS1_ParseCommand	24	static
CLS1.c:362:6:CLS1_PrintPrompt	16	static
CLS1.c:384:6:CLS1_IsHistoryCharacter	24	static
CLS1.c:445:6:CLS1_ReadLine	32	static
CLS1.c:576:9:CLS1_PrintStatus	16	static
CLS1.c:601:6:CLS1_PrintCommandFailed	16	static
CLS1.c:631:9:CLS1_IterateTable	32	static
CLS1.c:668:9:CLS1_ParseWithCommandTable	32	static
CLS1.c:762:9:CLS1_SetStdio	16	static
CLS1.c:779:24:CLS1_GetStdio	4	static
CLS1.c:808:9:CLS1_ReadAndParseWithCommandTable	32	static
CLS1.c:851:6:CLS1_RequestSerial	4	static
CLS1.c:866:6:CLS1_ReleaseSerial	4	static
CLS1.c:881:7:CLS1_GetSemaphore	4	static
CLS1.c:896:13:SendSeparatedStrings	24	static
CLS1.c:929:6:CLS1_SendHelpStr	32	static
CLS1.c:949:6:CLS1_SendStatusStr	32	static
CLS1.c:967:6:CLS1_ReadChar	24	static
CLS1.c:989:6:CLS1_SendChar	24	static
CLS1.c:1018:6:CLS1_KeyPressed	16	static
CLS1.c:1036:6:CLS1_Init	4	static
CLS1.c:1063:6:CLS1_Deinit	4	static
CLS1.c:1087:6:CLS1_SendData	24	static
CLS1.c:1104:6:CLS1_printfPutChar	24	static
CLS1.c:1125:10:CLS1_printfIO	28	static
CLS1.c:1149:10:CLS1_printf	16	static
