SEGGER_SYSVIEW.c:342:12:_EncodeData	32	static
SEGGER_SYSVIEW.c:376:12:_EncodeStr	32	static
SEGGER_SYSVIEW.c:428:12:_PreparePacket	16	static
SEGGER_SYSVIEW.c:445:13:_HandleIncomingPacket	16	static
SEGGER_SYSVIEW.c:510:12:_TrySendOverflowPacket	56	static
SEGGER_SYSVIEW.c:612:13:_SendPacket	48	static
SEGGER_SYSVIEW.c:752:13:_APrintHost	64	static
SEGGER_SYSVIEW.c:779:13:_VPrintHost	96	static
SEGGER_SYSVIEW.c:810:13:_StoreChar	48	static
SEGGER_SYSVIEW.c:852:13:_PrintUnsigned	48	static
SEGGER_SYSVIEW.c:943:13:_PrintInt	40	static
SEGGER_SYSVIEW.c:1016:13:_VPrintTarget	104	static
SEGGER_SYSVIEW.c:1192:6:SEGGER_SYSVIEW_Init	32	static
SEGGER_SYSVIEW.c:1249:6:SEGGER_SYSVIEW_SetRAMBase	16	static
SEGGER_SYSVIEW.c:1263:6:SEGGER_SYSVIEW_RecordVoid	24	static
SEGGER_SYSVIEW.c:1283:6:SEGGER_SYSVIEW_RecordU32	40	static
SEGGER_SYSVIEW.c:1306:6:SEGGER_SYSVIEW_RecordU32x2	56	static
SEGGER_SYSVIEW.c:1331:6:SEGGER_SYSVIEW_RecordU32x3	64	static
SEGGER_SYSVIEW.c:1358:6:SEGGER_SYSVIEW_RecordU32x4	72	static
SEGGER_SYSVIEW.c:1387:6:SEGGER_SYSVIEW_RecordU32x5	80	static
SEGGER_SYSVIEW.c:1418:6:SEGGER_SYSVIEW_RecordU32x6	88	static
SEGGER_SYSVIEW.c:1451:6:SEGGER_SYSVIEW_RecordU32x7	96	static
SEGGER_SYSVIEW.c:1486:6:SEGGER_SYSVIEW_RecordU32x8	104	static
SEGGER_SYSVIEW.c:1523:6:SEGGER_SYSVIEW_RecordU32x9	112	static
SEGGER_SYSVIEW.c:1562:6:SEGGER_SYSVIEW_RecordU32x10	120	static
SEGGER_SYSVIEW.c:1597:6:SEGGER_SYSVIEW_RecordString	32	static
SEGGER_SYSVIEW.c:1626:6:SEGGER_SYSVIEW_Start	56	static
SEGGER_SYSVIEW.c:1672:6:SEGGER_SYSVIEW_Stop	16	static
SEGGER_SYSVIEW.c:1691:6:SEGGER_SYSVIEW_GetSysDesc	56	static
SEGGER_SYSVIEW.c:1719:6:SEGGER_SYSVIEW_SendTaskInfo	80	static
SEGGER_SYSVIEW.c:1746:6:SEGGER_SYSVIEW_SendTaskList	8	static
SEGGER_SYSVIEW.c:1771:6:SEGGER_SYSVIEW_SendSysDesc	32	static
SEGGER_SYSVIEW.c:1789:6:SEGGER_SYSVIEW_RecordSystime	32	static
SEGGER_SYSVIEW.c:1813:6:SEGGER_SYSVIEW_RecordEnterISR	32	static
SEGGER_SYSVIEW.c:1840:6:SEGGER_SYSVIEW_RecordExitISR	16	static
SEGGER_SYSVIEW.c:1862:6:SEGGER_SYSVIEW_RecordExitISRToScheduler	16	static
SEGGER_SYSVIEW.c:1880:6:SEGGER_SYSVIEW_RecordEnterTimer	40	static
SEGGER_SYSVIEW.c:1898:6:SEGGER_SYSVIEW_RecordExitTimer	16	static
SEGGER_SYSVIEW.c:1916:6:SEGGER_SYSVIEW_RecordEndCall	40	static
SEGGER_SYSVIEW.c:1938:6:SEGGER_SYSVIEW_RecordEndCallU32	48	static
SEGGER_SYSVIEW.c:1957:6:SEGGER_SYSVIEW_OnIdle	16	static
SEGGER_SYSVIEW.c:1976:6:SEGGER_SYSVIEW_OnTaskCreate	40	static
SEGGER_SYSVIEW.c:2001:6:SEGGER_SYSVIEW_OnTaskTerminate	40	static
SEGGER_SYSVIEW.c:2025:6:SEGGER_SYSVIEW_OnTaskStartExec	40	static
SEGGER_SYSVIEW.c:2045:6:SEGGER_SYSVIEW_OnTaskStopExec	16	static
SEGGER_SYSVIEW.c:2063:6:SEGGER_SYSVIEW_OnTaskStartReady	40	static
SEGGER_SYSVIEW.c:2086:6:SEGGER_SYSVIEW_OnTaskStopReady	48	static
SEGGER_SYSVIEW.c:2109:6:SEGGER_SYSVIEW_OnUserStart	40	static
SEGGER_SYSVIEW.c:2130:6:SEGGER_SYSVIEW_OnUserStop	40	static
SEGGER_SYSVIEW.c:2152:6:SEGGER_SYSVIEW_NameResource	40	static
SEGGER_SYSVIEW.c:2181:5:SEGGER_SYSVIEW_SendPacket	32	static
SEGGER_SYSVIEW.c:2208:5:SEGGER_SYSVIEW_EncodeU32	24	static
SEGGER_SYSVIEW.c:2235:5:SEGGER_SYSVIEW_EncodeString	24	static
SEGGER_SYSVIEW.c:2261:5:SEGGER_SYSVIEW_EncodeData	24	static
SEGGER_SYSVIEW.c:2289:5:SEGGER_SYSVIEW_EncodeId	24	static
SEGGER_SYSVIEW.c:2317:5:SEGGER_SYSVIEW_ShrinkId	16	static
SEGGER_SYSVIEW.c:2339:6:SEGGER_SYSVIEW_RegisterModule	24	static
SEGGER_SYSVIEW.c:2380:6:SEGGER_SYSVIEW_RecordModuleDescription	56	static
SEGGER_SYSVIEW.c:2421:6:SEGGER_SYSVIEW_SendModule	56	static
SEGGER_SYSVIEW.c:2460:6:SEGGER_SYSVIEW_SendModuleDescription	16	static
SEGGER_SYSVIEW.c:2481:6:SEGGER_SYSVIEW_SendNumModules	32	static
SEGGER_SYSVIEW.c:2508:6:SEGGER_SYSVIEW_PrintfHostEx	28	static
SEGGER_SYSVIEW.c:2529:6:SEGGER_SYSVIEW_PrintfHost	16	static
SEGGER_SYSVIEW.c:2551:6:SEGGER_SYSVIEW_WarnfHost	16	static
SEGGER_SYSVIEW.c:2573:6:SEGGER_SYSVIEW_ErrorfHost	16	static
SEGGER_SYSVIEW.c:2593:6:SEGGER_SYSVIEW_PrintfTargetEx	28	static
SEGGER_SYSVIEW.c:2612:6:SEGGER_SYSVIEW_PrintfTarget	16	static
SEGGER_SYSVIEW.c:2631:6:SEGGER_SYSVIEW_WarnfTarget	16	static
SEGGER_SYSVIEW.c:2650:6:SEGGER_SYSVIEW_ErrorfTarget	16	static
SEGGER_SYSVIEW.c:2669:6:SEGGER_SYSVIEW_Print	48	static
SEGGER_SYSVIEW.c:2691:6:SEGGER_SYSVIEW_Warn	48	static
SEGGER_SYSVIEW.c:2713:6:SEGGER_SYSVIEW_Error	48	static
SEGGER_SYSVIEW.c:2735:6:SEGGER_SYSVIEW_EnableEvents	16	static
SEGGER_SYSVIEW.c:2749:6:SEGGER_SYSVIEW_DisableEvents	16	static
