trcStreamingRecorder.c:287:6:vTraceInstanceFinishedNow	8	static
trcStreamingRecorder.c:303:6:vTraceInstanceFinishedNext	8	static
trcStreamingRecorder.c:313:13:xTraceRegisterString	16	static
trcStreamingRecorder.c:331:6:vTraceStoreKernelObjectName	16	static
trcStreamingRecorder.c:346:6:vTraceSetFrequency	16	static
trcStreamingRecorder.c:376:6:vTracePrint	32	static
trcStreamingRecorder.c:436:6:vTracePrintF	44	static
trcStreamingRecorder.c:488:13:xTraceSetISRProperties	24	static
trcStreamingRecorder.c:521:6:vTraceStoreISRBegin	40	static
trcStreamingRecorder.c:569:6:vTraceStoreISREnd	32	static
trcStreamingRecorder.c:605:7:xTraceGetLastError	4	static
trcStreamingRecorder.c:647:6:vTraceClearError	4	static
trcStreamingRecorder.c:661:6:vTraceStop	8	static
trcStreamingRecorder.c:671:13:prvSetRecorderEnabled	48	static
trcStreamingRecorder.c:711:13:prvTraceStoreSymbolTable	64	static
trcStreamingRecorder.c:735:13:prvTraceStoreObjectDataTable	48	static
trcStreamingRecorder.c:759:13:prvTraceStoreHeader	48	static
trcStreamingRecorder.c:787:13:prvTraceStoreWarnings	24	static
trcStreamingRecorder.c:848:6:prvTraceStoreEvent0	48	static
trcStreamingRecorder.c:874:6:prvTraceStoreEvent1	48	static
trcStreamingRecorder.c:899:6:prvTraceStoreEvent2	64	static
trcStreamingRecorder.c:926:6:prvTraceStoreEvent3	64	static
trcStreamingRecorder.c:957:6:prvTraceStoreEvent	124	static
trcStreamingRecorder.c:995:6:prvTraceStoreStringEvent	32	static
trcStreamingRecorder.c:1005:13:prvTraceStoreStringEventHelper	144	static
trcStreamingRecorder.c:1094:6:prvTraceSaveSymbol	48	static
trcStreamingRecorder.c:1157:6:prvTraceDeleteSymbol	48	static
trcStreamingRecorder.c:1199:6:prvTraceSaveObjectData	48	static
trcStreamingRecorder.c:1241:6:prvTraceDeleteObjectData	48	static
trcStreamingRecorder.c:1283:5:prvIsValidCommand	24	static
trcStreamingRecorder.c:1305:6:prvProcessCommand	16	static
trcStreamingRecorder.c:1318:6:prvTraceError	16	static
trcStreamingRecorder.c:1333:6:prvTraceInitCortexM	8	static
trcStreamingRecorder.c:1365:17:prvGetTimestamp32	4	static
trcStreamingRecorder.c:1376:13:prvTraceStoreTSConfig	16	static
trcStreamingRecorder.c:1393:12:prvAllocateBufferPage	24	static
trcStreamingRecorder.c:1414:13:prvPageReadComplete	32	static
trcStreamingRecorder.c:1429:12:prvGetBufferPage	24	static
trcStreamingRecorder.c:1480:9:prvPagedEventBufferTransfer	32	static
trcStreamingRecorder.c:1531:7:prvPagedEventBufferGetWritePointer	24	static
trcStreamingRecorder.c:1589:6:prvPagedEventBufferInit	40	static
