Archive member included because of file (symbol)

c:/program files (x86)/freescale/kdsv3.2.0/toolchain/bin/../lib/gcc/arm-none-eabi/4.8.4/armv7e-m\libgcc.a(_arm_addsubsf3.o)
                              ./Generated_Code/UTIL1.o (__aeabi_fsub)
c:/program files (x86)/freescale/kdsv3.2.0/toolchain/bin/../lib/gcc/arm-none-eabi/4.8.4/armv7e-m\libgcc.a(_arm_muldivsf3.o)
                              ./Generated_Code/UTIL1.o (__aeabi_fmul)
c:/program files (x86)/freescale/kdsv3.2.0/toolchain/bin/../lib/gcc/arm-none-eabi/4.8.4/armv7e-m\libgcc.a(_arm_cmpsf2.o)
                              ./Generated_Code/UTIL1.o (__aeabi_fcmplt)
c:/program files (x86)/freescale/kdsv3.2.0/toolchain/bin/../lib/gcc/arm-none-eabi/4.8.4/armv7e-m\libgcc.a(_arm_fixsfsi.o)
                              ./Generated_Code/UTIL1.o (__aeabi_f2iz)
c:/program files (x86)/freescale/kdsv3.2.0/toolchain/bin/../lib/gcc/arm-none-eabi/4.8.4/armv7e-m\libgcc.a(_arm_fixunssfsi.o)
                              ./Generated_Code/UTIL1.o (__aeabi_f2uiz)
c:/program files (x86)/freescale/kdsv3.2.0/toolchain/bin/../lib/gcc/arm-none-eabi/4.8.4/armv7e-m\libgcc.a(_aeabi_ldivmod.o)
                              ./Generated_Code/UTIL1.o (__aeabi_ldivmod)
c:/program files (x86)/freescale/kdsv3.2.0/toolchain/bin/../lib/gcc/arm-none-eabi/4.8.4/armv7e-m\libgcc.a(_aeabi_uldivmod.o)
                              ./Generated_Code/XF1.o (__aeabi_uldivmod)
c:/program files (x86)/freescale/kdsv3.2.0/toolchain/bin/../lib/gcc/arm-none-eabi/4.8.4/armv7e-m\libgcc.a(bpabi.o)
                              c:/program files (x86)/freescale/kdsv3.2.0/toolchain/bin/../lib/gcc/arm-none-eabi/4.8.4/armv7e-m\libgcc.a(_aeabi_ldivmod.o) (__gnu_ldivmod_helper)
c:/program files (x86)/freescale/kdsv3.2.0/toolchain/bin/../lib/gcc/arm-none-eabi/4.8.4/armv7e-m\libgcc.a(_dvmd_tls.o)
                              c:/program files (x86)/freescale/kdsv3.2.0/toolchain/bin/../lib/gcc/arm-none-eabi/4.8.4/armv7e-m\libgcc.a(_aeabi_ldivmod.o) (__aeabi_ldiv0)
c:/program files (x86)/freescale/kdsv3.2.0/toolchain/bin/../lib/gcc/arm-none-eabi/4.8.4/armv7e-m\libgcc.a(_divdi3.o)
                              c:/program files (x86)/freescale/kdsv3.2.0/toolchain/bin/../lib/gcc/arm-none-eabi/4.8.4/armv7e-m\libgcc.a(bpabi.o) (__divdi3)
c:/program files (x86)/freescale/kdsv3.2.0/toolchain/bin/../lib/gcc/arm-none-eabi/4.8.4/armv7e-m\libgcc.a(_udivdi3.o)
                              c:/program files (x86)/freescale/kdsv3.2.0/toolchain/bin/../lib/gcc/arm-none-eabi/4.8.4/armv7e-m\libgcc.a(bpabi.o) (__udivdi3)
c:/program files (x86)/freescale/kdsv3.2.0/toolchain/bin/../lib/gcc/arm-none-eabi/4.8.4/../../../../arm-none-eabi/lib/armv7e-m\libg_s.a(lib_a-exit.o)
                              c:/program files (x86)/freescale/kdsv3.2.0/toolchain/bin/../lib/gcc/arm-none-eabi/4.8.4/../../../../arm-none-eabi/lib/armv7e-m/crt0.o (exit)
c:/program files (x86)/freescale/kdsv3.2.0/toolchain/bin/../lib/gcc/arm-none-eabi/4.8.4/../../../../arm-none-eabi/lib/armv7e-m\libg_s.a(lib_a-impure.o)
                              c:/program files (x86)/freescale/kdsv3.2.0/toolchain/bin/../lib/gcc/arm-none-eabi/4.8.4/../../../../arm-none-eabi/lib/armv7e-m\libg_s.a(lib_a-exit.o) (_global_impure_ptr)
c:/program files (x86)/freescale/kdsv3.2.0/toolchain/bin/../lib/gcc/arm-none-eabi/4.8.4/../../../../arm-none-eabi/lib/armv7e-m\libg_s.a(lib_a-init.o)
                              c:/program files (x86)/freescale/kdsv3.2.0/toolchain/bin/../lib/gcc/arm-none-eabi/4.8.4/../../../../arm-none-eabi/lib/armv7e-m/crt0.o (__libc_init_array)
c:/program files (x86)/freescale/kdsv3.2.0/toolchain/bin/../lib/gcc/arm-none-eabi/4.8.4/../../../../arm-none-eabi/lib/armv7e-m\libg_s.a(lib_a-memcpy-stub.o)
                              ./Generated_Code/SEGGER_RTT.o (memcpy)
c:/program files (x86)/freescale/kdsv3.2.0/toolchain/bin/../lib/gcc/arm-none-eabi/4.8.4/../../../../arm-none-eabi/lib/armv7e-m\libg_s.a(lib_a-memset.o)
                              c:/program files (x86)/freescale/kdsv3.2.0/toolchain/bin/../lib/gcc/arm-none-eabi/4.8.4/../../../../arm-none-eabi/lib/armv7e-m/crt0.o (memset)
c:/program files (x86)/freescale/kdsv3.2.0/toolchain/bin/../lib/gcc/arm-none-eabi/4.8.4/../../../../arm-none-eabi/lib/armv7e-m\libg_s.a(lib_a-rand.o)
                              ./Generated_Code/UTIL1.o (srand)
c:/program files (x86)/freescale/kdsv3.2.0/toolchain/bin/../lib/gcc/arm-none-eabi/4.8.4/../../../../arm-none-eabi/lib/armv7e-m\libg_s.a(lib_a-strchr.o)
                              ./Generated_Code/UTIL1.o (strchr)
c:/program files (x86)/freescale/kdsv3.2.0/toolchain/bin/../lib/gcc/arm-none-eabi/4.8.4/../../../../arm-none-eabi/lib/armv7e-m\libg_s.a(lib_a-strcmp.o)
                              ./Generated_Code/CLS1.o (strcmp)
c:/program files (x86)/freescale/kdsv3.2.0/toolchain/bin/../lib/gcc/arm-none-eabi/4.8.4/../../../../arm-none-eabi/lib/armv7e-m\libg_s.a(lib_a-strlen.o)
                              ./Generated_Code/CLS1.o (strlen)
[...]
Memory Configuration

Name             Origin             Length             Attributes
m_interrupts     0x00000000         0x000000f8         xr
m_text           0x00000410         0x0001fbf0         xr
m_text_10000000  0x10000000         0x00008000         xr
m_data           0x1fffe000         0x00002000         rw
m_data_20000000  0x20000000         0x00002000         rw
m_cfmprotrom     0x00000400         0x00000010         xr
*default*        0x00000000         0xffffffff

Linker script and memory map

LOAD c:/program files (x86)/freescale/kdsv3.2.0/toolchain/bin/../lib/gcc/arm-none-eabi/4.8.4/armv7e-m/crti.o
LOAD c:/program files (x86)/freescale/kdsv3.2.0/toolchain/bin/../lib/gcc/arm-none-eabi/4.8.4/armv7e-m/crtbegin.o
LOAD c:/program files (x86)/freescale/kdsv3.2.0/toolchain/bin/../lib/gcc/arm-none-eabi/4.8.4/../../../../arm-none-eabi/lib/armv7e-m/crt0.o
LOAD ./Sources/TEAM_Common/Application.o
LOAD ./Sources/TEAM_Common/Battery.o
LOAD ./Sources/TEAM_Common/Buzzer.o
LOAD ./Sources/TEAM_Common/Debounce.o
LOAD ./Sources/TEAM_Common/Distance.o
LOAD ./Sources/TEAM_Common/Drive.o
LOAD ./Sources/TEAM_Common/Event.o
LOAD ./Sources/TEAM_Common/KeyDebounce.o
LOAD ./Sources/TEAM_Common/Keys.o
LOAD ./Sources/TEAM_Common/LCD.o
LOAD ./Sources/TEAM_Common/LCDMenu.o
LOAD ./Sources/TEAM_Common/LED.o
LOAD ./Sources/TEAM_Common/LineFollow.o
LOAD ./Sources/TEAM_Common/MCP4728.o
LOAD ./Sources/TEAM_Common/Maze.o
LOAD ./Sources/TEAM_Common/Motor.o
LOAD ./Sources/TEAM_Common/NVM_Config.o
LOAD ./Sources/TEAM_Common/Pid.o
LOAD ./Sources/TEAM_Common/Platform.o
LOAD ./Sources/TEAM_Common/QuadCalib.o
LOAD ./Sources/TEAM_Common/RNet_App.o
LOAD ./Sources/TEAM_Common/RTOS.o
LOAD ./Sources/TEAM_Common/Reflectance.o
LOAD ./Sources/TEAM_Common/Remote.o
LOAD ./Sources/TEAM_Common/Sem.o
LOAD ./Sources/TEAM_Common/Shell.o
LOAD ./Sources/TEAM_Common/ShellQueue.o
LOAD ./Sources/TEAM_Common/Snake.o
LOAD ./Sources/TEAM_Common/Sumo.o
LOAD ./Sources/TEAM_Common/Tacho.o
LOAD ./Sources/TEAM_Common/Timer.o
LOAD ./Sources/TEAM_Common/Trigger.o
LOAD ./Sources/TEAM_Common/Turn.o
LOAD ./Sources/TEAM_Common/VL6180X.o
LOAD ./Sources/Events.o
LOAD ./Sources/main.o
LOAD ./Project_Settings/Startup_Code/startup.o
LOAD ./Generated_Code/AS1.o
LOAD ./Generated_Code/ASerialLdd1.o
LOAD ./Generated_Code/BitIoLdd10.o
LOAD ./Generated_Code/BitIoLdd11.o
LOAD ./Generated_Code/BitIoLdd12.o
LOAD ./Generated_Code/BitIoLdd13.o
LOAD ./Generated_Code/BitIoLdd14.o
LOAD ./Generated_Code/BitIoLdd15.o
LOAD ./Generated_Code/BitIoLdd16.o
LOAD ./Generated_Code/BitIoLdd17.o
LOAD ./Generated_Code/CDC1.o
LOAD ./Generated_Code/CLS1.o
LOAD ./Generated_Code/CS1.o
LOAD ./Generated_Code/Cpu.o
LOAD ./Generated_Code/HF1.o
LOAD ./Generated_Code/IFsh1.o
LOAD ./Generated_Code/IntFlashLdd1.o
LOAD ./Generated_Code/KIN1.o
LOAD ./Generated_Code/LEDPin1.o
LOAD ./Generated_Code/MCUC1.o
LOAD ./Generated_Code/PE_LDD.o
LOAD ./Generated_Code/PTA.o
LOAD ./Generated_Code/PTB.o
LOAD ./Generated_Code/PTD.o
LOAD ./Generated_Code/RTT1.o
LOAD ./Generated_Code/RTT_Syscalls_GCC.o
LOAD ./Generated_Code/Rx1.o
LOAD ./Generated_Code/SEGGER_RTT.o
LOAD ./Generated_Code/SEGGER_RTT_printf.o
LOAD ./Generated_Code/SW1.o
LOAD ./Generated_Code/SW2.o
LOAD ./Generated_Code/SW3.o
LOAD ./Generated_Code/SW4.o
LOAD ./Generated_Code/SW5.o
LOAD ./Generated_Code/SW6.o
LOAD ./Generated_Code/SW7.o
LOAD ./Generated_Code/TI1.o
LOAD ./Generated_Code/TMOUT1.o
LOAD ./Generated_Code/TU1.o
LOAD ./Generated_Code/TimerIntLdd1.o
LOAD ./Generated_Code/TmDt1.o
LOAD ./Generated_Code/Tx1.o
LOAD ./Generated_Code/USB0.o
LOAD ./Generated_Code/USB1.o
LOAD ./Generated_Code/UTIL1.o
LOAD ./Generated_Code/Vectors.o
LOAD ./Generated_Code/WAIT1.o
LOAD ./Generated_Code/XF1.o
LOAD ./Generated_Code/usb_cdc.o
LOAD ./Generated_Code/usb_cdc_pstn.o
LOAD ./Generated_Code/usb_class.o
LOAD ./Generated_Code/usb_dci_kinetis.o
LOAD ./Generated_Code/usb_descriptor.o
LOAD ./Generated_Code/usb_driver.o
LOAD ./Generated_Code/usb_framework.o
LOAD ./Generated_Code/wdt_kinetis.o
LOAD c:/program files (x86)/freescale/kdsv3.2.0/toolchain/bin/../lib/gcc/arm-none-eabi/4.8.4/../../../../arm-none-eabi/lib/armv7e-m\libstdc++_s.a
LOAD c:/program files (x86)/freescale/kdsv3.2.0/toolchain/bin/../lib/gcc/arm-none-eabi/4.8.4/../../../../arm-none-eabi/lib/armv7e-m\libm.a
START GROUP
LOAD c:/program files (x86)/freescale/kdsv3.2.0/toolchain/bin/../lib/gcc/arm-none-eabi/4.8.4/armv7e-m\libgcc.a
LOAD c:/program files (x86)/freescale/kdsv3.2.0/toolchain/bin/../lib/gcc/arm-none-eabi/4.8.4/../../../../arm-none-eabi/lib/armv7e-m\libg_s.a
LOAD c:/program files (x86)/freescale/kdsv3.2.0/toolchain/bin/../lib/gcc/arm-none-eabi/4.8.4/../../../../arm-none-eabi/lib/armv7e-m\libc_s.a
END GROUP
START GROUP
LOAD c:/program files (x86)/freescale/kdsv3.2.0/toolchain/bin/../lib/gcc/arm-none-eabi/4.8.4/armv7e-m\libgcc.a
LOAD c:/program files (x86)/freescale/kdsv3.2.0/toolchain/bin/../lib/gcc/arm-none-eabi/4.8.4/../../../../arm-none-eabi/lib/armv7e-m\libc_s.a
LOAD c:/program files (x86)/freescale/kdsv3.2.0/toolchain/bin/../lib/gcc/arm-none-eabi/4.8.4/../../../../arm-none-eabi/lib/armv7e-m\libnosys.a
END GROUP
START GROUP
LOAD c:/program files (x86)/freescale/kdsv3.2.0/toolchain/bin/../lib/gcc/arm-none-eabi/4.8.4/armv7e-m\libgcc.a
LOAD c:/program files (x86)/freescale/kdsv3.2.0/toolchain/bin/../lib/gcc/arm-none-eabi/4.8.4/../../../../arm-none-eabi/lib/armv7e-m\libc_s.a
LOAD c:/program files (x86)/freescale/kdsv3.2.0/toolchain/bin/../lib/gcc/arm-none-eabi/4.8.4/../../../../arm-none-eabi/lib/armv7e-m\libnosys.a
END GROUP
LOAD c:/program files (x86)/freescale/kdsv3.2.0/toolchain/bin/../lib/gcc/arm-none-eabi/4.8.4/armv7e-m/crtend.o
LOAD c:/program files (x86)/freescale/kdsv3.2.0/toolchain/bin/../lib/gcc/arm-none-eabi/4.8.4/armv7e-m/crtn.o
                0x20000000                _estack = 0x20000000
                0x20000000                __SP_INIT = _estack
                0x20000000                __stack = _estack
                0x00000000                __heap_size = 0x0
                0x00000200                __stack_size = 0x200

.interrupts     0x00000000       0xf8
                0x00000000                __vector_table = .
                0x00000000                . = ALIGN (0x4)
 *(.vectortable)
 .vectortable   0x00000000       0xf8 ./Generated_Code/Vectors.o
                0x00000000                __vect_table
                0x000000f8                . = ALIGN (0x4)

.cfmprotect     0x00000400       0x10
                0x00000400                . = ALIGN (0x4)
 *(.cfmconfig)
 .cfmconfig     0x00000400       0x10 ./Generated_Code/Cpu.o
                0x00000400                _cfm
                0x00000410                . = ALIGN (0x4)

.text           0x00000410     0x4de8
                0x00000410                . = ALIGN (0x4)
 *(.text)
 .text          0x00000410       0x54 c:/program files (x86)/freescale/kdsv3.2.0/toolchain/bin/../lib/gcc/arm-none-eabi/4.8.4/armv7e-m/crtbegin.o
 .text          0x00000464       0x74 c:/program files (x86)/freescale/kdsv3.2.0/toolchain/bin/../lib/gcc/arm-none-eabi/4.8.4/../../../../arm-none-eabi/lib/armv7e-m/crt0.o
                0x00000464                _start
                0x00000464                _mainCRTStartup
 *(.text*)
 .text.APP_AdoptToHardware
                0x000004d8       0x20 ./Sources/TEAM_Common/Application.o
 .text.APP_Start
                0x000004f8       0x24 ./Sources/TEAM_Common/Application.o
                0x000004f8                APP_Start
 .text.LED_Init
                0x0000051c       0x14 ./Sources/TEAM_Common/LED.o
                0x0000051c                LED_Init
 .text.PL_Init  0x00000530        0xc ./Sources/TEAM_Common/Platform.o
                0x00000530                PL_Init
 .text.Cpu_OnNMIINT
                0x0000053c        0xc ./Sources/Events.o
                0x0000053c                Cpu_OnNMIINT
 .text.TI1_OnInterrupt
                0x00000548        0xc ./Sources/Events.o
                0x00000548                TI1_OnInterrupt
 .text.main     0x00000554       0x10 ./Sources/main.o
                0x00000554                main
 .text.__copy_rom_section
                0x00000564       0xe4 ./Project_Settings/Startup_Code/startup.o
                0x00000564                __copy_rom_section
 .text.__copy_rom_sections_to_ram
                0x00000648       0x9c ./Project_Settings/Startup_Code/startup.o
                0x00000648                __copy_rom_sections_to_ram
 .text.__init_registers
                0x000006e4        0xc ./Project_Settings/Startup_Code/startup.o
                0x000006e4                __init_registers
 .text.__init_user
                0x000006f0        0xc ./Project_Settings/Startup_Code/startup.o
                0x000006f0                __init_user
 .text.__thumb_startup
                0x000006fc       0x34 ./Project_Settings/Startup_Code/startup.o
                0x000006fc                __thumb_startup
 .text.HWEnDi   0x00000730       0x1c ./Generated_Code/AS1.o
 .text.AS1_Init
                0x0000074c       0x60 ./Generated_Code/AS1.o
                0x0000074c                AS1_Init
 .text.ASerialLdd1_OnBlockReceived
                0x000007ac       0x7c ./Generated_Code/AS1.o
                0x000007ac                ASerialLdd1_OnBlockReceived
 .text.ASerialLdd1_OnBlockSent
                0x00000828       0x88 ./Generated_Code/AS1.o
                0x00000828                ASerialLdd1_OnBlockSent
 .text.ASerialLdd1_OnError
                0x000008b0       0x98 ./Generated_Code/AS1.o
                0x000008b0                ASerialLdd1_OnError
 .text.ASerialLdd1_OnBreak
                0x00000948       0x24 ./Generated_Code/AS1.o
                0x00000948                ASerialLdd1_OnBreak
 .text.ASerialLdd1_Init
                0x0000096c      0x1c0 ./Generated_Code/ASerialLdd1.o
                0x0000096c                ASerialLdd1_Init
 .text.ASerialLdd1_ReceiveBlock
                0x00000b2c       0x90 ./Generated_Code/ASerialLdd1.o
                0x00000b2c                ASerialLdd1_ReceiveBlock
 .text.ASerialLdd1_SendBlock
                0x00000bbc       0xbc ./Generated_Code/ASerialLdd1.o
                0x00000bbc                ASerialLdd1_SendBlock
 .text.InterruptRx
                0x00000c78       0x58 ./Generated_Code/ASerialLdd1.o
 .text.InterruptTx
                0x00000cd0       0x80 ./Generated_Code/ASerialLdd1.o
 .text.ASerialLdd1_Interrupt
                0x00000d50       0xf4 ./Generated_Code/ASerialLdd1.o
                0x00000d50                ASerialLdd1_Interrupt
 .text.ASerialLdd1_GetError
                0x00000e44       0x70 ./Generated_Code/ASerialLdd1.o
                0x00000e44                ASerialLdd1_GetError
 .text.BitIoLdd10_Init
                0x00000eb4       0x58 ./Generated_Code/BitIoLdd10.o
                0x00000eb4                BitIoLdd10_Init
 .text.BitIoLdd11_Init
                0x00000f0c       0x58 ./Generated_Code/BitIoLdd11.o
                0x00000f0c                BitIoLdd11_Init
 .text.BitIoLdd12_Init
                0x00000f64       0x58 ./Generated_Code/BitIoLdd12.o
                0x00000f64                BitIoLdd12_Init
 .text.BitIoLdd13_Init
                0x00000fbc       0x58 ./Generated_Code/BitIoLdd13.o
                0x00000fbc                BitIoLdd13_Init
 .text.BitIoLdd14_Init
                0x00001014       0x58 ./Generated_Code/BitIoLdd14.o
                0x00001014                BitIoLdd14_Init
 .text.BitIoLdd15_Init
                0x0000106c       0x58 ./Generated_Code/BitIoLdd15.o
                0x0000106c                BitIoLdd15_Init
 .text.BitIoLdd16_Init
                0x000010c4       0x58 ./Generated_Code/BitIoLdd16.o
                0x000010c4                BitIoLdd16_Init
 .text.BitIoLdd17_Init
                0x0000111c       0x64 ./Generated_Code/BitIoLdd17.o
                0x0000111c                BitIoLdd17_Init
 .text.BitIoLdd17_SetVal
                0x00001180       0x1c ./Generated_Code/BitIoLdd17.o
                0x00001180                BitIoLdd17_SetVal
 .text.BitIoLdd17_NegVal
                0x0000119c       0x1c ./Generated_Code/BitIoLdd17.o
                0x0000119c                BitIoLdd17_NegVal
 .text.CDC1_App_Callback
                0x000011b8       0xc8 ./Generated_Code/CDC1.o
                0x000011b8                CDC1_App_Callback
 .text.CDC1_Notify_Callback
                0x00001280       0x4c ./Generated_Code/CDC1.o
                0x00001280                CDC1_Notify_Callback
 .text.CDC1_Init
                0x000012cc       0x5c ./Generated_Code/CDC1.o
                0x000012cc                CDC1_Init
 .text.CLS1_Init
                0x00001328        0xc ./Generated_Code/CLS1.o
                0x00001328                CLS1_Init
 .text.CS1_Init
                0x00001334        0xc ./Generated_Code/CS1.o
                0x00001334                CS1_Init
 .text.Cpu_INT_NMIInterrupt
                0x00001340       0x1c ./Generated_Code/Cpu.o
                0x00001340                Cpu_INT_NMIInterrupt
 .text.Cpu_Interrupt
                0x0000135c       0x18 ./Generated_Code/Cpu.o
                0x0000135c                Cpu_Interrupt
 .text.__init_hardware
                0x00001374      0x190 ./Generated_Code/Cpu.o
                0x00001374                __init_hardware
 .text.Cpu_SetBASEPRI
                0x00001504       0x18 ./Generated_Code/Cpu.o
                0x00001504                Cpu_SetBASEPRI
 .text.PE_low_level_init
                0x0000151c      0x1e8 ./Generated_Code/Cpu.o
                0x0000151c                PE_low_level_init
 .text.HF1_HandlerC
                0x00001704       0xd4 ./Generated_Code/HF1.o
                0x00001704                HF1_HandlerC
 .text.HF1_HardFaultHandler
                0x000017d8       0x1c ./Generated_Code/HF1.o
                0x000017d8                HF1_HardFaultHandler
 .text.HF1_Init
                0x000017f4        0xc ./Generated_Code/HF1.o
                0x000017f4                HF1_Init
 .text.IFsh1_Init
                0x00001800       0x2c ./Generated_Code/IFsh1.o
                0x00001800                IFsh1_Init
 .text.IntFlashLdd1_Init
                0x0000182c       0x64 ./Generated_Code/IntFlashLdd1.o
                0x0000182c                IntFlashLdd1_Init
 .text.KIN1_UIDGet
                0x00001890      0x12c ./Generated_Code/KIN1.o
                0x00001890                KIN1_UIDGet
 .text.MCUC1_Init
                0x000019bc        0xc ./Generated_Code/MCUC1.o
                0x000019bc                MCUC1_Init
 .text.PTA_Init
                0x000019c8       0x1c ./Generated_Code/PTA.o
                0x000019c8                PTA_Init
 .text.PTB_Init
                0x000019e4        0xc ./Generated_Code/PTB.o
                0x000019e4                PTB_Init
 .text.PTD_Init
                0x000019f0       0x1c ./Generated_Code/PTD.o
                0x000019f0                PTD_Init
 .text.RTT1_Init
                0x00001a0c        0xc ./Generated_Code/RTT1.o
                0x00001a0c                RTT1_Init
 .text.Rx1_Put  0x00001a18       0x74 ./Generated_Code/Rx1.o
                0x00001a18                Rx1_Put
 .text.Rx1_Init
                0x00001a8c       0x2c ./Generated_Code/Rx1.o
                0x00001a8c                Rx1_Init
 .text._DoInit  0x00001ab8       0xa4 ./Generated_Code/SEGGER_RTT.o
 .text.SEGGER_RTT_Init
                0x00001b5c        0xc ./Generated_Code/SEGGER_RTT.o
                0x00001b5c                SEGGER_RTT_Init
 .text.TimerIntLdd1_OnInterrupt
                0x00001b68       0x14 ./Generated_Code/TI1.o
                0x00001b68                TimerIntLdd1_OnInterrupt
 .text.TMOUT1_Init
                0x00001b7c       0x3c ./Generated_Code/TMOUT1.o
                0x00001b7c                TMOUT1_Init
 .text.TU1_Init
                0x00001bb8       0xf8 ./Generated_Code/TU1.o
                0x00001bb8                TU1_Init
 .text.TU1_Interrupt
                0x00001cb0       0x6c ./Generated_Code/TU1.o
                0x00001cb0                TU1_Interrupt
 .text.TimerIntLdd1_Init
                0x00001d1c       0x50 ./Generated_Code/TimerIntLdd1.o
                0x00001d1c                TimerIntLdd1_Init
 .text.TU1_OnCounterRestart
                0x00001d6c       0x24 ./Generated_Code/TimerIntLdd1.o
                0x00001d6c                TU1_OnCounterRestart
 .text.TmDt1_SetSWTimeDate
                0x00001d90       0x98 ./Generated_Code/TmDt1.o
                0x00001d90                TmDt1_SetSWTimeDate
 .text.TmDt1_Init
                0x00001e28       0x1c ./Generated_Code/TmDt1.o
                0x00001e28                TmDt1_Init
 .text.TmDt1_TimeToTicks
                0x00001e44       0x50 ./Generated_Code/TmDt1.o
                0x00001e44                TmDt1_TimeToTicks
 .text.Tx1_Init
                0x00001e94       0x2c ./Generated_Code/Tx1.o
                0x00001e94                Tx1_Init
 .text.USB0_Init
                0x00001ec0      0x19c ./Generated_Code/USB0.o
                0x00001ec0                USB0_Init
 .text.USB1_usb_int_en
                0x0000205c       0x20 ./Generated_Code/USB1.o
                0x0000205c                USB1_usb_int_en
 .text.USB1_Init
                0x0000207c       0x2c ./Generated_Code/USB1.o
                0x0000207c                USB1_Init
 .text.WAIT1_Wait10Cycles
                0x000020a8        0x8 ./Generated_Code/WAIT1.o
                0x000020a8                WAIT1_Wait10Cycles
 .text.WAIT1_Wait100Cycles
                0x000020b0       0x28 ./Generated_Code/WAIT1.o
                0x000020b0                WAIT1_Wait100Cycles
 .text.WAIT1_WaitCycles
                0x000020d8       0x34 ./Generated_Code/WAIT1.o
                0x000020d8                WAIT1_WaitCycles
 .text.WAIT1_WaitLongCycles
                0x0000210c       0x38 ./Generated_Code/WAIT1.o
                0x0000210c                WAIT1_WaitLongCycles
 .text.WAIT1_Waitms
                0x00002144       0x2c ./Generated_Code/WAIT1.o
                0x00002144                WAIT1_Waitms
 .text.WAIT1_Init
                0x00002170        0xc ./Generated_Code/WAIT1.o
                0x00002170                WAIT1_Init
 .text.XF1_Init
                0x0000217c        0xc ./Generated_Code/XF1.o
                0x0000217c                XF1_Init
 .text.USB_Class_CDC_Service_Cic_Notify
                0x00002188       0xfc ./Generated_Code/usb_cdc.o
                0x00002188                USB_Class_CDC_Service_Cic_Notify
 .text.USB_Class_CDC_Service_Dic_Bulk_In
                0x00002284      0x12c ./Generated_Code/usb_cdc.o
                0x00002284                USB_Class_CDC_Service_Dic_Bulk_In
 .text.USB_Class_CDC_Service_Dic_Bulk_Out
                0x000023b0       0x58 ./Generated_Code/usb_cdc.o
                0x000023b0                USB_Class_CDC_Service_Dic_Bulk_Out
 .text.USB_Class_CDC_Event
                0x00002408      0x164 ./Generated_Code/usb_cdc.o
                0x00002408                USB_Class_CDC_Event
 .text.USB_Other_Requests
                0x0000256c      0x1c4 ./Generated_Code/usb_cdc.o
 .text.USB_Class_CDC_Init
                0x00002730       0xfc ./Generated_Code/usb_cdc.o
                0x00002730                USB_Class_CDC_Init
 .text.USB_Class_CDC_Send_Data
                0x0000282c      0x13c ./Generated_Code/usb_cdc.o
                0x0000282c                USB_Class_CDC_Send_Data
 .text.USB_Class_CDC_Pstn_Init
                0x00002968       0x28 ./Generated_Code/usb_cdc_pstn.o
                0x00002968                USB_Class_CDC_Pstn_Init
 .text.USB_Class_CDC_PSTN_Get_Line_Coding
                0x00002990       0x3c ./Generated_Code/usb_cdc_pstn.o
                0x00002990                USB_Class_CDC_PSTN_Get_Line_Coding
 .text.USB_Class_CDC_PSTN_Set_Line_Coding
                0x000029cc       0x48 ./Generated_Code/usb_cdc_pstn.o
                0x000029cc                USB_Class_CDC_PSTN_Set_Line_Coding
 .text.USB_Class_CDC_PSTN_Set_Ctrl_Line_State
                0x00002a14       0xc0 ./Generated_Code/usb_cdc_pstn.o
                0x00002a14                USB_Class_CDC_PSTN_Set_Ctrl_Line_State
 .text.USB_Class_CDC_PSTN_Send_Break
                0x00002ad4       0x30 ./Generated_Code/usb_cdc_pstn.o
                0x00002ad4                USB_Class_CDC_PSTN_Send_Break
 .text.USB_Class_CDC_PSTN_Get_Comm_Feature
                0x00002b04       0x74 ./Generated_Code/usb_cdc_pstn.o
                0x00002b04                USB_Class_CDC_PSTN_Get_Comm_Feature
 .text.USB_Class_CDC_PSTN_Set_Comm_Feature
                0x00002b78       0x74 ./Generated_Code/usb_cdc_pstn.o
                0x00002b78                USB_Class_CDC_PSTN_Set_Comm_Feature
 .text.USB_Class_CDC_PSTN_Send_Serial_State
                0x00002bec       0x3c ./Generated_Code/usb_cdc_pstn.o
                0x00002bec                USB_Class_CDC_PSTN_Send_Serial_State
 .text.USB_Suspend_Service
                0x00002c28       0x40 ./Generated_Code/usb_class.o
                0x00002c28                USB_Suspend_Service
 .text.USB_Resume_Service
                0x00002c68       0x50 ./Generated_Code/usb_class.o
                0x00002c68                USB_Resume_Service
 .text.USB_Stall_Service
                0x00002cb8       0x34 ./Generated_Code/usb_class.o
                0x00002cb8                USB_Stall_Service
 .text.USB_Sof_Service
                0x00002cec       0x40 ./Generated_Code/usb_class.o
                0x00002cec                USB_Sof_Service
 .text.USB_Reset_Service
                0x00002d2c       0xbc ./Generated_Code/usb_class.o
                0x00002d2c                USB_Reset_Service
 .text.USB_Error_Service
                0x00002de8       0x28 ./Generated_Code/usb_class.o
                0x00002de8                USB_Error_Service
 .text.USB_Class_Init
                0x00002e10       0xec ./Generated_Code/usb_class.o
                0x00002e10                USB_Class_Init
 .text.USB_Class_Initiate_Resume
                0x00002efc       0x70 ./Generated_Code/usb_class.o
                0x00002efc                USB_Class_Initiate_Resume
 .text.USB_Class_Send_Data
                0x00002f6c       0x48 ./Generated_Code/usb_class.o
                0x00002f6c                USB_Class_Send_Data
 .text.USB_Bus_Reset_Handler
                0x00002fb4       0xc0 ./Generated_Code/usb_dci_kinetis.o
 .text.USB_DCI_Get_BDT_Index
                0x00003074       0x44 ./Generated_Code/usb_dci_kinetis.o
 .text.USB_DCI_Validate_Param
                0x000030b8       0x5c ./Generated_Code/usb_dci_kinetis.o
 .text.USB_DCI_Prepare_Send_Data
                0x00003114       0x6c ./Generated_Code/usb_dci_kinetis.o
 .text.USB_DCI_Init
                0x00003180      0x160 ./Generated_Code/usb_dci_kinetis.o
                0x00003180                USB_DCI_Init
 .text.USB_DCI_Init_EndPoint
                0x000032e0      0x20c ./Generated_Code/usb_dci_kinetis.o
                0x000032e0                USB_DCI_Init_EndPoint
 .text._usb_device_cancel_transfer
                0x000034ec       0xa4 ./Generated_Code/usb_dci_kinetis.o
                0x000034ec                _usb_device_cancel_transfer
 .text.USB_DCI_Deinit_EndPoint
                0x00003590       0xb0 ./Generated_Code/usb_dci_kinetis.o
                0x00003590                USB_DCI_Deinit_EndPoint
 .text._usb_device_stall_endpoint
                0x00003640       0x7c ./Generated_Code/usb_dci_kinetis.o
                0x00003640                _usb_device_stall_endpoint
 .text._usb_device_unstall_endpoint
                0x000036bc       0xe4 ./Generated_Code/usb_dci_kinetis.o
                0x000036bc                _usb_device_unstall_endpoint
 .text._usb_device_clear_data0_endpoint
                0x000037a0       0x60 ./Generated_Code/usb_dci_kinetis.o
                0x000037a0                _usb_device_clear_data0_endpoint
 .text._usb_device_recv_data
                0x00003800      0x138 ./Generated_Code/usb_dci_kinetis.o
                0x00003800                _usb_device_recv_data
 .text._usb_device_send_data
                0x00003938       0xe0 ./Generated_Code/usb_dci_kinetis.o
                0x00003938                _usb_device_send_data
 .text._usb_device_set_address
                0x00003a18       0x30 ./Generated_Code/usb_dci_kinetis.o
                0x00003a18                _usb_device_set_address
 .text._usb_device_assert_resume
                0x00003a48       0xb8 ./Generated_Code/usb_dci_kinetis.o
                0x00003a48                _usb_device_assert_resume
 .text.USB_Bus_Token_Cpl_Handler
                0x00003b00      0x328 ./Generated_Code/usb_dci_kinetis.o
 .text.USB_ISR  0x00003e28      0x2a4 ./Generated_Code/usb_dci_kinetis.o
                0x00003e28                USB_ISR
 .text.Clear_Mem
                0x000040cc       0x24 ./Generated_Code/usb_dci_kinetis.o
                0x000040cc                Clear_Mem
 .text.USB_Desc_Get_Descriptor
                0x000040f0       0xf4 ./Generated_Code/usb_descriptor.o
                0x000040f0                USB_Desc_Get_Descriptor
 .text.USB_Desc_Get_Interface
                0x000041e4       0x38 ./Generated_Code/usb_descriptor.o
                0x000041e4                USB_Desc_Get_Interface
 .text.USB_Desc_Set_Interface
                0x0000421c       0x38 ./Generated_Code/usb_descriptor.o
                0x0000421c                USB_Desc_Set_Interface
 .text.USB_Desc_Valid_Configation
                0x00004254       0x44 ./Generated_Code/usb_descriptor.o
                0x00004254                USB_Desc_Valid_Configation
 .text.USB_Desc_Remote_Wakeup
                0x00004298       0x18 ./Generated_Code/usb_descriptor.o
                0x00004298                USB_Desc_Remote_Wakeup
 .text.USB_Desc_Get_Endpoints
                0x000042b0       0x1c ./Generated_Code/usb_descriptor.o
                0x000042b0                USB_Desc_Get_Endpoints
 .text.USB_Desc_Get_Line_Coding
                0x000042cc       0x3c ./Generated_Code/usb_descriptor.o
                0x000042cc                USB_Desc_Get_Line_Coding
 .text.USB_Desc_Set_Line_Coding
                0x00004308       0x5c ./Generated_Code/usb_descriptor.o
                0x00004308                USB_Desc_Set_Line_Coding
 .text.USB_Desc_Get_Abstract_State
                0x00004364       0x38 ./Generated_Code/usb_descriptor.o
                0x00004364                USB_Desc_Get_Abstract_State
 .text.USB_Desc_Get_Country_Setting
                0x0000439c       0x38 ./Generated_Code/usb_descriptor.o
                0x0000439c                USB_Desc_Get_Country_Setting
 .text.USB_Desc_Set_Abstract_State
                0x000043d4       0x58 ./Generated_Code/usb_descriptor.o
                0x000043d4                USB_Desc_Set_Abstract_State
 .text.USB_Desc_Set_Country_Setting
                0x0000442c       0x58 ./Generated_Code/usb_descriptor.o
                0x0000442c                USB_Desc_Set_Country_Setting
 .text.USB_Device_Init_Params
                0x00004484       0x60 ./Generated_Code/usb_driver.o
 .text._usb_device_init
                0x000044e4       0x48 ./Generated_Code/usb_driver.o
                0x000044e4                _usb_device_init
 .text._usb_device_init_endpoint
                0x0000452c       0x74 ./Generated_Code/usb_driver.o
                0x0000452c                _usb_device_init_endpoint
 .text._usb_device_deinit_endpoint
                0x000045a0       0x6c ./Generated_Code/usb_driver.o
                0x000045a0                _usb_device_deinit_endpoint
 .text._usb_device_get_status
                0x0000460c       0x68 ./Generated_Code/usb_driver.o
                0x0000460c                _usb_device_get_status
 .text._usb_device_set_status
                0x00004674       0xbc ./Generated_Code/usb_driver.o
                0x00004674                _usb_device_set_status
 .text._usb_device_register_service
                0x00004730       0x20 ./Generated_Code/usb_driver.o
                0x00004730                _usb_device_register_service
 .text.USB_Device_Call_Service
                0x00004750       0x3c ./Generated_Code/usb_driver.o
                0x00004750                USB_Device_Call_Service
 .text.USB_NULL_CALLBACK
                0x0000478c       0x14 ./Generated_Code/usb_driver.o
                0x0000478c                USB_NULL_CALLBACK
 .text.USB_Framework_Init
                0x000047a0       0x44 ./Generated_Code/usb_framework.o
                0x000047a0                USB_Framework_Init
 .text.USB_Control_Service
                0x000047e4      0x1dc ./Generated_Code/usb_framework.o
                0x000047e4                USB_Control_Service
 .text.USB_Control_Service_Handler
                0x000049c0       0x74 ./Generated_Code/usb_framework.o
 .text.USB_Strd_Req_Get_Status
                0x00004a34      0x170 ./Generated_Code/usb_framework.o
 .text.USB_Strd_Req_Feature
                0x00004ba4      0x174 ./Generated_Code/usb_framework.o
 .text.USB_Strd_Req_Set_Address
                0x00004d18       0x3c ./Generated_Code/usb_framework.o
 .text.USB_Strd_Req_Assign_Address
                0x00004d54       0x44 ./Generated_Code/usb_framework.o
 .text.USB_Strd_Req_Get_Config
                0x00004d98       0x4c ./Generated_Code/usb_framework.o
 .text.USB_Strd_Req_Set_Config
                0x00004de4       0x9c ./Generated_Code/usb_framework.o
 .text.USB_Strd_Req_Get_Interface
                0x00004e80       0x50 ./Generated_Code/usb_framework.o
 .text.USB_Strd_Req_Set_Interface
                0x00004ed0       0x4c ./Generated_Code/usb_framework.o
 .text.USB_Strd_Req_Sync_Frame
                0x00004f1c       0x48 ./Generated_Code/usb_framework.o
 .text.USB_Strd_Req_Get_Descriptor
                0x00004f64       0x54 ./Generated_Code/usb_framework.o
 .text.Watchdog_Reset
                0x00004fb8       0x20 ./Generated_Code/wdt_kinetis.o
                0x00004fb8                Watchdog_Reset
 .text.exit     0x00004fd8       0x28 c:/program files (x86)/freescale/kdsv3.2.0/toolchain/bin/../lib/gcc/arm-none-eabi/4.8.4/../../../../arm-none-eabi/lib/armv7e-m\libg_s.a(lib_a-exit.o)
                0x00004fd8                exit
 .text.__libc_init_array
                0x00005000       0x4c c:/program files (x86)/freescale/kdsv3.2.0/toolchain/bin/../lib/gcc/arm-none-eabi/4.8.4/../../../../arm-none-eabi/lib/armv7e-m\libg_s.a(lib_a-init.o)
                0x00005000                __libc_init_array
 .text.memcpy   0x0000504c       0x12 c:/program files (x86)/freescale/kdsv3.2.0/toolchain/bin/../lib/gcc/arm-none-eabi/4.8.4/../../../../arm-none-eabi/lib/armv7e-m\libg_s.a(lib_a-memcpy-stub.o)
                0x0000504c                memcpy
 .text.memset   0x0000505e       0x10 c:/program files (x86)/freescale/kdsv3.2.0/toolchain/bin/../lib/gcc/arm-none-eabi/4.8.4/../../../../arm-none-eabi/lib/armv7e-m\libg_s.a(lib_a-memset.o)
                0x0000505e                memset
 *fill*         0x0000506e        0x2 
 .text._exit    0x00005070        0x4 c:/program files (x86)/freescale/kdsv3.2.0/toolchain/bin/../lib/gcc/arm-none-eabi/4.8.4/../../../../arm-none-eabi/lib/armv7e-m\libnosys.a(_exit.o)
                0x00005070                _exit
 *(.rodata)
 .rodata        0x00005074       0x18 ./Generated_Code/SEGGER_RTT.o
 .rodata        0x0000508c        0x8 ./Generated_Code/usb_dci_kinetis.o
 *(.rodata*)
 .rodata.TmDt1_DefaultTime
                0x00005094        0x4 ./Generated_Code/TmDt1.o
 .rodata.TmDt1_DefaultDate
                0x00005098        0x4 ./Generated_Code/TmDt1.o
 .rodata.usb_desc_ep
                0x0000509c       0x10 ./Generated_Code/usb_descriptor.o
                0x0000509c                usb_desc_ep
 .rodata.g_std_desc_size
                0x000050ac       0x10 ./Generated_Code/usb_descriptor.o
                0x000050ac                g_std_desc_size
 .rodata.g_std_descriptors
                0x000050bc       0x20 ./Generated_Code/usb_descriptor.o
                0x000050bc                g_std_descriptors
 .rodata.g_string_desc_size
                0x000050dc        0x8 ./Generated_Code/usb_descriptor.o
                0x000050dc                g_string_desc_size
 .rodata.g_string_descriptors
                0x000050e4       0x14 ./Generated_Code/usb_descriptor.o
                0x000050e4                g_string_descriptors
 .rodata.g_languages
                0x000050f8       0x20 ./Generated_Code/usb_descriptor.o
                0x000050f8                g_languages
 .rodata.g_valid_config_values
                0x00005118        0x4 ./Generated_Code/usb_descriptor.o
                0x00005118                g_valid_config_values
 .rodata.g_usb_CB
                0x0000511c       0x60 ./Generated_Code/usb_driver.o
 .rodata.g_validate_request
                0x0000517c       0x28 ./Generated_Code/usb_framework.o
                0x0000517c                g_validate_request
 .rodata.g_standard_request
                0x000051a4       0x34 ./Generated_Code/usb_framework.o
                0x000051a4                g_standard_request
 .rodata.str1.1
                0x000051d8        0x2 c:/program files (x86)/freescale/kdsv3.2.0/toolchain/bin/../lib/gcc/arm-none-eabi/4.8.4/../../../../arm-none-eabi/lib/armv7e-m\libg_s.a(lib_a-impure.o)
 *fill*         0x000051da        0x2 
 .rodata._global_impure_ptr
                0x000051dc        0x4 c:/program files (x86)/freescale/kdsv3.2.0/toolchain/bin/../lib/gcc/arm-none-eabi/4.8.4/../../../../arm-none-eabi/lib/armv7e-m\libg_s.a(lib_a-impure.o)
                0x000051dc                _global_impure_ptr
 *(.glue_7)
 .glue_7        0x00000000        0x0 linker stubs
 *(.glue_7t)
 .glue_7t       0x00000000        0x0 linker stubs
 *(.eh_frame)
 .eh_frame      0x000051e0        0x0 c:/program files (x86)/freescale/kdsv3.2.0/toolchain/bin/../lib/gcc/arm-none-eabi/4.8.4/armv7e-m/crtbegin.o
 *(.init)
 .init          0x000051e0        0x4 c:/program files (x86)/freescale/kdsv3.2.0/toolchain/bin/../lib/gcc/arm-none-eabi/4.8.4/armv7e-m/crti.o
                0x000051e0                _init
 .init          0x000051e4        0x8 c:/program files (x86)/freescale/kdsv3.2.0/toolchain/bin/../lib/gcc/arm-none-eabi/4.8.4/armv7e-m/crtn.o
 *(.fini)
 .fini          0x000051ec        0x4 c:/program files (x86)/freescale/kdsv3.2.0/toolchain/bin/../lib/gcc/arm-none-eabi/4.8.4/armv7e-m/crti.o
                0x000051ec                _fini
 .fini          0x000051f0        0x8 c:/program files (x86)/freescale/kdsv3.2.0/toolchain/bin/../lib/gcc/arm-none-eabi/4.8.4/armv7e-m/crtn.o
                0x000051f8                . = ALIGN (0x4)
                0x000051f8                _etext = .

.vfp11_veneer   0x000051f8        0x0
 .vfp11_veneer  0x00000000        0x0 linker stubs

.v4_bx          0x000051f8        0x0
 .v4_bx         0x00000000        0x0 linker stubs

.iplt           0x000051f8        0x0
 .iplt          0x00000000        0x0 c:/program files (x86)/freescale/kdsv3.2.0/toolchain/bin/../lib/gcc/arm-none-eabi/4.8.4/armv7e-m/crtbegin.o

.ARM.extab
 *(.ARM.extab* .gnu.linkonce.armextab.*)

.ARM            0x000051f8        0x8
                0x000051f8                __exidx_start = .
 *(.ARM.exidx*)
 .ARM.exidx     0x000051f8        0x8 c:/program files (x86)/freescale/kdsv3.2.0/toolchain/bin/../lib/gcc/arm-none-eabi/4.8.4/../../../../arm-none-eabi/lib/armv7e-m/crt0.o
                0x00005200                __exidx_end = .

.rel.dyn        0x00005200        0x0
 .rel.iplt      0x00000000        0x0 c:/program files (x86)/freescale/kdsv3.2.0/toolchain/bin/../lib/gcc/arm-none-eabi/4.8.4/armv7e-m/crtbegin.o

.ctors          0x00005200        0x0
                0x00005200                __CTOR_LIST__ = .
 *crtbegin.o(.ctors)
 *(EXCLUDE_FILE(*crtend.o) .ctors)
 *(SORT(.ctors.*))
 *(.ctors)
                0x00005200                __CTOR_END__ = .

.dtors          0x00005200        0x0
                0x00005200                __DTOR_LIST__ = .
 *crtbegin.o(.dtors)
 *(EXCLUDE_FILE(*crtend.o) .dtors)
 *(SORT(.dtors.*))
 *(.dtors)
                0x00005200                __DTOR_END__ = .

.preinit_array  0x00005200        0x0
                0x00005200                PROVIDE (__preinit_array_start, .)
 *(.preinit_array*)
                0x00005200                PROVIDE (__preinit_array_end, .)

.init_array     0x00005200        0x4
                0x00005200                PROVIDE (__init_array_start, .)
 *(SORT(.init_array.*))
 *(.init_array*)
 .init_array    0x00005200        0x4 c:/program files (x86)/freescale/kdsv3.2.0/toolchain/bin/../lib/gcc/arm-none-eabi/4.8.4/armv7e-m/crtbegin.o
                0x00005204                PROVIDE (__init_array_end, .)

.fini_array     0x00005204        0x4
                0x00005204                PROVIDE (__fini_array_start, .)
 *(SORT(.fini_array.*))
 *(.fini_array*)
 .fini_array    0x00005204        0x4 c:/program files (x86)/freescale/kdsv3.2.0/toolchain/bin/../lib/gcc/arm-none-eabi/4.8.4/armv7e-m/crtbegin.o
                0x00005208                PROVIDE (__fini_array_end, .)
                0x00005208                ___ROM_AT = .

.data           0x1fffe000      0x154 load address 0x00005208
                0x1fffe000                . = ALIGN (0x4)
                0x1fffe000                _sdata = .
 *(.data)
 *(.data*)
 .data.g_serial_state_buf
                0x1fffe000        0xc ./Generated_Code/usb_cdc_pstn.o
 .data.g_trf_direction
                0x1fffe00c        0x1 ./Generated_Code/usb_dci_kinetis.o
 *fill*         0x1fffe00d        0x3 
 .data.g_device_descriptor
                0x1fffe010       0x14 ./Generated_Code/usb_descriptor.o
                0x1fffe010                g_device_descriptor
 .data.g_config_descriptor
                0x1fffe024       0x44 ./Generated_Code/usb_descriptor.o
                0x1fffe024                g_config_descriptor
 .data.USB_STR_0
                0x1fffe068        0x4 ./Generated_Code/usb_descriptor.o
                0x1fffe068                USB_STR_0
 .data.USB_STR_1
                0x1fffe06c       0x20 ./Generated_Code/usb_descriptor.o
                0x1fffe06c                USB_STR_1
 .data.USB_STR_2
                0x1fffe08c       0x20 ./Generated_Code/usb_descriptor.o
                0x1fffe08c                USB_STR_2
 .data.USB_STR_3
                0x1fffe0ac       0x14 ./Generated_Code/usb_descriptor.o
                0x1fffe0ac                USB_STR_3
 .data.USB_STR_n
                0x1fffe0c0       0x24 ./Generated_Code/usb_descriptor.o
                0x1fffe0c0                USB_STR_n
 .data.g_line_coding
                0x1fffe0e4       0x10 ./Generated_Code/usb_descriptor.o
 .data.impure_data
                0x1fffe0f4       0x60 c:/program files (x86)/freescale/kdsv3.2.0/toolchain/bin/../lib/gcc/arm-none-eabi/4.8.4/../../../../arm-none-eabi/lib/armv7e-m\libg_s.a(lib_a-impure.o)
                0x1fffe154                . = ALIGN (0x4)
                0x1fffe154                _edata = .
                0x00000154                ___data_size = (_edata - _sdata)
                0x0000535c                ___m_data_20000000_ROMStart = (___ROM_AT + SIZEOF (.data))

.jcr            0x1fffe154        0x0 load address 0x0000535c
 .jcr           0x1fffe154        0x0 c:/program files (x86)/freescale/kdsv3.2.0/toolchain/bin/../lib/gcc/arm-none-eabi/4.8.4/armv7e-m/crtbegin.o

.igot.plt       0x1fffe154        0x0 load address 0x0000535c
 .igot.plt      0x00000000        0x0 c:/program files (x86)/freescale/kdsv3.2.0/toolchain/bin/../lib/gcc/arm-none-eabi/4.8.4/armv7e-m/crtbegin.o

.m_data_20000000
                0x20000000        0x0 load address 0x0000535c
                0x20000000                . = ALIGN (0x4)
                0x20000000                ___m_data_20000000_RAMStart = .
 *(.m_data_20000000)
                0x20000000                ___m_data_20000000_RAMEnd = .
                0x20000000                . = ALIGN (0x4)
                0x00000000                ___m_data_20000000_ROMSize = (___m_data_20000000_RAMEnd - ___m_data_20000000_RAMStart)
                0x20000000                . = ALIGN (0x4)

.bss            0x1fffe200      0xe00 load address 0x00005600
                0x1fffe200                __START_BSS = .
                0x1fffe200                PROVIDE (__bss_start__, __START_BSS)
 *(.bss)
 .bss           0x1fffe200       0x1c c:/program files (x86)/freescale/kdsv3.2.0/toolchain/bin/../lib/gcc/arm-none-eabi/4.8.4/armv7e-m/crtbegin.o
 *(.bss*)
 .bss.SerFlag   0x1fffe21c        0x2 ./Generated_Code/AS1.o
 .bss.AS1_InpLen
                0x1fffe21e        0x2 ./Generated_Code/AS1.o
 .bss.InpIndexR
                0x1fffe220        0x2 ./Generated_Code/AS1.o
 .bss.InpIndexW
                0x1fffe222        0x2 ./Generated_Code/AS1.o
 .bss.InpBuffer
                0x1fffe224       0x40 ./Generated_Code/AS1.o
 .bss.BufferRead
                0x1fffe264        0x1 ./Generated_Code/AS1.o
 *fill*         0x1fffe265        0x1 
 .bss.AS1_OutLen
                0x1fffe266        0x2 ./Generated_Code/AS1.o
 .bss.OutIndexR
                0x1fffe268        0x2 ./Generated_Code/AS1.o
 .bss.OutIndexW
                0x1fffe26a        0x2 ./Generated_Code/AS1.o
 .bss.OutBuffer
                0x1fffe26c       0x40 ./Generated_Code/AS1.o
 .bss.DeviceDataPrv__DEFAULT_RTOS_ALLOC
                0x1fffe2ac       0x20 ./Generated_Code/ASerialLdd1.o
 .bss.INT_UART1_RX_TX__DEFAULT_RTOS_ISRPARAM
                0x1fffe2cc        0x4 ./Generated_Code/ASerialLdd1.o
 .bss.INT_UART1_ERR__DEFAULT_RTOS_ISRPARAM
                0x1fffe2d0        0x4 ./Generated_Code/ASerialLdd1.o
 .bss.DeviceDataPrv__DEFAULT_RTOS_ALLOC
                0x1fffe2d4        0x4 ./Generated_Code/BitIoLdd10.o
 .bss.DeviceDataPrv__DEFAULT_RTOS_ALLOC
                0x1fffe2d8        0x4 ./Generated_Code/BitIoLdd11.o
 .bss.DeviceDataPrv__DEFAULT_RTOS_ALLOC
                0x1fffe2dc        0x4 ./Generated_Code/BitIoLdd12.o
 .bss.DeviceDataPrv__DEFAULT_RTOS_ALLOC
                0x1fffe2e0        0x4 ./Generated_Code/BitIoLdd13.o
 .bss.DeviceDataPrv__DEFAULT_RTOS_ALLOC
                0x1fffe2e4        0x4 ./Generated_Code/BitIoLdd14.o
 .bss.DeviceDataPrv__DEFAULT_RTOS_ALLOC
                0x1fffe2e8        0x4 ./Generated_Code/BitIoLdd15.o
 .bss.DeviceDataPrv__DEFAULT_RTOS_ALLOC
                0x1fffe2ec        0x4 ./Generated_Code/BitIoLdd16.o
 .bss.DeviceDataPrv__DEFAULT_RTOS_ALLOC
                0x1fffe2f0        0x4 ./Generated_Code/BitIoLdd17.o
 .bss.start_app
                0x1fffe2f4        0x1 ./Generated_Code/CDC1.o
 .bss.start_transactions
                0x1fffe2f5        0x1 ./Generated_Code/CDC1.o
 .bss.transactionOngoing
                0x1fffe2f6        0x1 ./Generated_Code/CDC1.o
 .bss.SR_lock   0x1fffe2f7        0x1 ./Generated_Code/Cpu.o
                0x1fffe2f7                SR_lock
 .bss.stacked_r0.5804
                0x1fffe2f8        0x4 ./Generated_Code/HF1.o
 .bss.stacked_r1.5805
                0x1fffe2fc        0x4 ./Generated_Code/HF1.o
 .bss.stacked_r2.5806
                0x1fffe300        0x4 ./Generated_Code/HF1.o
 .bss.stacked_r3.5807
                0x1fffe304        0x4 ./Generated_Code/HF1.o
 .bss.stacked_r12.5808
                0x1fffe308        0x4 ./Generated_Code/HF1.o
 .bss.stacked_lr.5809
                0x1fffe30c        0x4 ./Generated_Code/HF1.o
 .bss.stacked_pc.5810
                0x1fffe310        0x4 ./Generated_Code/HF1.o
 .bss.stacked_psr.5811
                0x1fffe314        0x4 ./Generated_Code/HF1.o
 .bss._CFSR.5812
                0x1fffe318        0x4 ./Generated_Code/HF1.o
 .bss._HFSR.5813
                0x1fffe31c        0x4 ./Generated_Code/HF1.o
 .bss._DFSR.5814
                0x1fffe320        0x4 ./Generated_Code/HF1.o
 .bss._AFSR.5815
                0x1fffe324        0x4 ./Generated_Code/HF1.o
 .bss._MMAR.5817
                0x1fffe328        0x4 ./Generated_Code/HF1.o
 .bss._BFAR.5816
                0x1fffe32c        0x4 ./Generated_Code/HF1.o
 .bss.IFsh1_CmdPending
                0x1fffe330        0x1 ./Generated_Code/IFsh1.o
 .bss.IFsh1_EnEvent
                0x1fffe331        0x1 ./Generated_Code/IFsh1.o
 *fill*         0x1fffe332        0x2 
 .bss.IntFlashLdd1_DevDataPtr
                0x1fffe334        0x4 ./Generated_Code/IFsh1.o
 .bss.DeviceDataPrv__DEFAULT_RTOS_ALLOC
                0x1fffe338       0x18 ./Generated_Code/IntFlashLdd1.o
 .bss.PE_LDD_DeviceDataList
                0x1fffe350       0x30 ./Generated_Code/PE_LDD.o
                0x1fffe350                PE_LDD_DeviceDataList
 .bss.Rx1_buffer
                0x1fffe380       0x40 ./Generated_Code/Rx1.o
 .bss.Rx1_inIdx
                0x1fffe3c0        0x1 ./Generated_Code/Rx1.o
 .bss.Rx1_outIdx
                0x1fffe3c1        0x1 ./Generated_Code/Rx1.o
 .bss.Rx1_inSize
                0x1fffe3c2        0x1 ./Generated_Code/Rx1.o
 *fill*         0x1fffe3c3        0x1 
 .bss._acUpBuffer
                0x1fffe3c4      0x200 ./Generated_Code/SEGGER_RTT.o
 .bss._acDownBuffer
                0x1fffe5c4       0x40 ./Generated_Code/SEGGER_RTT.o
 .bss.TMOUT1_Counters
                0x1fffe604        0x4 ./Generated_Code/TMOUT1.o
 .bss.TMOUT1_FreeCounters
                0x1fffe608        0x4 ./Generated_Code/TMOUT1.o
 .bss.DeviceDataPrv__DEFAULT_RTOS_ALLOC
                0x1fffe60c        0xc ./Generated_Code/TU1.o
 .bss.INT_FTM0__DEFAULT_RTOS_ISRPARAM
                0x1fffe618        0x4 ./Generated_Code/TU1.o
 .bss.DeviceDataPrv__DEFAULT_RTOS_ALLOC
                0x1fffe61c        0xc ./Generated_Code/TimerIntLdd1.o
 .bss.CntDay    0x1fffe628        0x1 ./Generated_Code/TmDt1.o
 .bss.CntMonth  0x1fffe629        0x1 ./Generated_Code/TmDt1.o
 .bss.CntYear   0x1fffe62a        0x2 ./Generated_Code/TmDt1.o
 .bss.tickCntr  0x1fffe62c        0x4 ./Generated_Code/TmDt1.o
 .bss.Tx1_inIdx
                0x1fffe630        0x1 ./Generated_Code/Tx1.o
 .bss.Tx1_outIdx
                0x1fffe631        0x1 ./Generated_Code/Tx1.o
 .bss.Tx1_inSize
                0x1fffe632        0x1 ./Generated_Code/Tx1.o
 *fill*         0x1fffe633        0x1 
 .bss.g_cdc_class_callback
                0x1fffe634        0x4 ./Generated_Code/usb_cdc.o
 .bss.g_vendor_req_callback
                0x1fffe638        0x4 ./Generated_Code/usb_cdc.o
 .bss.g_cdc_ep  0x1fffe63c       0x9c ./Generated_Code/usb_cdc.o
 .bss.g_pstn_callback
                0x1fffe6d8        0x4 ./Generated_Code/usb_cdc_pstn.o
 .bss.g_dte_present
                0x1fffe6dc        0x1 ./Generated_Code/usb_cdc_pstn.o
 .bss.g_dte_status
                0x1fffe6dd        0x1 ./Generated_Code/usb_cdc_pstn.o
 .bss.g_break_duration
                0x1fffe6de        0x2 ./Generated_Code/usb_cdc_pstn.o
 .bss.g_current_interface
                0x1fffe6e0        0x1 ./Generated_Code/usb_cdc_pstn.o
 *fill*         0x1fffe6e1        0x3 
 .bss.g_uart_bitmap
                0x1fffe6e4        0x4 ./Generated_Code/usb_cdc_pstn.o
 .bss.g_class_callback
                0x1fffe6e8        0x4 ./Generated_Code/usb_class.o
 .bss.g_device_state_before_suspend
                0x1fffe6ec        0x1 ./Generated_Code/usb_class.o
 *fill*         0x1fffe6ed        0x3 
 .bss.g_bdtmap  0x1fffe6f0        0x4 ./Generated_Code/usb_dci_kinetis.o
                0x1fffe6f0                g_bdtmap
 .bss.g_bdt_elem
                0x1fffe6f4      0x240 ./Generated_Code/usb_dci_kinetis.o
 .bss.g_dci_controller_Id
                0x1fffe934        0x1 ./Generated_Code/usb_dci_kinetis.o
 *fill*         0x1fffe935        0x3 
 .bss.g_bdt_address
                0x1fffe938        0x4 ./Generated_Code/usb_dci_kinetis.o
 .bss.g_abstract_state
                0x1fffe93c        0x4 ./Generated_Code/usb_descriptor.o
 .bss.g_country_code
                0x1fffe940        0x4 ./Generated_Code/usb_descriptor.o
 .bss.g_alternate_interface
                0x1fffe944        0x4 ./Generated_Code/usb_descriptor.o
 .bss.g_usb_component_status
                0x1fffe948        0x8 ./Generated_Code/usb_driver.o
 .bss.g_usb_ep_status
                0x1fffe950        0x8 ./Generated_Code/usb_driver.o
 .bss.g_EPn     0x1fffe958        0x1 ./Generated_Code/usb_driver.o
 .bss.g_EPn_max
                0x1fffe959        0x1 ./Generated_Code/usb_driver.o
 *fill*         0x1fffe95a        0x2 
 .bss.g_setup_pkt
                0x1fffe95c        0x8 ./Generated_Code/usb_framework.o
 .bss.g_std_framework_data
                0x1fffe964        0x2 ./Generated_Code/usb_framework.o
 .bss.g_assigned_address
                0x1fffe966        0x1 ./Generated_Code/usb_framework.o
 *fill*         0x1fffe967        0x1 
 .bss.g_framework_callback
                0x1fffe968        0x4 ./Generated_Code/usb_framework.o
 .bss.g_other_req_callback
                0x1fffe96c        0x4 ./Generated_Code/usb_framework.o
 .bss.ext_req_to_host
                0x1fffe970       0x28 ./Generated_Code/usb_framework.o
 *(COMMON)
 COMMON         0x1fffe998        0x4 ./Generated_Code/AS1.o
                0x1fffe998                ASerialLdd1_DeviceDataPtr
 COMMON         0x1fffe99c        0x1 ./Generated_Code/Cpu.o
                0x1fffe99c                SR_reg
 *fill*         0x1fffe99d        0x3 
 COMMON         0x1fffe9a0       0xa8 ./Generated_Code/SEGGER_RTT.o
                0x1fffe9a0                _SEGGER_RTT
 *fill*         0x1fffea48      0x1b8 
 COMMON         0x1fffec00      0x400 ./Generated_Code/usb_dci_kinetis.o
                0x1fffec00                g_Mem
                0x1ffff000                . = ALIGN (0x4)
                0x1ffff000                __END_BSS = .
                0x1ffff000                PROVIDE (__bss_end__, __END_BSS)
                0x0000535c                _romp_at = ((___ROM_AT + SIZEOF (.data)) + SIZEOF (.m_data_20000000))

.romp           0x1ffff000       0x24 load address 0x0000535c
                0x0000535c                __S_romp = _romp_at
                0x1ffff000        0x4 LONG 0x5208 ___ROM_AT
                0x1ffff004        0x4 LONG 0x1fffe000 _sdata
                0x1ffff008        0x4 LONG 0x154 ___data_size
                0x1ffff00c        0x4 LONG 0x535c ___m_data_20000000_ROMStart
                0x1ffff010        0x4 LONG 0x20000000 ___m_data_20000000_RAMStart
                0x1ffff014        0x4 LONG 0x0 ___m_data_20000000_ROMSize
                0x1ffff018        0x4 LONG 0x0
                0x1ffff01c        0x4 LONG 0x0
                0x1ffff020        0x4 LONG 0x0
                0x00020000                text_end = (ORIGIN (m_text) + 0x1fbf0)
                0x00005380                data_init_end = ((___m_data_20000000_ROMStart + SIZEOF (.m_data_20000000)) + SIZEOF (.romp))
                0x00000001                ASSERT ((data_init_end <= text_end), region m_text overflowed with text and data)

._user_heap_stack
                0x1ffff024      0x200 load address 0x00005380
                0x1ffff024                . = ALIGN (0x4)
                0x1ffff024                PROVIDE (end, .)
                0x1ffff024                PROVIDE (_end, .)
                0x1ffff024                PROVIDE (__end__, .)
                0x1ffff024                __heap_addr = .
                0x1ffff024                __HeapBase = .
                0x1ffff024                . = (. + __heap_size)
                0x1ffff024                __HeapLimit = .
                0x1ffff224                . = (. + __stack_size)
 *fill*         0x1ffff024      0x200 
                0x1ffff224                . = ALIGN (0x4)

.ARM.attributes
                0x00000000       0x2a
 *(.ARM.attributes)
 .ARM.attributes
                0x00000000       0x1e c:/program files (x86)/freescale/kdsv3.2.0/toolchain/bin/../lib/gcc/arm-none-eabi/4.8.4/armv7e-m/crti.o
 .ARM.attributes
                0x0000001e       0x2e c:/program files (x86)/freescale/kdsv3.2.0/toolchain/bin/../lib/gcc/arm-none-eabi/4.8.4/armv7e-m/crtbegin.o
 .ARM.attributes
                0x0000004c       0x1c c:/program files (x86)/freescale/kdsv3.2.0/toolchain/bin/../lib/gcc/arm-none-eabi/4.8.4/../../../../arm-none-eabi/lib/armv7e-m/crt0.o
 .ARM.attributes
                0x00000068       0x33 ./Sources/TEAM_Common/Application.o
 .ARM.attributes
                0x0000009b       0x33 ./Sources/TEAM_Common/LED.o
 .ARM.attributes
                0x000000ce       0x33 ./Sources/TEAM_Common/Platform.o
 .ARM.attributes
                0x00000101       0x33 ./Sources/Events.o
 .ARM.attributes
                0x00000134       0x33 ./Sources/main.o
 .ARM.attributes
                0x00000167       0x33 ./Project_Settings/Startup_Code/startup.o
 .ARM.attributes
                0x0000019a       0x33 ./Generated_Code/AS1.o
 .ARM.attributes
                0x000001cd       0x33 ./Generated_Code/ASerialLdd1.o
 .ARM.attributes
                0x00000200       0x33 ./Generated_Code/BitIoLdd10.o
 .ARM.attributes
                0x00000233       0x33 ./Generated_Code/BitIoLdd11.o
 .ARM.attributes
                0x00000266       0x33 ./Generated_Code/BitIoLdd12.o
 .ARM.attributes
                0x00000299       0x33 ./Generated_Code/BitIoLdd13.o
 .ARM.attributes
                0x000002cc       0x33 ./Generated_Code/BitIoLdd14.o
 .ARM.attributes
                0x000002ff       0x33 ./Generated_Code/BitIoLdd15.o
 .ARM.attributes
                0x00000332       0x33 ./Generated_Code/BitIoLdd16.o
 .ARM.attributes
                0x00000365       0x33 ./Generated_Code/BitIoLdd17.o
 .ARM.attributes
                0x00000398       0x33 ./Generated_Code/CDC1.o
 .ARM.attributes
                0x000003cb       0x33 ./Generated_Code/CLS1.o
 .ARM.attributes
                0x000003fe       0x33 ./Generated_Code/CS1.o
 .ARM.attributes
                0x00000431       0x33 ./Generated_Code/Cpu.o
 .ARM.attributes
                0x00000464       0x33 ./Generated_Code/HF1.o
 .ARM.attributes
                0x00000497       0x33 ./Generated_Code/IFsh1.o
 .ARM.attributes
                0x000004ca       0x33 ./Generated_Code/IntFlashLdd1.o
 .ARM.attributes
                0x000004fd       0x33 ./Generated_Code/KIN1.o
 .ARM.attributes
                0x00000530       0x33 ./Generated_Code/MCUC1.o
 .ARM.attributes
                0x00000563       0x33 ./Generated_Code/PE_LDD.o
 .ARM.attributes
                0x00000596       0x33 ./Generated_Code/PTA.o
 .ARM.attributes
                0x000005c9       0x33 ./Generated_Code/PTB.o
 .ARM.attributes
                0x000005fc       0x33 ./Generated_Code/PTD.o
 .ARM.attributes
                0x0000062f       0x33 ./Generated_Code/RTT1.o
 .ARM.attributes
                0x00000662       0x33 ./Generated_Code/Rx1.o
 .ARM.attributes
                0x00000695       0x33 ./Generated_Code/SEGGER_RTT.o
 .ARM.attributes
                0x000006c8       0x33 ./Generated_Code/TI1.o
 .ARM.attributes
                0x000006fb       0x33 ./Generated_Code/TMOUT1.o
 .ARM.attributes
                0x0000072e       0x33 ./Generated_Code/TU1.o
 .ARM.attributes
                0x00000761       0x33 ./Generated_Code/TimerIntLdd1.o
 .ARM.attributes
                0x00000794       0x33 ./Generated_Code/TmDt1.o
 .ARM.attributes
                0x000007c7       0x33 ./Generated_Code/Tx1.o
 .ARM.attributes
                0x000007fa       0x33 ./Generated_Code/USB0.o
 .ARM.attributes
                0x0000082d       0x33 ./Generated_Code/USB1.o
 .ARM.attributes
                0x00000860       0x33 ./Generated_Code/Vectors.o
 .ARM.attributes
                0x00000893       0x33 ./Generated_Code/WAIT1.o
 .ARM.attributes
                0x000008c6       0x33 ./Generated_Code/XF1.o
 .ARM.attributes
                0x000008f9       0x33 ./Generated_Code/usb_cdc.o
 .ARM.attributes
                0x0000092c       0x33 ./Generated_Code/usb_cdc_pstn.o
 .ARM.attributes
                0x0000095f       0x33 ./Generated_Code/usb_class.o
 .ARM.attributes
                0x00000992       0x33 ./Generated_Code/usb_dci_kinetis.o
 .ARM.attributes
                0x000009c5       0x33 ./Generated_Code/usb_descriptor.o
 .ARM.attributes
                0x000009f8       0x33 ./Generated_Code/usb_driver.o
 .ARM.attributes
                0x00000a2b       0x33 ./Generated_Code/usb_framework.o
 .ARM.attributes
                0x00000a5e       0x33 ./Generated_Code/wdt_kinetis.o
 .ARM.attributes
                0x00000a91       0x2e c:/program files (x86)/freescale/kdsv3.2.0/toolchain/bin/../lib/gcc/arm-none-eabi/4.8.4/../../../../arm-none-eabi/lib/armv7e-m\libg_s.a(lib_a-exit.o)
 .ARM.attributes
                0x00000abf       0x2e c:/program files (x86)/freescale/kdsv3.2.0/toolchain/bin/../lib/gcc/arm-none-eabi/4.8.4/../../../../arm-none-eabi/lib/armv7e-m\libg_s.a(lib_a-impure.o)
 .ARM.attributes
                0x00000aed       0x2e c:/program files (x86)/freescale/kdsv3.2.0/toolchain/bin/../lib/gcc/arm-none-eabi/4.8.4/../../../../arm-none-eabi/lib/armv7e-m\libg_s.a(lib_a-init.o)
 .ARM.attributes
                0x00000b1b       0x2e c:/program files (x86)/freescale/kdsv3.2.0/toolchain/bin/../lib/gcc/arm-none-eabi/4.8.4/../../../../arm-none-eabi/lib/armv7e-m\libg_s.a(lib_a-memcpy-stub.o)
 .ARM.attributes
                0x00000b49       0x2e c:/program files (x86)/freescale/kdsv3.2.0/toolchain/bin/../lib/gcc/arm-none-eabi/4.8.4/../../../../arm-none-eabi/lib/armv7e-m\libg_s.a(lib_a-memset.o)
 .ARM.attributes
                0x00000b77       0x2e c:/program files (x86)/freescale/kdsv3.2.0/toolchain/bin/../lib/gcc/arm-none-eabi/4.8.4/../../../../arm-none-eabi/lib/armv7e-m\libnosys.a(_exit.o)
 .ARM.attributes
                0x00000ba5       0x1e c:/program files (x86)/freescale/kdsv3.2.0/toolchain/bin/../lib/gcc/arm-none-eabi/4.8.4/armv7e-m/crtn.o
OUTPUT(TEAM_Remote.elf elf32-littlearm)

.debug_info     0x00000000     0xeba9
 .debug_info    0x00000000      0x12f ./Sources/TEAM_Common/Application.o
 .debug_info    0x0000012f       0xc6 ./Sources/TEAM_Common/LED.o
 .debug_info    0x000001f5       0xa3 ./Sources/TEAM_Common/Platform.o
 .debug_info    0x00000298      0x17b ./Sources/Events.o
 .debug_info    0x00000413      0x16e ./Sources/main.o
 .debug_info    0x00000581      0x20a ./Project_Settings/Startup_Code/startup.o
 .debug_info    0x0000078b      0x4c1 ./Generated_Code/AS1.o
 .debug_info    0x00000c4c      0xab5 ./Generated_Code/ASerialLdd1.o
 .debug_info    0x00001701      0x2d7 ./Generated_Code/BitIoLdd10.o
 .debug_info    0x000019d8      0x2d7 ./Generated_Code/BitIoLdd11.o
 .debug_info    0x00001caf      0x2d7 ./Generated_Code/BitIoLdd12.o
 .debug_info    0x00001f86      0x2d7 ./Generated_Code/BitIoLdd13.o
 .debug_info    0x0000225d      0x2d7 ./Generated_Code/BitIoLdd14.o
 .debug_info    0x00002534      0x2d7 ./Generated_Code/BitIoLdd15.o
 .debug_info    0x0000280b      0x2d7 ./Generated_Code/BitIoLdd16.o
 .debug_info    0x00002ae2      0x377 ./Generated_Code/BitIoLdd17.o
 .debug_info    0x00002e59      0x655 ./Generated_Code/CDC1.o
 .debug_info    0x000034ae      0xb7a ./Generated_Code/CLS1.o
 .debug_info    0x00004028       0xa7 ./Generated_Code/CS1.o
 .debug_info    0x000040cf      0xa91 ./Generated_Code/Cpu.o
 .debug_info    0x00004b60      0x1eb ./Generated_Code/HF1.o
 .debug_info    0x00004d4b      0x43c ./Generated_Code/IFsh1.o
 .debug_info    0x00005187      0xbbf ./Generated_Code/IntFlashLdd1.o
 .debug_info    0x00005d46      0x5f5 ./Generated_Code/KIN1.o
 .debug_info    0x0000633b       0xa7 ./Generated_Code/MCUC1.o
 .debug_info    0x000063e2      0x30f ./Generated_Code/PE_LDD.o
 .debug_info    0x000066f1      0x11f ./Generated_Code/PTA.o
 .debug_info    0x00006810       0x96 ./Generated_Code/PTB.o
 .debug_info    0x000068a6      0x11f ./Generated_Code/PTD.o
 .debug_info    0x000069c5      0x2b6 ./Generated_Code/RTT1.o
 .debug_info    0x00006c7b      0x3f6 ./Generated_Code/Rx1.o
 .debug_info    0x00007071      0xf19 ./Generated_Code/SEGGER_RTT.o
 .debug_info    0x00007f8a      0x18a ./Generated_Code/TI1.o
 .debug_info    0x00008114      0x2bb ./Generated_Code/TMOUT1.o
 .debug_info    0x000083cf      0x63b ./Generated_Code/TU1.o
 .debug_info    0x00008a0a      0x177 ./Generated_Code/TimerIntLdd1.o
 .debug_info    0x00008b81      0xb04 ./Generated_Code/TmDt1.o
 .debug_info    0x00009685      0x3f6 ./Generated_Code/Tx1.o
 .debug_info    0x00009a7b      0x5ed ./Generated_Code/USB0.o
 .debug_info    0x0000a068      0x25e ./Generated_Code/USB1.o
 .debug_info    0x0000a2c6      0x1e2 ./Generated_Code/Vectors.o
 .debug_info    0x0000a4a8      0x170 ./Generated_Code/WAIT1.o
 .debug_info    0x0000a618      0x802 ./Generated_Code/XF1.o
 .debug_info    0x0000ae1a      0x794 ./Generated_Code/usb_cdc.o
 .debug_info    0x0000b5ae      0x529 ./Generated_Code/usb_cdc_pstn.o
 .debug_info    0x0000bad7      0x4d0 ./Generated_Code/usb_class.o
 .debug_info    0x0000bfa7     0x1381 ./Generated_Code/usb_dci_kinetis.o
 .debug_info    0x0000d328      0x826 ./Generated_Code/usb_descriptor.o
 .debug_info    0x0000db4e      0x54c ./Generated_Code/usb_driver.o
 .debug_info    0x0000e09a      0x9a2 ./Generated_Code/usb_framework.o
 .debug_info    0x0000ea3c      0x16d ./Generated_Code/wdt_kinetis.o

.debug_abbrev   0x00000000     0x3ce1
 .debug_abbrev  0x00000000       0xd1 ./Sources/TEAM_Common/Application.o
 .debug_abbrev  0x000000d1       0x76 ./Sources/TEAM_Common/LED.o
 .debug_abbrev  0x00000147       0x43 ./Sources/TEAM_Common/Platform.o
 .debug_abbrev  0x0000018a       0x93 ./Sources/Events.o
 .debug_abbrev  0x0000021d       0x95 ./Sources/main.o
 .debug_abbrev  0x000002b2      0x11e ./Project_Settings/Startup_Code/startup.o
 .debug_abbrev  0x000003d0      0x1d6 ./Generated_Code/AS1.o
 .debug_abbrev  0x000005a6      0x1db ./Generated_Code/ASerialLdd1.o
 .debug_abbrev  0x00000781      0x10d ./Generated_Code/BitIoLdd10.o
 .debug_abbrev  0x0000088e      0x10d ./Generated_Code/BitIoLdd11.o
 .debug_abbrev  0x0000099b      0x10d ./Generated_Code/BitIoLdd12.o
 .debug_abbrev  0x00000aa8      0x10d ./Generated_Code/BitIoLdd13.o
 .debug_abbrev  0x00000bb5      0x10d ./Generated_Code/BitIoLdd14.o
 .debug_abbrev  0x00000cc2      0x10d ./Generated_Code/BitIoLdd15.o
 .debug_abbrev  0x00000dcf      0x10d ./Generated_Code/BitIoLdd16.o
 .debug_abbrev  0x00000edc      0x15f ./Generated_Code/BitIoLdd17.o
 .debug_abbrev  0x0000103b      0x1e9 ./Generated_Code/CDC1.o
 .debug_abbrev  0x00001224      0x20e ./Generated_Code/CLS1.o
 .debug_abbrev  0x00001432       0x45 ./Generated_Code/CS1.o
 .debug_abbrev  0x00001477      0x196 ./Generated_Code/Cpu.o
 .debug_abbrev  0x0000160d       0x9a ./Generated_Code/HF1.o
 .debug_abbrev  0x000016a7      0x176 ./Generated_Code/IFsh1.o
 .debug_abbrev  0x0000181d      0x22a ./Generated_Code/IntFlashLdd1.o
 .debug_abbrev  0x00001a47      0x1a9 ./Generated_Code/KIN1.o
 .debug_abbrev  0x00001bf0       0x45 ./Generated_Code/MCUC1.o
 .debug_abbrev  0x00001c35      0x11c ./Generated_Code/PE_LDD.o
 .debug_abbrev  0x00001d51       0x8d ./Generated_Code/PTA.o
 .debug_abbrev  0x00001dde       0x45 ./Generated_Code/PTB.o
 .debug_abbrev  0x00001e23       0x8d ./Generated_Code/PTD.o
 .debug_abbrev  0x00001eb0      0x169 ./Generated_Code/RTT1.o
 .debug_abbrev  0x00002019      0x189 ./Generated_Code/Rx1.o
 .debug_abbrev  0x000021a2      0x1d6 ./Generated_Code/SEGGER_RTT.o
 .debug_abbrev  0x00002378       0xb8 ./Generated_Code/TI1.o
 .debug_abbrev  0x00002430       0xf8 ./Generated_Code/TMOUT1.o
 .debug_abbrev  0x00002528      0x16a ./Generated_Code/TU1.o
 .debug_abbrev  0x00002692       0xdd ./Generated_Code/TimerIntLdd1.o
 .debug_abbrev  0x0000276f      0x1de ./Generated_Code/TmDt1.o
 .debug_abbrev  0x0000294d      0x189 ./Generated_Code/Tx1.o
 .debug_abbrev  0x00002ad6       0xe9 ./Generated_Code/USB0.o
 .debug_abbrev  0x00002bbf      0x11c ./Generated_Code/USB1.o
 .debug_abbrev  0x00002cdb       0xc2 ./Generated_Code/Vectors.o
 .debug_abbrev  0x00002d9d       0xb1 ./Generated_Code/WAIT1.o
 .debug_abbrev  0x00002e4e      0x1ff ./Generated_Code/XF1.o
 .debug_abbrev  0x0000304d      0x1ae ./Generated_Code/usb_cdc.o
 .debug_abbrev  0x000031fb      0x181 ./Generated_Code/usb_cdc_pstn.o
 .debug_abbrev  0x0000337c      0x170 ./Generated_Code/usb_class.o
 .debug_abbrev  0x000034ec      0x2a7 ./Generated_Code/usb_dci_kinetis.o
 .debug_abbrev  0x00003793      0x120 ./Generated_Code/usb_descriptor.o
 .debug_abbrev  0x000038b3      0x192 ./Generated_Code/usb_driver.o
 .debug_abbrev  0x00003a45      0x20f ./Generated_Code/usb_framework.o
 .debug_abbrev  0x00003c54       0x8d ./Generated_Code/wdt_kinetis.o

.debug_aranges  0x00000000     0x10a8
 .debug_aranges
                0x00000000       0x28 ./Sources/TEAM_Common/Application.o
 .debug_aranges
                0x00000028       0x28 ./Sources/TEAM_Common/LED.o
 .debug_aranges
                0x00000050       0x28 ./Sources/TEAM_Common/Platform.o
 .debug_aranges
                0x00000078       0x28 ./Sources/Events.o
 .debug_aranges
                0x000000a0       0x20 ./Sources/main.o
 .debug_aranges
                0x000000c0       0x50 ./Project_Settings/Startup_Code/startup.o
 .debug_aranges
                0x00000110       0x88 ./Generated_Code/AS1.o
 .debug_aranges
                0x00000198       0x50 ./Generated_Code/ASerialLdd1.o
 .debug_aranges
                0x000001e8       0x28 ./Generated_Code/BitIoLdd10.o
 .debug_aranges
                0x00000210       0x28 ./Generated_Code/BitIoLdd11.o
 .debug_aranges
                0x00000238       0x28 ./Generated_Code/BitIoLdd12.o
 .debug_aranges
                0x00000260       0x28 ./Generated_Code/BitIoLdd13.o
 .debug_aranges
                0x00000288       0x28 ./Generated_Code/BitIoLdd14.o
 .debug_aranges
                0x000002b0       0x28 ./Generated_Code/BitIoLdd15.o
 .debug_aranges
                0x000002d8       0x28 ./Generated_Code/BitIoLdd16.o
 .debug_aranges
                0x00000300       0x48 ./Generated_Code/BitIoLdd17.o
 .debug_aranges
                0x00000348       0xb0 ./Generated_Code/CDC1.o
 .debug_aranges
                0x000003f8      0x130 ./Generated_Code/CLS1.o
 .debug_aranges
                0x00000528       0x28 ./Generated_Code/CS1.o
 .debug_aranges
                0x00000550       0x40 ./Generated_Code/Cpu.o
 .debug_aranges
                0x00000590       0x38 ./Generated_Code/HF1.o
 .debug_aranges
                0x000005c8       0x60 ./Generated_Code/IFsh1.o
 .debug_aranges
                0x00000628       0x58 ./Generated_Code/IntFlashLdd1.o
 .debug_aranges
                0x00000680       0x60 ./Generated_Code/KIN1.o
 .debug_aranges
                0x000006e0       0x28 ./Generated_Code/MCUC1.o
 .debug_aranges
                0x00000708       0x30 ./Generated_Code/PE_LDD.o
 .debug_aranges
                0x00000738       0x20 ./Generated_Code/PTA.o
 .debug_aranges
                0x00000758       0x20 ./Generated_Code/PTB.o
 .debug_aranges
                0x00000778       0x20 ./Generated_Code/PTD.o
 .debug_aranges
                0x00000798       0x58 ./Generated_Code/RTT1.o
 .debug_aranges
                0x000007f0       0x78 ./Generated_Code/Rx1.o
 .debug_aranges
                0x00000868      0x118 ./Generated_Code/SEGGER_RTT.o
 .debug_aranges
                0x00000980       0x20 ./Generated_Code/TI1.o
 .debug_aranges
                0x000009a0       0x50 ./Generated_Code/TMOUT1.o
 .debug_aranges
                0x000009f0       0x28 ./Generated_Code/TU1.o
 .debug_aranges
                0x00000a18       0x28 ./Generated_Code/TimerIntLdd1.o
 .debug_aranges
                0x00000a40       0xf8 ./Generated_Code/TmDt1.o
 .debug_aranges
                0x00000b38       0x78 ./Generated_Code/Tx1.o
 .debug_aranges
                0x00000bb0       0x20 ./Generated_Code/USB0.o
 .debug_aranges
                0x00000bd0       0x38 ./Generated_Code/USB1.o
 .debug_aranges
                0x00000c08       0x18 ./Generated_Code/Vectors.o
 .debug_aranges
                0x00000c20       0x50 ./Generated_Code/WAIT1.o
 .debug_aranges
                0x00000c70       0x90 ./Generated_Code/XF1.o
 .debug_aranges
                0x00000d00       0x58 ./Generated_Code/usb_cdc.o
 .debug_aranges
                0x00000d58       0x58 ./Generated_Code/usb_cdc_pstn.o
 .debug_aranges
                0x00000db0       0x70 ./Generated_Code/usb_class.o
 .debug_aranges
                0x00000e20       0xc8 ./Generated_Code/usb_dci_kinetis.o
 .debug_aranges
                0x00000ee8       0x80 ./Generated_Code/usb_descriptor.o
 .debug_aranges
                0x00000f68       0x70 ./Generated_Code/usb_driver.o
 .debug_aranges
                0x00000fd8       0xb0 ./Generated_Code/usb_framework.o
 .debug_aranges
                0x00001088       0x20 ./Generated_Code/wdt_kinetis.o

.debug_ranges   0x00000000      0xd70
 .debug_ranges  0x00000000       0x18 ./Sources/TEAM_Common/Application.o
 .debug_ranges  0x00000018       0x18 ./Sources/TEAM_Common/LED.o
 .debug_ranges  0x00000030       0x18 ./Sources/TEAM_Common/Platform.o
 .debug_ranges  0x00000048       0x18 ./Sources/Events.o
 .debug_ranges  0x00000060       0x10 ./Sources/main.o
 .debug_ranges  0x00000070       0x40 ./Project_Settings/Startup_Code/startup.o
 .debug_ranges  0x000000b0       0x78 ./Generated_Code/AS1.o
 .debug_ranges  0x00000128       0x40 ./Generated_Code/ASerialLdd1.o
 .debug_ranges  0x00000168       0x18 ./Generated_Code/BitIoLdd10.o
 .debug_ranges  0x00000180       0x18 ./Generated_Code/BitIoLdd11.o
 .debug_ranges  0x00000198       0x18 ./Generated_Code/BitIoLdd12.o
 .debug_ranges  0x000001b0       0x18 ./Generated_Code/BitIoLdd13.o
 .debug_ranges  0x000001c8       0x18 ./Generated_Code/BitIoLdd14.o
 .debug_ranges  0x000001e0       0x18 ./Generated_Code/BitIoLdd15.o
 .debug_ranges  0x000001f8       0x18 ./Generated_Code/BitIoLdd16.o
 .debug_ranges  0x00000210       0x38 ./Generated_Code/BitIoLdd17.o
 .debug_ranges  0x00000248       0xa0 ./Generated_Code/CDC1.o
 .debug_ranges  0x000002e8      0x120 ./Generated_Code/CLS1.o
 .debug_ranges  0x00000408       0x18 ./Generated_Code/CS1.o
 .debug_ranges  0x00000420       0x30 ./Generated_Code/Cpu.o
 .debug_ranges  0x00000450       0x28 ./Generated_Code/HF1.o
 .debug_ranges  0x00000478       0x50 ./Generated_Code/IFsh1.o
 .debug_ranges  0x000004c8       0x48 ./Generated_Code/IntFlashLdd1.o
 .debug_ranges  0x00000510       0x50 ./Generated_Code/KIN1.o
 .debug_ranges  0x00000560       0x18 ./Generated_Code/MCUC1.o
 .debug_ranges  0x00000578       0x20 ./Generated_Code/PE_LDD.o
 .debug_ranges  0x00000598       0x10 ./Generated_Code/PTA.o
 .debug_ranges  0x000005a8       0x10 ./Generated_Code/PTB.o
 .debug_ranges  0x000005b8       0x10 ./Generated_Code/PTD.o
 .debug_ranges  0x000005c8       0x48 ./Generated_Code/RTT1.o
 .debug_ranges  0x00000610       0x68 ./Generated_Code/Rx1.o
 .debug_ranges  0x00000678      0x108 ./Generated_Code/SEGGER_RTT.o
 .debug_ranges  0x00000780       0x10 ./Generated_Code/TI1.o
 .debug_ranges  0x00000790       0x40 ./Generated_Code/TMOUT1.o
 .debug_ranges  0x000007d0       0x18 ./Generated_Code/TU1.o
 .debug_ranges  0x000007e8       0x18 ./Generated_Code/TimerIntLdd1.o
 .debug_ranges  0x00000800       0xe8 ./Generated_Code/TmDt1.o
 .debug_ranges  0x000008e8       0x68 ./Generated_Code/Tx1.o
 .debug_ranges  0x00000950       0x10 ./Generated_Code/USB0.o
 .debug_ranges  0x00000960       0x28 ./Generated_Code/USB1.o
 .debug_ranges  0x00000988       0x40 ./Generated_Code/WAIT1.o
 .debug_ranges  0x000009c8       0x80 ./Generated_Code/XF1.o
 .debug_ranges  0x00000a48       0x48 ./Generated_Code/usb_cdc.o
 .debug_ranges  0x00000a90       0x48 ./Generated_Code/usb_cdc_pstn.o
 .debug_ranges  0x00000ad8       0x60 ./Generated_Code/usb_class.o
 .debug_ranges  0x00000b38       0xb8 ./Generated_Code/usb_dci_kinetis.o
 .debug_ranges  0x00000bf0       0x70 ./Generated_Code/usb_descriptor.o
 .debug_ranges  0x00000c60       0x60 ./Generated_Code/usb_driver.o
 .debug_ranges  0x00000cc0       0xa0 ./Generated_Code/usb_framework.o
 .debug_ranges  0x00000d60       0x10 ./Generated_Code/wdt_kinetis.o

.debug_macro    0x00000000    0x21d76
 .debug_macro   0x00000000      0x28e ./Sources/TEAM_Common/Application.o
 .debug_macro   0x0000028e      0x84a ./Sources/TEAM_Common/Application.o
 .debug_macro   0x00000ad8       0x16 ./Sources/TEAM_Common/Application.o
 .debug_macro   0x00000aee       0x44 ./Sources/TEAM_Common/Application.o
 .debug_macro   0x00000b32      0x209 ./Sources/TEAM_Common/Application.o
 .debug_macro   0x00000d3b     0x16aa ./Sources/TEAM_Common/Application.o
 .debug_macro   0x000023e5      0x14e ./Sources/TEAM_Common/Application.o
 .debug_macro   0x00002533       0x6a ./Sources/TEAM_Common/Application.o
 .debug_macro   0x0000259d     0x9b9f ./Sources/TEAM_Common/Application.o
 .debug_macro   0x0000c13c       0x9a ./Sources/TEAM_Common/Application.o
 .debug_macro   0x0000c1d6       0xee ./Sources/TEAM_Common/Application.o
 .debug_macro   0x0000c2c4      0x14e ./Sources/TEAM_Common/Application.o
 .debug_macro   0x0000c412       0x94 ./Sources/TEAM_Common/Application.o
 .debug_macro   0x0000c4a6      0x12c ./Sources/TEAM_Common/Application.o
 .debug_macro   0x0000c5d2       0x46 ./Sources/TEAM_Common/Application.o
 .debug_macro   0x0000c618       0x26 ./Sources/TEAM_Common/Application.o
 .debug_macro   0x0000c63e       0xac ./Sources/TEAM_Common/Application.o
 .debug_macro   0x0000c6ea       0x82 ./Sources/TEAM_Common/Application.o
 .debug_macro   0x0000c76c       0x16 ./Sources/TEAM_Common/Application.o
 .debug_macro   0x0000c782       0x37 ./Sources/TEAM_Common/Application.o
 .debug_macro   0x0000c7b9       0x1c ./Sources/TEAM_Common/Application.o
 .debug_macro   0x0000c7d5       0x29 ./Sources/TEAM_Common/Application.o
 .debug_macro   0x0000c7fe       0x40 ./Sources/TEAM_Common/Application.o
 .debug_macro   0x0000c83e       0x41 ./Sources/TEAM_Common/Application.o
 .debug_macro   0x0000c87f       0x58 ./Sources/TEAM_Common/Application.o
 .debug_macro   0x0000c8d7       0x35 ./Sources/TEAM_Common/Application.o
 .debug_macro   0x0000c90c       0xa3 ./Sources/TEAM_Common/Application.o
 .debug_macro   0x0000c9af      0x166 ./Sources/TEAM_Common/Application.o
 .debug_macro   0x0000cb15       0x52 ./Sources/TEAM_Common/Application.o
 .debug_macro   0x0000cb67       0x16 ./Sources/TEAM_Common/Application.o
 .debug_macro   0x0000cb7d       0x43 ./Sources/TEAM_Common/Application.o
 .debug_macro   0x0000cbc0      0x180 ./Sources/TEAM_Common/Application.o
 .debug_macro   0x0000cd40      0x2a6 ./Sources/TEAM_Common/Application.o
 .debug_macro   0x0000cfe6       0x10 ./Sources/TEAM_Common/Application.o
 .debug_macro   0x0000cff6       0x35 ./Sources/TEAM_Common/Application.o
 .debug_macro   0x0000d02b       0x19 ./Sources/TEAM_Common/Application.o
 .debug_macro   0x0000d044       0x22 ./Sources/TEAM_Common/Application.o
 .debug_macro   0x0000d066       0x58 ./Sources/TEAM_Common/Application.o
 .debug_macro   0x0000d0be       0x66 ./Sources/TEAM_Common/Application.o
 .debug_macro   0x0000d124       0x10 ./Sources/TEAM_Common/Application.o
 .debug_macro   0x0000d134       0x51 ./Sources/TEAM_Common/Application.o
 .debug_macro   0x0000d185       0xea ./Sources/TEAM_Common/LED.o
 .debug_macro   0x0000d26f       0xea ./Sources/TEAM_Common/Platform.o
 .debug_macro   0x0000d359      0x4cf ./Sources/Events.o
 .debug_macro   0x0000d828      0x6a6 ./Sources/Events.o
 .debug_macro   0x0000dece       0x4a ./Sources/Events.o
 .debug_macro   0x0000df18       0x1c ./Sources/Events.o
 .debug_macro   0x0000df34      0x512 ./Sources/Events.o
 .debug_macro   0x0000e446      0x1f9 ./Sources/Events.o
 .debug_macro   0x0000e63f       0xc7 ./Sources/Events.o
 .debug_macro   0x0000e706       0x1c ./Sources/Events.o
 .debug_macro   0x0000e722       0x65 ./Sources/Events.o
 .debug_macro   0x0000e787       0x20 ./Sources/Events.o
 .debug_macro   0x0000e7a7       0x10 ./Sources/Events.o
 .debug_macro   0x0000e7b7       0x82 ./Sources/Events.o
 .debug_macro   0x0000e839      0x115 ./Sources/Events.o
 .debug_macro   0x0000e94e       0x5d ./Sources/Events.o
 .debug_macro   0x0000e9ab       0x34 ./Sources/Events.o
 .debug_macro   0x0000e9df       0x34 ./Sources/Events.o
 .debug_macro   0x0000ea13       0x34 ./Sources/Events.o
 .debug_macro   0x0000ea47       0x34 ./Sources/Events.o
 .debug_macro   0x0000ea7b       0x34 ./Sources/Events.o
 .debug_macro   0x0000eaaf       0x34 ./Sources/Events.o
 .debug_macro   0x0000eae3       0x34 ./Sources/Events.o
 .debug_macro   0x0000eb17       0x18 ./Sources/Events.o
 .debug_macro   0x0000eb2f       0x16 ./Sources/Events.o
 .debug_macro   0x0000eb45       0x18 ./Sources/Events.o
 .debug_macro   0x0000eb5d       0x12 ./Sources/Events.o
 .debug_macro   0x0000eb6f       0x16 ./Sources/Events.o
 .debug_macro   0x0000eb85       0x1c ./Sources/Events.o
 .debug_macro   0x0000eba1       0x1c ./Sources/Events.o
 .debug_macro   0x0000ebbd       0x81 ./Sources/Events.o
 .debug_macro   0x0000ec3e       0x58 ./Sources/Events.o
 .debug_macro   0x0000ec96       0xdf ./Sources/Events.o
 .debug_macro   0x0000ed75       0x1c ./Sources/Events.o
 .debug_macro   0x0000ed91       0x16 ./Sources/Events.o
 .debug_macro   0x0000eda7      0x4fa ./Sources/main.o
 .debug_macro   0x0000f2a1       0xb2 ./Sources/main.o
 .debug_macro   0x0000f353      0x121 ./Project_Settings/Startup_Code/startup.o
 .debug_macro   0x0000f474       0x4a ./Project_Settings/Startup_Code/startup.o
 .debug_macro   0x0000f4be       0x16 ./Project_Settings/Startup_Code/startup.o
 .debug_macro   0x0000f4d4       0x22 ./Project_Settings/Startup_Code/startup.o
 .debug_macro   0x0000f4f6       0x10 ./Project_Settings/Startup_Code/startup.o
 .debug_macro   0x0000f506      0x20f ./Project_Settings/Startup_Code/startup.o
 .debug_macro   0x0000f715     0x9b93 ./Project_Settings/Startup_Code/startup.o
 .debug_macro   0x000192a8      0x111 ./Generated_Code/AS1.o
 .debug_macro   0x000193b9       0x5f ./Generated_Code/AS1.o
 .debug_macro   0x00019418       0xc5 ./Generated_Code/ASerialLdd1.o
 .debug_macro   0x000194dd       0x26 ./Generated_Code/ASerialLdd1.o
 .debug_macro   0x00019503      0x7ab ./Generated_Code/ASerialLdd1.o
 .debug_macro   0x00019cae      0x9b1 ./Generated_Code/ASerialLdd1.o
 .debug_macro   0x0001a65f       0xa6 ./Generated_Code/BitIoLdd10.o
 .debug_macro   0x0001a705       0xa0 ./Generated_Code/BitIoLdd10.o
 .debug_macro   0x0001a7a5       0x2e ./Generated_Code/BitIoLdd10.o
 .debug_macro   0x0001a7d3       0xa6 ./Generated_Code/BitIoLdd11.o
 .debug_macro   0x0001a879       0x2e ./Generated_Code/BitIoLdd11.o
 .debug_macro   0x0001a8a7       0xa6 ./Generated_Code/BitIoLdd12.o
 .debug_macro   0x0001a94d       0x2e ./Generated_Code/BitIoLdd12.o
 .debug_macro   0x0001a97b       0xa6 ./Generated_Code/BitIoLdd13.o
 .debug_macro   0x0001aa21       0x2e ./Generated_Code/BitIoLdd13.o
 .debug_macro   0x0001aa4f       0xa6 ./Generated_Code/BitIoLdd14.o
 .debug_macro   0x0001aaf5       0x2e ./Generated_Code/BitIoLdd14.o
 .debug_macro   0x0001ab23       0xa6 ./Generated_Code/BitIoLdd15.o
 .debug_macro   0x0001abc9       0x2e ./Generated_Code/BitIoLdd15.o
 .debug_macro   0x0001abf7       0xa6 ./Generated_Code/BitIoLdd16.o
 .debug_macro   0x0001ac9d       0x2e ./Generated_Code/BitIoLdd16.o
 .debug_macro   0x0001accb       0xa6 ./Generated_Code/BitIoLdd17.o
 .debug_macro   0x0001ad71      0x342 ./Generated_Code/CDC1.o
 .debug_macro   0x0001b0b3       0x64 ./Generated_Code/CDC1.o
 .debug_macro   0x0001b117       0x10 ./Generated_Code/CDC1.o
 .debug_macro   0x0001b127       0x16 ./Generated_Code/CDC1.o
 .debug_macro   0x0001b13d       0x10 ./Generated_Code/CDC1.o
 .debug_macro   0x0001b14d       0x3a ./Generated_Code/CDC1.o
 .debug_macro   0x0001b187      0x38c ./Generated_Code/CDC1.o
 .debug_macro   0x0001b513       0x8e ./Generated_Code/CDC1.o
 .debug_macro   0x0001b5a1      0x300 ./Generated_Code/CDC1.o
 .debug_macro   0x0001b8a1       0x22 ./Generated_Code/CDC1.o
 .debug_macro   0x0001b8c3      0x165 ./Generated_Code/CDC1.o
 .debug_macro   0x0001ba28       0x1c ./Generated_Code/CDC1.o
 .debug_macro   0x0001ba44       0x10 ./Generated_Code/CDC1.o
 .debug_macro   0x0001ba54       0x22 ./Generated_Code/CDC1.o
 .debug_macro   0x0001ba76       0xbd ./Generated_Code/CDC1.o
 .debug_macro   0x0001bb33       0x16 ./Generated_Code/CDC1.o
 .debug_macro   0x0001bb49      0x14a ./Generated_Code/CDC1.o
 .debug_macro   0x0001bc93      0x1ee ./Generated_Code/CLS1.o
 .debug_macro   0x0001be81       0x8e ./Generated_Code/CLS1.o
 .debug_macro   0x0001bf0f       0xaa ./Generated_Code/CS1.o
 .debug_macro   0x0001bfb9      0x539 ./Generated_Code/Cpu.o
 .debug_macro   0x0001c4f2       0xa5 ./Generated_Code/HF1.o
 .debug_macro   0x0001c597      0x118 ./Generated_Code/IFsh1.o
 .debug_macro   0x0001c6af      0x50c ./Generated_Code/IFsh1.o
 .debug_macro   0x0001cbbb       0xed ./Generated_Code/IntFlashLdd1.o
 .debug_macro   0x0001cca8      0x177 ./Generated_Code/KIN1.o
 .debug_macro   0x0001ce1f       0x92 ./Generated_Code/MCUC1.o
 .debug_macro   0x0001ceb1      0x461 ./Generated_Code/PE_LDD.o
 .debug_macro   0x0001d312       0x90 ./Generated_Code/PTA.o
 .debug_macro   0x0001d3a2       0x12 ./Generated_Code/PTA.o
 .debug_macro   0x0001d3b4       0x8e ./Generated_Code/PTB.o
 .debug_macro   0x0001d442       0x10 ./Generated_Code/PTB.o
 .debug_macro   0x0001d452       0x8e ./Generated_Code/PTD.o
 .debug_macro   0x0001d4e0       0x12 ./Generated_Code/PTD.o
 .debug_macro   0x0001d4f2      0x206 ./Generated_Code/RTT1.o
 .debug_macro   0x0001d6f8       0xd6 ./Generated_Code/Rx1.o
 .debug_macro   0x0001d7ce      0x1ba ./Generated_Code/SEGGER_RTT.o
 .debug_macro   0x0001d988      0x4c9 ./Generated_Code/TI1.o
 .debug_macro   0x0001de51       0xc9 ./Generated_Code/TMOUT1.o
 .debug_macro   0x0001df1a       0xbb ./Generated_Code/TU1.o
 .debug_macro   0x0001dfd5      0x6a0 ./Generated_Code/TU1.o
 .debug_macro   0x0001e675       0xc5 ./Generated_Code/TimerIntLdd1.o
 .debug_macro   0x0001e73a      0x1bd ./Generated_Code/TmDt1.o
 .debug_macro   0x0001e8f7       0xd6 ./Generated_Code/Tx1.o
 .debug_macro   0x0001e9cd       0x97 ./Generated_Code/USB0.o
 .debug_macro   0x0001ea64      0x260 ./Generated_Code/USB1.o
 .debug_macro   0x0001ecc4      0x527 ./Generated_Code/Vectors.o
 .debug_macro   0x0001f1eb       0xaa ./Generated_Code/WAIT1.o
 .debug_macro   0x0001f295      0x15b ./Generated_Code/XF1.o
 .debug_macro   0x0001f3f0      0x120 ./Generated_Code/usb_cdc.o
 .debug_macro   0x0001f510       0x70 ./Generated_Code/usb_cdc.o
 .debug_macro   0x0001f580     0x1698 ./Generated_Code/usb_cdc.o
 .debug_macro   0x00020c18       0x10 ./Generated_Code/usb_cdc.o
 .debug_macro   0x00020c28      0x120 ./Generated_Code/usb_cdc_pstn.o
 .debug_macro   0x00020d48      0x107 ./Generated_Code/usb_class.o
 .debug_macro   0x00020e4f      0x306 ./Generated_Code/usb_class.o
 .debug_macro   0x00021155       0x9a ./Generated_Code/usb_class.o
 .debug_macro   0x000211ef      0x1ab ./Generated_Code/usb_dci_kinetis.o
 .debug_macro   0x0002139a       0x69 ./Generated_Code/usb_dci_kinetis.o
 .debug_macro   0x00021403      0x16a ./Generated_Code/usb_dci_kinetis.o
 .debug_macro   0x0002156d       0x3a ./Generated_Code/usb_dci_kinetis.o
 .debug_macro   0x000215a7       0x94 ./Generated_Code/usb_dci_kinetis.o
 .debug_macro   0x0002163b       0xfe ./Generated_Code/usb_descriptor.o
 .debug_macro   0x00021739       0xf2 ./Generated_Code/usb_driver.o
 .debug_macro   0x0002182b       0x6f ./Generated_Code/usb_driver.o
 .debug_macro   0x0002189a      0x27c ./Generated_Code/usb_driver.o
 .debug_macro   0x00021b16      0x1aa ./Generated_Code/usb_framework.o
 .debug_macro   0x00021cc0       0xb6 ./Generated_Code/wdt_kinetis.o

.debug_line     0x00000000     0xf072
 .debug_line    0x00000000      0x648 ./Sources/TEAM_Common/Application.o
 .debug_line    0x00000648      0x43d ./Sources/TEAM_Common/LED.o
 .debug_line    0x00000a85      0x44a ./Sources/TEAM_Common/Platform.o
 .debug_line    0x00000ecf      0x783 ./Sources/Events.o
 .debug_line    0x00001652      0x81e ./Sources/main.o
 .debug_line    0x00001e70      0x480 ./Project_Settings/Startup_Code/startup.o
 .debug_line    0x000022f0      0x48d ./Generated_Code/AS1.o
 .debug_line    0x0000277d      0x423 ./Generated_Code/ASerialLdd1.o
 .debug_line    0x00002ba0      0x322 ./Generated_Code/BitIoLdd10.o
 .debug_line    0x00002ec2      0x322 ./Generated_Code/BitIoLdd11.o
 .debug_line    0x000031e4      0x322 ./Generated_Code/BitIoLdd12.o
 .debug_line    0x00003506      0x322 ./Generated_Code/BitIoLdd13.o
 .debug_line    0x00003828      0x322 ./Generated_Code/BitIoLdd14.o
 .debug_line    0x00003b4a      0x322 ./Generated_Code/BitIoLdd15.o
 .debug_line    0x00003e6c      0x322 ./Generated_Code/BitIoLdd16.o
 .debug_line    0x0000418e      0x36d ./Generated_Code/BitIoLdd17.o
 .debug_line    0x000044fb      0x759 ./Generated_Code/CDC1.o
 .debug_line    0x00004c54      0x79f ./Generated_Code/CLS1.o
 .debug_line    0x000053f3      0x2bb ./Generated_Code/CS1.o
 .debug_line    0x000056ae      0xaa9 ./Generated_Code/Cpu.o
 .debug_line    0x00006157      0x2f3 ./Generated_Code/HF1.o
 .debug_line    0x0000644a      0x3d1 ./Generated_Code/IFsh1.o
 .debug_line    0x0000681b      0x49d ./Generated_Code/IntFlashLdd1.o
 .debug_line    0x00006cb8      0x48c ./Generated_Code/KIN1.o
 .debug_line    0x00007144      0x2a5 ./Generated_Code/MCUC1.o
 .debug_line    0x000073e9      0x755 ./Generated_Code/PE_LDD.o
 .debug_line    0x00007b3e      0x280 ./Generated_Code/PTA.o
 .debug_line    0x00007dbe      0x27f ./Generated_Code/PTB.o
 .debug_line    0x0000803d      0x280 ./Generated_Code/PTD.o
 .debug_line    0x000082bd      0x4dd ./Generated_Code/RTT1.o
 .debug_line    0x0000879a      0x3e5 ./Generated_Code/Rx1.o
 .debug_line    0x00008b7f      0x7e1 ./Generated_Code/SEGGER_RTT.o
 .debug_line    0x00009360      0x7d8 ./Generated_Code/TI1.o
 .debug_line    0x00009b38      0x386 ./Generated_Code/TMOUT1.o
 .debug_line    0x00009ebe      0x348 ./Generated_Code/TU1.o
 .debug_line    0x0000a206      0x33a ./Generated_Code/TimerIntLdd1.o
 .debug_line    0x0000a540      0x6f3 ./Generated_Code/TmDt1.o
 .debug_line    0x0000ac33      0x3e5 ./Generated_Code/Tx1.o
 .debug_line    0x0000b018      0x2ab ./Generated_Code/USB0.o
 .debug_line    0x0000b2c3      0x4cf ./Generated_Code/USB1.o
 .debug_line    0x0000b792      0x9da ./Generated_Code/Vectors.o
 .debug_line    0x0000c16c      0x342 ./Generated_Code/WAIT1.o
 .debug_line    0x0000c4ae      0x547 ./Generated_Code/XF1.o
 .debug_line    0x0000c9f5      0x4b6 ./Generated_Code/usb_cdc.o
 .debug_line    0x0000ceab      0x3de ./Generated_Code/usb_cdc_pstn.o
 .debug_line    0x0000d289      0x425 ./Generated_Code/usb_class.o
 .debug_line    0x0000d6ae      0x7ce ./Generated_Code/usb_dci_kinetis.o
 .debug_line    0x0000de7c      0x482 ./Generated_Code/usb_descriptor.o
 .debug_line    0x0000e2fe      0x47f ./Generated_Code/usb_driver.o
 .debug_line    0x0000e77d      0x63f ./Generated_Code/usb_framework.o
 .debug_line    0x0000edbc      0x2b6 ./Generated_Code/wdt_kinetis.o

.debug_str      0x00000000    0x6fa7f
 .debug_str     0x00000000    0x451cc ./Sources/TEAM_Common/Application.o
                              0x453d2 (size before relaxing)
 .debug_str     0x000451cc       0x69 ./Sources/TEAM_Common/LED.o
                              0x41852 (size before relaxing)
 .debug_str     0x00045235       0x6c ./Sources/TEAM_Common/Platform.o
                              0x4182f (size before relaxing)
 .debug_str     0x000452a1    0x12bd0 ./Sources/Events.o
                              0x565cb (size before relaxing)
 .debug_str     0x00057e71       0x17 ./Sources/main.o
                              0x57ee5 (size before relaxing)
 .debug_str     0x00057e88      0x19b ./Project_Settings/Startup_Code/startup.o
                              0x3a1f7 (size before relaxing)
 .debug_str     0x00058023      0x303 ./Generated_Code/AS1.o
                              0x3f447 (size before relaxing)
 .debug_str     0x00058326     0xe73d ./Generated_Code/ASerialLdd1.o
                              0x4de33 (size before relaxing)
 .debug_str     0x00066a63       0xb9 ./Generated_Code/BitIoLdd10.o
                              0x3feed (size before relaxing)
 .debug_str     0x00066b1c       0x72 ./Generated_Code/BitIoLdd11.o
                              0x3feed (size before relaxing)
 .debug_str     0x00066b8e       0x72 ./Generated_Code/BitIoLdd12.o
                              0x3feed (size before relaxing)
 .debug_str     0x00066c00       0x72 ./Generated_Code/BitIoLdd13.o
                              0x3feed (size before relaxing)
 .debug_str     0x00066c72       0x72 ./Generated_Code/BitIoLdd14.o
                              0x3feed (size before relaxing)
 .debug_str     0x00066ce4       0x72 ./Generated_Code/BitIoLdd15.o
                              0x3feed (size before relaxing)
 .debug_str     0x00066d56       0x72 ./Generated_Code/BitIoLdd16.o
                              0x3feed (size before relaxing)
 .debug_str     0x00066dc8       0xba ./Generated_Code/BitIoLdd17.o
                              0x3ffbd (size before relaxing)
 .debug_str     0x00066e82     0x37d2 ./Generated_Code/CDC1.o
                              0x463ce (size before relaxing)
 .debug_str     0x0006a654      0x791 ./Generated_Code/CLS1.o
                              0x42fb9 (size before relaxing)
 .debug_str     0x0006ade5       0x2c ./Generated_Code/CS1.o
                              0x3f6e4 (size before relaxing)
 .debug_str     0x0006ae11      0x227 ./Generated_Code/Cpu.o
                              0x56952 (size before relaxing)
 .debug_str     0x0006b038       0xdb ./Generated_Code/HF1.o
                              0x3f5e7 (size before relaxing)
 .debug_str     0x0006b113      0x553 ./Generated_Code/IFsh1.o
                              0x470d5 (size before relaxing)
 .debug_str     0x0006b666      0x4dc ./Generated_Code/IntFlashLdd1.o
                              0x473df (size before relaxing)
 .debug_str     0x0006bb42       0xcf ./Generated_Code/KIN1.o
                              0x41e8e (size before relaxing)
 .debug_str     0x0006bc11       0x32 ./Generated_Code/MCUC1.o
                              0x3f47a (size before relaxing)
 .debug_str     0x0006bc43      0x177 ./Generated_Code/PE_LDD.o
                              0x5675e (size before relaxing)
 .debug_str     0x0006bdba       0x21 ./Generated_Code/PTA.o
                              0x3ef6f (size before relaxing)
 .debug_str     0x0006bddb       0x21 ./Generated_Code/PTB.o
                              0x3ef22 (size before relaxing)
 .debug_str     0x0006bdfc       0x21 ./Generated_Code/PTD.o
                              0x3ef6f (size before relaxing)
 .debug_str     0x0006be1d       0xb7 ./Generated_Code/RTT1.o
                              0x43525 (size before relaxing)
 .debug_str     0x0006bed4      0x17a ./Generated_Code/Rx1.o
                              0x3f8bb (size before relaxing)
 .debug_str     0x0006c04e      0x64e ./Generated_Code/SEGGER_RTT.o
                              0x428da (size before relaxing)
 .debug_str     0x0006c69c       0x31 ./Generated_Code/TI1.o
                              0x565e5 (size before relaxing)
 .debug_str     0x0006c6cd       0xe7 ./Generated_Code/TMOUT1.o
                              0x3f882 (size before relaxing)
 .debug_str     0x0006c7b4      0x180 ./Generated_Code/TU1.o
                              0x485f1 (size before relaxing)
 .debug_str     0x0006c934       0xbe ./Generated_Code/TimerIntLdd1.o
                              0x48402 (size before relaxing)
 .debug_str     0x0006c9f2      0x345 ./Generated_Code/TmDt1.o
                              0x425b3 (size before relaxing)
 .debug_str     0x0006cd37      0x164 ./Generated_Code/Tx1.o
                              0x3f8bb (size before relaxing)
 .debug_str     0x0006ce9b      0x1e7 ./Generated_Code/USB0.o
                              0x3f1d7 (size before relaxing)
 .debug_str     0x0006d082       0x50 ./Generated_Code/USB1.o
                              0x42ec7 (size before relaxing)
 .debug_str     0x0006d0d2       0x1c ./Generated_Code/Vectors.o
                              0x56603 (size before relaxing)
 .debug_str     0x0006d0ee       0x9c ./Generated_Code/WAIT1.o
                              0x3f919 (size before relaxing)
 .debug_str     0x0006d18a      0x3a5 ./Generated_Code/XF1.o
                              0x3fd45 (size before relaxing)
 .debug_str     0x0006d52f      0x270 ./Generated_Code/usb_cdc.o
                              0x42103 (size before relaxing)
 .debug_str     0x0006d79f      0x221 ./Generated_Code/usb_cdc_pstn.o
                              0x41fe1 (size before relaxing)
 .debug_str     0x0006d9c0      0x3f9 ./Generated_Code/usb_class.o
                              0x41a92 (size before relaxing)
 .debug_str     0x0006ddb9      0xc0d ./Generated_Code/usb_dci_kinetis.o
                              0x4397f (size before relaxing)
 .debug_str     0x0006e9c6      0x35d ./Generated_Code/usb_descriptor.o
                              0x41907 (size before relaxing)
 .debug_str     0x0006ed23      0xa54 ./Generated_Code/usb_driver.o
                              0x4122b (size before relaxing)
 .debug_str     0x0006f777      0x2d9 ./Generated_Code/usb_framework.o
                              0x43e4d (size before relaxing)
 .debug_str     0x0006fa50       0x2f ./Generated_Code/wdt_kinetis.o
                              0x3f4a3 (size before relaxing)

.comment        0x00000000       0x70
 .comment       0x00000000       0x70 ./Sources/TEAM_Common/Application.o
                                 0x71 (size before relaxing)
 .comment       0x00000000       0x71 ./Sources/TEAM_Common/LED.o
 .comment       0x00000000       0x71 ./Sources/TEAM_Common/Platform.o
 .comment       0x00000000       0x71 ./Sources/Events.o
 .comment       0x00000000       0x71 ./Sources/main.o
 .comment       0x00000000       0x71 ./Project_Settings/Startup_Code/startup.o
 .comment       0x00000000       0x71 ./Generated_Code/AS1.o
 .comment       0x00000000       0x71 ./Generated_Code/ASerialLdd1.o
 .comment       0x00000000       0x71 ./Generated_Code/BitIoLdd10.o
 .comment       0x00000000       0x71 ./Generated_Code/BitIoLdd11.o
 .comment       0x00000000       0x71 ./Generated_Code/BitIoLdd12.o
 .comment       0x00000000       0x71 ./Generated_Code/BitIoLdd13.o
 .comment       0x00000000       0x71 ./Generated_Code/BitIoLdd14.o
 .comment       0x00000000       0x71 ./Generated_Code/BitIoLdd15.o
 .comment       0x00000000       0x71 ./Generated_Code/BitIoLdd16.o
 .comment       0x00000000       0x71 ./Generated_Code/BitIoLdd17.o
 .comment       0x00000000       0x71 ./Generated_Code/CDC1.o
 .comment       0x00000000       0x71 ./Generated_Code/CLS1.o
 .comment       0x00000000       0x71 ./Generated_Code/CS1.o