Archive member included because of file (symbol)

c:/freescale/kds_v3/toolchain/bin/../lib/gcc/arm-none-eabi/4.8.4/armv7e-m\libgcc.a(_arm_addsubsf3.o)
                              ./Generated_Code/UTIL1.o (__aeabi_fsub)
c:/freescale/kds_v3/toolchain/bin/../lib/gcc/arm-none-eabi/4.8.4/armv7e-m\libgcc.a(_arm_muldivsf3.o)
                              ./Generated_Code/UTIL1.o (__aeabi_fmul)
c:/freescale/kds_v3/toolchain/bin/../lib/gcc/arm-none-eabi/4.8.4/armv7e-m\libgcc.a(_arm_cmpsf2.o)
                              ./Generated_Code/UTIL1.o (__aeabi_fcmplt)
c:/freescale/kds_v3/toolchain/bin/../lib/gcc/arm-none-eabi/4.8.4/armv7e-m\libgcc.a(_arm_fixsfsi.o)
                              ./Generated_Code/UTIL1.o (__aeabi_f2iz)
c:/freescale/kds_v3/toolchain/bin/../lib/gcc/arm-none-eabi/4.8.4/armv7e-m\libgcc.a(_arm_fixunssfsi.o)
                              ./Generated_Code/UTIL1.o (__aeabi_f2uiz)
c:/freescale/kds_v3/toolchain/bin/../lib/gcc/arm-none-eabi/4.8.4/armv7e-m\libgcc.a(_aeabi_ldivmod.o)
                              ./Generated_Code/UTIL1.o (__aeabi_ldivmod)
c:/freescale/kds_v3/toolchain/bin/../lib/gcc/arm-none-eabi/4.8.4/armv7e-m\libgcc.a(_aeabi_uldivmod.o)
                              ./Generated_Code/XF1.o (__aeabi_uldivmod)
c:/freescale/kds_v3/toolchain/bin/../lib/gcc/arm-none-eabi/4.8.4/armv7e-m\libgcc.a(bpabi.o)
                              c:/freescale/kds_v3/toolchain/bin/../lib/gcc/arm-none-eabi/4.8.4/armv7e-m\libgcc.a(_aeabi_ldivmod.o) (__gnu_ldivmod_helper)
c:/freescale/kds_v3/toolchain/bin/../lib/gcc/arm-none-eabi/4.8.4/armv7e-m\libgcc.a(_dvmd_tls.o)
                              c:/freescale/kds_v3/toolchain/bin/../lib/gcc/arm-none-eabi/4.8.4/armv7e-m\libgcc.a(_aeabi_ldivmod.o) (__aeabi_ldiv0)
c:/freescale/kds_v3/toolchain/bin/../lib/gcc/arm-none-eabi/4.8.4/armv7e-m\libgcc.a(_divdi3.o)
                              c:/freescale/kds_v3/toolchain/bin/../lib/gcc/arm-none-eabi/4.8.4/armv7e-m\libgcc.a(bpabi.o) (__divdi3)
c:/freescale/kds_v3/toolchain/bin/../lib/gcc/arm-none-eabi/4.8.4/armv7e-m\libgcc.a(_udivdi3.o)
                              c:/freescale/kds_v3/toolchain/bin/../lib/gcc/arm-none-eabi/4.8.4/armv7e-m\libgcc.a(bpabi.o) (__udivdi3)
c:/freescale/kds_v3/toolchain/bin/../lib/gcc/arm-none-eabi/4.8.4/../../../../arm-none-eabi/lib/armv7e-m\libg_s.a(lib_a-exit.o)
                              c:/freescale/kds_v3/toolchain/bin/../lib/gcc/arm-none-eabi/4.8.4/../../../../arm-none-eabi/lib/armv7e-m/crt0.o (exit)
c:/freescale/kds_v3/toolchain/bin/../lib/gcc/arm-none-eabi/4.8.4/../../../../arm-none-eabi/lib/armv7e-m\libg_s.a(lib_a-impure.o)
                              c:/freescale/kds_v3/toolchain/bin/../lib/gcc/arm-none-eabi/4.8.4/../../../../arm-none-eabi/lib/armv7e-m\libg_s.a(lib_a-exit.o) (_global_impure_ptr)
c:/freescale/kds_v3/toolchain/bin/../lib/gcc/arm-none-eabi/4.8.4/../../../../arm-none-eabi/lib/armv7e-m\libg_s.a(lib_a-init.o)
                              c:/freescale/kds_v3/toolchain/bin/../lib/gcc/arm-none-eabi/4.8.4/../../../../arm-none-eabi/lib/armv7e-m/crt0.o (__libc_init_array)
c:/freescale/kds_v3/toolchain/bin/../lib/gcc/arm-none-eabi/4.8.4/../../../../arm-none-eabi/lib/armv7e-m\libg_s.a(lib_a-memcpy-stub.o)
                              ./Generated_Code/SEGGER_RTT.o (memcpy)
c:/freescale/kds_v3/toolchain/bin/../lib/gcc/arm-none-eabi/4.8.4/../../../../arm-none-eabi/lib/armv7e-m\libg_s.a(lib_a-memset.o)
                              c:/freescale/kds_v3/toolchain/bin/../lib/gcc/arm-none-eabi/4.8.4/../../../../arm-none-eabi/lib/armv7e-m/crt0.o (memset)
c:/freescale/kds_v3/toolchain/bin/../lib/gcc/arm-none-eabi/4.8.4/../../../../arm-none-eabi/lib/armv7e-m\libg_s.a(lib_a-rand.o)
                              ./Generated_Code/UTIL1.o (srand)
c:/freescale/kds_v3/toolchain/bin/../lib/gcc/arm-none-eabi/4.8.4/../../../../arm-none-eabi/lib/armv7e-m\libg_s.a(lib_a-strchr.o)
                              ./Generated_Code/UTIL1.o (strchr)
c:/freescale/kds_v3/toolchain/bin/../lib/gcc/arm-none-eabi/4.8.4/../../../../arm-none-eabi/lib/armv7e-m\libg_s.a(lib_a-strcmp.o)
                              ./Generated_Code/CLS1.o (strcmp)
c:/freescale/kds_v3/toolchain/bin/../lib/gcc/arm-none-eabi/4.8.4/../../../../arm-none-eabi/lib/armv7e-m\libg_s.a(lib_a-strlen.o)
                              ./Generated_Code/CLS1.o (strlen)
c:/freescale/kds_v3/toolchain/bin/../lib/gcc/arm-none-eabi/4.8.4/../../../../arm-none-eabi/lib/armv7e-m\libg_s.a(lib_a-strncmp.o)
                              ./Generated_Code/UTIL1.o (strncmp)
c:/freescale/kds_v3/toolchain/bin/../lib/gcc/arm-none-eabi/4.8.4/../../../../arm-none-eabi/lib/armv7e-m\libg_s.a(lib_a-malloc.o)
                              c:/freescale/kds_v3/toolchain/bin/../lib/gcc/arm-none-eabi/4.8.4/../../../../arm-none-eabi/lib/armv7e-m\libg_s.a(lib_a-rand.o) (malloc)
c:/freescale/kds_v3/toolchain/bin/../lib/gcc/arm-none-eabi/4.8.4/../../../../arm-none-eabi/lib/armv7e-m\libg_s.a(lib_a-nano-freer.o)
[...]
Memory Configuration

Name             Origin             Length             Attributes
m_interrupts     0x00000000         0x000000f8         xr
m_text           0x00000410         0x0001fbf0         xr
m_text_10000000  0x10000000         0x00008000         xr
m_data           0x1fffe000         0x00002000         rw
m_data_20000000  0x20000000         0x00002000         rw
m_cfmprotrom     0x00000400         0x00000010         xr
*default*        0x00000000         0xffffffff

Linker script and memory map

LOAD c:/freescale/kds_v3/toolchain/bin/../lib/gcc/arm-none-eabi/4.8.4/armv7e-m/crti.o
LOAD c:/freescale/kds_v3/toolchain/bin/../lib/gcc/arm-none-eabi/4.8.4/armv7e-m/crtbegin.o
LOAD c:/freescale/kds_v3/toolchain/bin/../lib/gcc/arm-none-eabi/4.8.4/../../../../arm-none-eabi/lib/armv7e-m/crt0.o
LOAD ./Sources/TEAM_Common/Application.o
LOAD ./Sources/TEAM_Common/Battery.o
LOAD ./Sources/TEAM_Common/Buzzer.o
LOAD ./Sources/TEAM_Common/Debounce.o
LOAD ./Sources/TEAM_Common/Distance.o
LOAD ./Sources/TEAM_Common/Drive.o
LOAD ./Sources/TEAM_Common/Event.o
LOAD ./Sources/TEAM_Common/KeyDebounce.o
LOAD ./Sources/TEAM_Common/Keys.o
LOAD ./Sources/TEAM_Common/LCD.o
LOAD ./Sources/TEAM_Common/LCDMenu.o
LOAD ./Sources/TEAM_Common/LED.o
LOAD ./Sources/TEAM_Common/LineFollow.o
LOAD ./Sources/TEAM_Common/MCP4728.o
LOAD ./Sources/TEAM_Common/Maze.o
LOAD ./Sources/TEAM_Common/Motor.o
LOAD ./Sources/TEAM_Common/NVM_Config.o
LOAD ./Sources/TEAM_Common/Pid.o
LOAD ./Sources/TEAM_Common/Platform.o
LOAD ./Sources/TEAM_Common/QuadCalib.o
LOAD ./Sources/TEAM_Common/RNet_App.o
LOAD ./Sources/TEAM_Common/RTOS.o
LOAD ./Sources/TEAM_Common/Reflectance.o
LOAD ./Sources/TEAM_Common/Remote.o
LOAD ./Sources/TEAM_Common/Sem.o
LOAD ./Sources/TEAM_Common/Shell.o
LOAD ./Sources/TEAM_Common/ShellQueue.o
LOAD ./Sources/TEAM_Common/Snake.o
LOAD ./Sources/TEAM_Common/Sumo.o
LOAD ./Sources/TEAM_Common/Tacho.o
LOAD ./Sources/TEAM_Common/Timer.o
LOAD ./Sources/TEAM_Common/Trigger.o
LOAD ./Sources/TEAM_Common/Turn.o
LOAD ./Sources/TEAM_Common/VL6180X.o
LOAD ./Sources/Events.o
LOAD ./Sources/main.o
LOAD ./Project_Settings/Startup_Code/startup.o
LOAD ./Generated_Code/AS1.o
LOAD ./Generated_Code/ASerialLdd1.o
LOAD ./Generated_Code/BitIoLdd10.o
LOAD ./Generated_Code/BitIoLdd11.o
LOAD ./Generated_Code/BitIoLdd12.o
LOAD ./Generated_Code/BitIoLdd13.o
LOAD ./Generated_Code/BitIoLdd14.o
LOAD ./Generated_Code/BitIoLdd15.o
LOAD ./Generated_Code/BitIoLdd16.o
LOAD ./Generated_Code/BitIoLdd17.o
LOAD ./Generated_Code/CDC1.o
LOAD ./Generated_Code/CLS1.o
LOAD ./Generated_Code/CS1.o
LOAD ./Generated_Code/Cpu.o
LOAD ./Generated_Code/HF1.o
LOAD ./Generated_Code/IFsh1.o
LOAD ./Generated_Code/IntFlashLdd1.o
LOAD ./Generated_Code/KIN1.o
LOAD ./Generated_Code/LEDPin1.o
LOAD ./Generated_Code/MCUC1.o
LOAD ./Generated_Code/PE_LDD.o
LOAD ./Generated_Code/PTA.o
LOAD ./Generated_Code/PTB.o
LOAD ./Generated_Code/PTD.o
LOAD ./Generated_Code/RTT1.o
LOAD ./Generated_Code/RTT_Syscalls_GCC.o
LOAD ./Generated_Code/Rx1.o
LOAD ./Generated_Code/SEGGER_RTT.o
LOAD ./Generated_Code/SEGGER_RTT_printf.o
LOAD ./Generated_Code/SW1.o
LOAD ./Generated_Code/SW2.o
LOAD ./Generated_Code/SW3.o
LOAD ./Generated_Code/SW4.o
LOAD ./Generated_Code/SW5.o
LOAD ./Generated_Code/SW6.o
LOAD ./Generated_Code/SW7.o
LOAD ./Generated_Code/TI1.o
LOAD ./Generated_Code/TMOUT1.o
LOAD ./Generated_Code/TU1.o
LOAD ./Generated_Code/TimerIntLdd1.o
LOAD ./Generated_Code/TmDt1.o
LOAD ./Generated_Code/Tx1.o
LOAD ./Generated_Code/USB0.o
LOAD ./Generated_Code/USB1.o
LOAD ./Generated_Code/UTIL1.o
LOAD ./Generated_Code/Vectors.o
LOAD ./Generated_Code/WAIT1.o
LOAD ./Generated_Code/XF1.o
LOAD ./Generated_Code/usb_cdc.o
LOAD ./Generated_Code/usb_cdc_pstn.o
LOAD ./Generated_Code/usb_class.o
LOAD ./Generated_Code/usb_dci_kinetis.o
LOAD ./Generated_Code/usb_descriptor.o
LOAD ./Generated_Code/usb_driver.o
LOAD ./Generated_Code/usb_framework.o
LOAD ./Generated_Code/wdt_kinetis.o
LOAD c:/freescale/kds_v3/toolchain/bin/../lib/gcc/arm-none-eabi/4.8.4/../../../../arm-none-eabi/lib/armv7e-m\libstdc++_s.a
LOAD c:/freescale/kds_v3/toolchain/bin/../lib/gcc/arm-none-eabi/4.8.4/../../../../arm-none-eabi/lib/armv7e-m\libm.a
START GROUP
LOAD c:/freescale/kds_v3/toolchain/bin/../lib/gcc/arm-none-eabi/4.8.4/armv7e-m\libgcc.a
LOAD c:/freescale/kds_v3/toolchain/bin/../lib/gcc/arm-none-eabi/4.8.4/../../../../arm-none-eabi/lib/armv7e-m\libg_s.a
LOAD c:/freescale/kds_v3/toolchain/bin/../lib/gcc/arm-none-eabi/4.8.4/../../../../arm-none-eabi/lib/armv7e-m\libc_s.a
END GROUP
START GROUP
LOAD c:/freescale/kds_v3/toolchain/bin/../lib/gcc/arm-none-eabi/4.8.4/armv7e-m\libgcc.a
LOAD c:/freescale/kds_v3/toolchain/bin/../lib/gcc/arm-none-eabi/4.8.4/../../../../arm-none-eabi/lib/armv7e-m\libc_s.a
LOAD c:/freescale/kds_v3/toolchain/bin/../lib/gcc/arm-none-eabi/4.8.4/../../../../arm-none-eabi/lib/armv7e-m\libnosys.a
END GROUP
START GROUP
LOAD c:/freescale/kds_v3/toolchain/bin/../lib/gcc/arm-none-eabi/4.8.4/armv7e-m\libgcc.a
LOAD c:/freescale/kds_v3/toolchain/bin/../lib/gcc/arm-none-eabi/4.8.4/../../../../arm-none-eabi/lib/armv7e-m\libc_s.a
LOAD c:/freescale/kds_v3/toolchain/bin/../lib/gcc/arm-none-eabi/4.8.4/../../../../arm-none-eabi/lib/armv7e-m\libnosys.a
END GROUP
LOAD c:/freescale/kds_v3/toolchain/bin/../lib/gcc/arm-none-eabi/4.8.4/armv7e-m/crtend.o
LOAD c:/freescale/kds_v3/toolchain/bin/../lib/gcc/arm-none-eabi/4.8.4/armv7e-m/crtn.o
                0x20000000                _estack = 0x20000000
                0x20000000                __SP_INIT = _estack
                0x20000000                __stack = _estack
                0x00000000                __heap_size = 0x0
                0x00000200                __stack_size = 0x200

.interrupts     0x00000000       0xf8
                0x00000000                __vector_table = .
                0x00000000                . = ALIGN (0x4)
 *(.vectortable)
 .vectortable   0x00000000       0xf8 ./Generated_Code/Vectors.o
                0x00000000                __vect_table
                0x000000f8                . = ALIGN (0x4)

.cfmprotect     0x00000400       0x10
                0x00000400                . = ALIGN (0x4)
 *(.cfmconfig)
 .cfmconfig     0x00000400       0x10 ./Generated_Code/Cpu.o
                0x00000400                _cfm
                0x00000410                . = ALIGN (0x4)

.text           0x00000410     0x4cc0
                0x00000410                . = ALIGN (0x4)
 *(.text)
 .text          0x00000410       0x54 c:/freescale/kds_v3/toolchain/bin/../lib/gcc/arm-none-eabi/4.8.4/armv7e-m/crtbegin.o
 .text          0x00000464       0x74 c:/freescale/kds_v3/toolchain/bin/../lib/gcc/arm-none-eabi/4.8.4/../../../../arm-none-eabi/lib/armv7e-m/crt0.o
                0x00000464                _start
                0x00000464                _mainCRTStartup
 *(.text*)
 .text.APP_AdoptToHardware
                0x000004d8       0x20 ./Sources/TEAM_Common/Application.o
 .text.APP_Start
                0x000004f8       0x10 ./Sources/TEAM_Common/Application.o
                0x000004f8                APP_Start
 .text.PL_Init  0x00000508        0xc ./Sources/TEAM_Common/Platform.o
                0x00000508                PL_Init
 .text.Cpu_OnNMIINT
                0x00000514        0xc ./Sources/Events.o
                0x00000514                Cpu_OnNMIINT
 .text.TI1_OnInterrupt
                0x00000520        0xc ./Sources/Events.o
                0x00000520                TI1_OnInterrupt
 .text.main     0x0000052c       0x10 ./Sources/main.o
                0x0000052c                main
 .text.__copy_rom_section
                0x0000053c       0xe4 ./Project_Settings/Startup_Code/startup.o
                0x0000053c                __copy_rom_section
 .text.__copy_rom_sections_to_ram
                0x00000620       0x9c ./Project_Settings/Startup_Code/startup.o
                0x00000620                __copy_rom_sections_to_ram
 .text.__init_registers
                0x000006bc        0xc ./Project_Settings/Startup_Code/startup.o
                0x000006bc                __init_registers
 .text.__init_user
                0x000006c8        0xc ./Project_Settings/Startup_Code/startup.o
                0x000006c8                __init_user
 .text.__thumb_startup
                0x000006d4       0x34 ./Project_Settings/Startup_Code/startup.o
                0x000006d4                __thumb_startup
 .text.HWEnDi   0x00000708       0x1c ./Generated_Code/AS1.o
 .text.AS1_Init
                0x00000724       0x60 ./Generated_Code/AS1.o
                0x00000724                AS1_Init
 .text.ASerialLdd1_OnBlockReceived
                0x00000784       0x7c ./Generated_Code/AS1.o
                0x00000784                ASerialLdd1_OnBlockReceived
 .text.ASerialLdd1_OnBlockSent
                0x00000800       0x88 ./Generated_Code/AS1.o
                0x00000800                ASerialLdd1_OnBlockSent
 .text.ASerialLdd1_OnError
                0x00000888       0x98 ./Generated_Code/AS1.o
                0x00000888                ASerialLdd1_OnError
 .text.ASerialLdd1_OnBreak
                0x00000920       0x24 ./Generated_Code/AS1.o
                0x00000920                ASerialLdd1_OnBreak
 .text.ASerialLdd1_Init
                0x00000944      0x1c0 ./Generated_Code/ASerialLdd1.o
                0x00000944                ASerialLdd1_Init
 .text.ASerialLdd1_ReceiveBlock
                0x00000b04       0x90 ./Generated_Code/ASerialLdd1.o
                0x00000b04                ASerialLdd1_ReceiveBlock
 .text.ASerialLdd1_SendBlock
                0x00000b94       0xbc ./Generated_Code/ASerialLdd1.o
                0x00000b94                ASerialLdd1_SendBlock
 .text.InterruptRx
                0x00000c50       0x58 ./Generated_Code/ASerialLdd1.o
 .text.InterruptTx
                0x00000ca8       0x80 ./Generated_Code/ASerialLdd1.o
 .text.ASerialLdd1_Interrupt
                0x00000d28       0xf4 ./Generated_Code/ASerialLdd1.o
                0x00000d28                ASerialLdd1_Interrupt
 .text.ASerialLdd1_GetError
                0x00000e1c       0x70 ./Generated_Code/ASerialLdd1.o
                0x00000e1c                ASerialLdd1_GetError
 .text.BitIoLdd10_Init
                0x00000e8c       0x58 ./Generated_Code/BitIoLdd10.o
                0x00000e8c                BitIoLdd10_Init
 .text.BitIoLdd11_Init
                0x00000ee4       0x58 ./Generated_Code/BitIoLdd11.o
                0x00000ee4                BitIoLdd11_Init
 .text.BitIoLdd12_Init
                0x00000f3c       0x58 ./Generated_Code/BitIoLdd12.o
                0x00000f3c                BitIoLdd12_Init
 .text.BitIoLdd13_Init
                0x00000f94       0x58 ./Generated_Code/BitIoLdd13.o
                0x00000f94                BitIoLdd13_Init
 .text.BitIoLdd14_Init
                0x00000fec       0x58 ./Generated_Code/BitIoLdd14.o
                0x00000fec                BitIoLdd14_Init
 .text.BitIoLdd15_Init
                0x00001044       0x58 ./Generated_Code/BitIoLdd15.o
                0x00001044                BitIoLdd15_Init
 .text.BitIoLdd16_Init
                0x0000109c       0x58 ./Generated_Code/BitIoLdd16.o
                0x0000109c                BitIoLdd16_Init
 .text.BitIoLdd17_Init
                0x000010f4       0x64 ./Generated_Code/BitIoLdd17.o
                0x000010f4                BitIoLdd17_Init
 .text.CDC1_App_Callback
                0x00001158       0xc8 ./Generated_Code/CDC1.o
                0x00001158                CDC1_App_Callback
 .text.CDC1_Notify_Callback
                0x00001220       0x4c ./Generated_Code/CDC1.o
                0x00001220                CDC1_Notify_Callback
 .text.CDC1_Init
                0x0000126c       0x5c ./Generated_Code/CDC1.o
                0x0000126c                CDC1_Init
 .text.CLS1_Init
                0x000012c8        0xc ./Generated_Code/CLS1.o
                0x000012c8                CLS1_Init
 .text.CS1_Init
                0x000012d4        0xc ./Generated_Code/CS1.o
                0x000012d4                CS1_Init
 .text.Cpu_INT_NMIInterrupt
                0x000012e0       0x1c ./Generated_Code/Cpu.o
                0x000012e0                Cpu_INT_NMIInterrupt
 .text.Cpu_Interrupt
                0x000012fc       0x18 ./Generated_Code/Cpu.o
                0x000012fc                Cpu_Interrupt
 .text.__init_hardware
                0x00001314      0x190 ./Generated_Code/Cpu.o
                0x00001314                __init_hardware
 .text.Cpu_SetBASEPRI
                0x000014a4       0x18 ./Generated_Code/Cpu.o
                0x000014a4                Cpu_SetBASEPRI
 .text.PE_low_level_init
                0x000014bc      0x1e8 ./Generated_Code/Cpu.o
                0x000014bc                PE_low_level_init
 .text.HF1_HandlerC
                0x000016a4       0xd4 ./Generated_Code/HF1.o
                0x000016a4                HF1_HandlerC
 .text.HF1_HardFaultHandler
                0x00001778       0x1c ./Generated_Code/HF1.o
                0x00001778                HF1_HardFaultHandler
 .text.HF1_Init
                0x00001794        0xc ./Generated_Code/HF1.o
                0x00001794                HF1_Init
 .text.IFsh1_Init
                0x000017a0       0x2c ./Generated_Code/IFsh1.o
                0x000017a0                IFsh1_Init
 .text.IntFlashLdd1_Init
                0x000017cc       0x64 ./Generated_Code/IntFlashLdd1.o
                0x000017cc                IntFlashLdd1_Init
 .text.KIN1_UIDGet
                0x00001830      0x12c ./Generated_Code/KIN1.o
                0x00001830                KIN1_UIDGet
 .text.MCUC1_Init
                0x0000195c        0xc ./Generated_Code/MCUC1.o
                0x0000195c                MCUC1_Init
 .text.PTA_Init
                0x00001968       0x1c ./Generated_Code/PTA.o
                0x00001968                PTA_Init
 .text.PTB_Init
                0x00001984        0xc ./Generated_Code/PTB.o
                0x00001984                PTB_Init
 .text.PTD_Init
                0x00001990       0x1c ./Generated_Code/PTD.o
                0x00001990                PTD_Init
 .text.RTT1_Init
                0x000019ac        0xc ./Generated_Code/RTT1.o
                0x000019ac                RTT1_Init
 .text.Rx1_Put  0x000019b8       0x74 ./Generated_Code/Rx1.o
                0x000019b8                Rx1_Put
 .text.Rx1_Init
                0x00001a2c       0x2c ./Generated_Code/Rx1.o
                0x00001a2c                Rx1_Init
 .text._DoInit  0x00001a58       0xa4 ./Generated_Code/SEGGER_RTT.o
 .text.SEGGER_RTT_Init
                0x00001afc        0xc ./Generated_Code/SEGGER_RTT.o
                0x00001afc                SEGGER_RTT_Init
 .text.TimerIntLdd1_OnInterrupt
                0x00001b08       0x14 ./Generated_Code/TI1.o
                0x00001b08                TimerIntLdd1_OnInterrupt
 .text.TMOUT1_Init
                0x00001b1c       0x3c ./Generated_Code/TMOUT1.o
                0x00001b1c                TMOUT1_Init
 .text.TU1_Init
                0x00001b58       0xf8 ./Generated_Code/TU1.o
                0x00001b58                TU1_Init
 .text.TU1_Interrupt
                0x00001c50       0x6c ./Generated_Code/TU1.o
                0x00001c50                TU1_Interrupt
 .text.TimerIntLdd1_Init
                0x00001cbc       0x50 ./Generated_Code/TimerIntLdd1.o
                0x00001cbc                TimerIntLdd1_Init
 .text.TU1_OnCounterRestart
                0x00001d0c       0x24 ./Generated_Code/TimerIntLdd1.o
                0x00001d0c                TU1_OnCounterRestart
 .text.TmDt1_SetSWTimeDate
                0x00001d30       0x98 ./Generated_Code/TmDt1.o
                0x00001d30                TmDt1_SetSWTimeDate
 .text.TmDt1_Init
                0x00001dc8       0x1c ./Generated_Code/TmDt1.o
                0x00001dc8                TmDt1_Init
 .text.TmDt1_TimeToTicks
                0x00001de4       0x50 ./Generated_Code/TmDt1.o
                0x00001de4                TmDt1_TimeToTicks
 .text.Tx1_Init
                0x00001e34       0x2c ./Generated_Code/Tx1.o
                0x00001e34                Tx1_Init
 .text.USB0_Init
                0x00001e60      0x19c ./Generated_Code/USB0.o
                0x00001e60                USB0_Init
 .text.USB1_usb_int_en
                0x00001ffc       0x20 ./Generated_Code/USB1.o
                0x00001ffc                USB1_usb_int_en
 .text.USB1_Init
                0x0000201c       0x2c ./Generated_Code/USB1.o
                0x0000201c                USB1_Init
 .text.WAIT1_Init
                0x00002048        0xc ./Generated_Code/WAIT1.o
                0x00002048                WAIT1_Init
 .text.XF1_Init
                0x00002054        0xc ./Generated_Code/XF1.o
                0x00002054                XF1_Init
 .text.USB_Class_CDC_Service_Cic_Notify
                0x00002060       0xfc ./Generated_Code/usb_cdc.o
                0x00002060                USB_Class_CDC_Service_Cic_Notify
 .text.USB_Class_CDC_Service_Dic_Bulk_In
                0x0000215c      0x12c ./Generated_Code/usb_cdc.o
                0x0000215c                USB_Class_CDC_Service_Dic_Bulk_In
 .text.USB_Class_CDC_Service_Dic_Bulk_Out
                0x00002288       0x58 ./Generated_Code/usb_cdc.o
                0x00002288                USB_Class_CDC_Service_Dic_Bulk_Out
 .text.USB_Class_CDC_Event
                0x000022e0      0x164 ./Generated_Code/usb_cdc.o
                0x000022e0                USB_Class_CDC_Event
 .text.USB_Other_Requests
                0x00002444      0x1c4 ./Generated_Code/usb_cdc.o
 .text.USB_Class_CDC_Init
                0x00002608       0xfc ./Generated_Code/usb_cdc.o
                0x00002608                USB_Class_CDC_Init
 .text.USB_Class_CDC_Send_Data
                0x00002704      0x13c ./Generated_Code/usb_cdc.o
                0x00002704                USB_Class_CDC_Send_Data
 .text.USB_Class_CDC_Pstn_Init
                0x00002840       0x28 ./Generated_Code/usb_cdc_pstn.o
                0x00002840                USB_Class_CDC_Pstn_Init
 .text.USB_Class_CDC_PSTN_Get_Line_Coding
                0x00002868       0x3c ./Generated_Code/usb_cdc_pstn.o
                0x00002868                USB_Class_CDC_PSTN_Get_Line_Coding
 .text.USB_Class_CDC_PSTN_Set_Line_Coding
                0x000028a4       0x48 ./Generated_Code/usb_cdc_pstn.o
                0x000028a4                USB_Class_CDC_PSTN_Set_Line_Coding
 .text.USB_Class_CDC_PSTN_Set_Ctrl_Line_State
                0x000028ec       0xc0 ./Generated_Code/usb_cdc_pstn.o
                0x000028ec                USB_Class_CDC_PSTN_Set_Ctrl_Line_State
 .text.USB_Class_CDC_PSTN_Send_Break
                0x000029ac       0x30 ./Generated_Code/usb_cdc_pstn.o
                0x000029ac                USB_Class_CDC_PSTN_Send_Break
 .text.USB_Class_CDC_PSTN_Get_Comm_Feature
                0x000029dc       0x74 ./Generated_Code/usb_cdc_pstn.o
                0x000029dc                USB_Class_CDC_PSTN_Get_Comm_Feature
 .text.USB_Class_CDC_PSTN_Set_Comm_Feature
                0x00002a50       0x74 ./Generated_Code/usb_cdc_pstn.o
                0x00002a50                USB_Class_CDC_PSTN_Set_Comm_Feature
 .text.USB_Class_CDC_PSTN_Send_Serial_State
                0x00002ac4       0x3c ./Generated_Code/usb_cdc_pstn.o
                0x00002ac4                USB_Class_CDC_PSTN_Send_Serial_State
 .text.USB_Suspend_Service
                0x00002b00       0x40 ./Generated_Code/usb_class.o
                0x00002b00                USB_Suspend_Service
 .text.USB_Resume_Service
                0x00002b40       0x50 ./Generated_Code/usb_class.o
                0x00002b40                USB_Resume_Service
 .text.USB_Stall_Service
                0x00002b90       0x34 ./Generated_Code/usb_class.o
                0x00002b90                USB_Stall_Service
 .text.USB_Sof_Service
                0x00002bc4       0x40 ./Generated_Code/usb_class.o
                0x00002bc4                USB_Sof_Service
 .text.USB_Reset_Service
                0x00002c04       0xbc ./Generated_Code/usb_class.o
                0x00002c04                USB_Reset_Service
 .text.USB_Error_Service
                0x00002cc0       0x28 ./Generated_Code/usb_class.o
                0x00002cc0                USB_Error_Service
 .text.USB_Class_Init
                0x00002ce8       0xec ./Generated_Code/usb_class.o
                0x00002ce8                USB_Class_Init
 .text.USB_Class_Initiate_Resume
                0x00002dd4       0x70 ./Generated_Code/usb_class.o
                0x00002dd4                USB_Class_Initiate_Resume
 .text.USB_Class_Send_Data
                0x00002e44       0x48 ./Generated_Code/usb_class.o
                0x00002e44                USB_Class_Send_Data
 .text.USB_Bus_Reset_Handler
                0x00002e8c       0xc0 ./Generated_Code/usb_dci_kinetis.o
 .text.USB_DCI_Get_BDT_Index
                0x00002f4c       0x44 ./Generated_Code/usb_dci_kinetis.o
 .text.USB_DCI_Validate_Param
                0x00002f90       0x5c ./Generated_Code/usb_dci_kinetis.o
 .text.USB_DCI_Prepare_Send_Data
                0x00002fec       0x6c ./Generated_Code/usb_dci_kinetis.o
 .text.USB_DCI_Init
                0x00003058      0x160 ./Generated_Code/usb_dci_kinetis.o
                0x00003058                USB_DCI_Init
 .text.USB_DCI_Init_EndPoint
                0x000031b8      0x20c ./Generated_Code/usb_dci_kinetis.o
                0x000031b8                USB_DCI_Init_EndPoint
 .text._usb_device_cancel_transfer
                0x000033c4       0xa4 ./Generated_Code/usb_dci_kinetis.o
                0x000033c4                _usb_device_cancel_transfer
 .text.USB_DCI_Deinit_EndPoint
                0x00003468       0xb0 ./Generated_Code/usb_dci_kinetis.o
                0x00003468                USB_DCI_Deinit_EndPoint
 .text._usb_device_stall_endpoint
                0x00003518       0x7c ./Generated_Code/usb_dci_kinetis.o
                0x00003518                _usb_device_stall_endpoint
 .text._usb_device_unstall_endpoint
                0x00003594       0xe4 ./Generated_Code/usb_dci_kinetis.o
                0x00003594                _usb_device_unstall_endpoint
 .text._usb_device_clear_data0_endpoint
                0x00003678       0x60 ./Generated_Code/usb_dci_kinetis.o
                0x00003678                _usb_device_clear_data0_endpoint
 .text._usb_device_recv_data
                0x000036d8      0x138 ./Generated_Code/usb_dci_kinetis.o
                0x000036d8                _usb_device_recv_data
 .text._usb_device_send_data
                0x00003810       0xe0 ./Generated_Code/usb_dci_kinetis.o
                0x00003810                _usb_device_send_data
 .text._usb_device_set_address
                0x000038f0       0x30 ./Generated_Code/usb_dci_kinetis.o
                0x000038f0                _usb_device_set_address
 .text._usb_device_assert_resume
                0x00003920       0xb8 ./Generated_Code/usb_dci_kinetis.o
                0x00003920                _usb_device_assert_resume
 .text.USB_Bus_Token_Cpl_Handler
                0x000039d8      0x328 ./Generated_Code/usb_dci_kinetis.o
 .text.USB_ISR  0x00003d00      0x2a4 ./Generated_Code/usb_dci_kinetis.o
                0x00003d00                USB_ISR
 .text.Clear_Mem
                0x00003fa4       0x24 ./Generated_Code/usb_dci_kinetis.o
                0x00003fa4                Clear_Mem
 .text.USB_Desc_Get_Descriptor
                0x00003fc8       0xf4 ./Generated_Code/usb_descriptor.o
                0x00003fc8                USB_Desc_Get_Descriptor
 .text.USB_Desc_Get_Interface
                0x000040bc       0x38 ./Generated_Code/usb_descriptor.o
                0x000040bc                USB_Desc_Get_Interface
 .text.USB_Desc_Set_Interface
                0x000040f4       0x38 ./Generated_Code/usb_descriptor.o
                0x000040f4                USB_Desc_Set_Interface
 .text.USB_Desc_Valid_Configation
                0x0000412c       0x44 ./Generated_Code/usb_descriptor.o
                0x0000412c                USB_Desc_Valid_Configation
 .text.USB_Desc_Remote_Wakeup
                0x00004170       0x18 ./Generated_Code/usb_descriptor.o
                0x00004170                USB_Desc_Remote_Wakeup
 .text.USB_Desc_Get_Endpoints
                0x00004188       0x1c ./Generated_Code/usb_descriptor.o
                0x00004188                USB_Desc_Get_Endpoints
 .text.USB_Desc_Get_Line_Coding
                0x000041a4       0x3c ./Generated_Code/usb_descriptor.o
                0x000041a4                USB_Desc_Get_Line_Coding
 .text.USB_Desc_Set_Line_Coding
                0x000041e0       0x5c ./Generated_Code/usb_descriptor.o
                0x000041e0                USB_Desc_Set_Line_Coding
 .text.USB_Desc_Get_Abstract_State
                0x0000423c       0x38 ./Generated_Code/usb_descriptor.o
                0x0000423c                USB_Desc_Get_Abstract_State
 .text.USB_Desc_Get_Country_Setting
                0x00004274       0x38 ./Generated_Code/usb_descriptor.o
                0x00004274                USB_Desc_Get_Country_Setting
 .text.USB_Desc_Set_Abstract_State
                0x000042ac       0x58 ./Generated_Code/usb_descriptor.o
                0x000042ac                USB_Desc_Set_Abstract_State
 .text.USB_Desc_Set_Country_Setting
                0x00004304       0x58 ./Generated_Code/usb_descriptor.o
                0x00004304                USB_Desc_Set_Country_Setting
 .text.USB_Device_Init_Params
                0x0000435c       0x60 ./Generated_Code/usb_driver.o
 .text._usb_device_init
                0x000043bc       0x48 ./Generated_Code/usb_driver.o
                0x000043bc                _usb_device_init
 .text._usb_device_init_endpoint
                0x00004404       0x74 ./Generated_Code/usb_driver.o
                0x00004404                _usb_device_init_endpoint
 .text._usb_device_deinit_endpoint
                0x00004478       0x6c ./Generated_Code/usb_driver.o
                0x00004478                _usb_device_deinit_endpoint
 .text._usb_device_get_status
                0x000044e4       0x68 ./Generated_Code/usb_driver.o
                0x000044e4                _usb_device_get_status
 .text._usb_device_set_status
                0x0000454c       0xbc ./Generated_Code/usb_driver.o
                0x0000454c                _usb_device_set_status
 .text._usb_device_register_service
                0x00004608       0x20 ./Generated_Code/usb_driver.o
                0x00004608                _usb_device_register_service
 .text.USB_Device_Call_Service
                0x00004628       0x3c ./Generated_Code/usb_driver.o
                0x00004628                USB_Device_Call_Service
 .text.USB_NULL_CALLBACK
                0x00004664       0x14 ./Generated_Code/usb_driver.o
                0x00004664                USB_NULL_CALLBACK
 .text.USB_Framework_Init
                0x00004678       0x44 ./Generated_Code/usb_framework.o
                0x00004678                USB_Framework_Init
 .text.USB_Control_Service
                0x000046bc      0x1dc ./Generated_Code/usb_framework.o
                0x000046bc                USB_Control_Service
 .text.USB_Control_Service_Handler
                0x00004898       0x74 ./Generated_Code/usb_framework.o
 .text.USB_Strd_Req_Get_Status
                0x0000490c      0x170 ./Generated_Code/usb_framework.o
 .text.USB_Strd_Req_Feature
                0x00004a7c      0x174 ./Generated_Code/usb_framework.o
 .text.USB_Strd_Req_Set_Address
                0x00004bf0       0x3c ./Generated_Code/usb_framework.o
 .text.USB_Strd_Req_Assign_Address
                0x00004c2c       0x44 ./Generated_Code/usb_framework.o
 .text.USB_Strd_Req_Get_Config
                0x00004c70       0x4c ./Generated_Code/usb_framework.o
 .text.USB_Strd_Req_Set_Config
                0x00004cbc       0x9c ./Generated_Code/usb_framework.o
 .text.USB_Strd_Req_Get_Interface
                0x00004d58       0x50 ./Generated_Code/usb_framework.o
 .text.USB_Strd_Req_Set_Interface
                0x00004da8       0x4c ./Generated_Code/usb_framework.o
 .text.USB_Strd_Req_Sync_Frame
                0x00004df4       0x48 ./Generated_Code/usb_framework.o
 .text.USB_Strd_Req_Get_Descriptor
                0x00004e3c       0x54 ./Generated_Code/usb_framework.o
 .text.Watchdog_Reset
                0x00004e90       0x20 ./Generated_Code/wdt_kinetis.o
                0x00004e90                Watchdog_Reset
 .text.exit     0x00004eb0       0x28 c:/freescale/kds_v3/toolchain/bin/../lib/gcc/arm-none-eabi/4.8.4/../../../../arm-none-eabi/lib/armv7e-m\libg_s.a(lib_a-exit.o)
                0x00004eb0                exit
 .text.__libc_init_array
                0x00004ed8       0x4c c:/freescale/kds_v3/toolchain/bin/../lib/gcc/arm-none-eabi/4.8.4/../../../../arm-none-eabi/lib/armv7e-m\libg_s.a(lib_a-init.o)
                0x00004ed8                __libc_init_array
 .text.memcpy   0x00004f24       0x12 c:/freescale/kds_v3/toolchain/bin/../lib/gcc/arm-none-eabi/4.8.4/../../../../arm-none-eabi/lib/armv7e-m\libg_s.a(lib_a-memcpy-stub.o)
                0x00004f24                memcpy
 .text.memset   0x00004f36       0x10 c:/freescale/kds_v3/toolchain/bin/../lib/gcc/arm-none-eabi/4.8.4/../../../../arm-none-eabi/lib/armv7e-m\libg_s.a(lib_a-memset.o)
                0x00004f36                memset
 *fill*         0x00004f46        0x2 
 .text._exit    0x00004f48        0x4 c:/freescale/kds_v3/toolchain/bin/../lib/gcc/arm-none-eabi/4.8.4/../../../../arm-none-eabi/lib/armv7e-m\libnosys.a(_exit.o)
                0x00004f48                _exit
 *(.rodata)
 .rodata        0x00004f4c       0x18 ./Generated_Code/SEGGER_RTT.o
 .rodata        0x00004f64        0x8 ./Generated_Code/usb_dci_kinetis.o
 *(.rodata*)
 .rodata.TmDt1_DefaultTime
                0x00004f6c        0x4 ./Generated_Code/TmDt1.o
 .rodata.TmDt1_DefaultDate
                0x00004f70        0x4 ./Generated_Code/TmDt1.o
 .rodata.usb_desc_ep
                0x00004f74       0x10 ./Generated_Code/usb_descriptor.o
                0x00004f74                usb_desc_ep
 .rodata.g_std_desc_size
                0x00004f84       0x10 ./Generated_Code/usb_descriptor.o
                0x00004f84                g_std_desc_size
 .rodata.g_std_descriptors
                0x00004f94       0x20 ./Generated_Code/usb_descriptor.o
                0x00004f94                g_std_descriptors
 .rodata.g_string_desc_size
                0x00004fb4        0x8 ./Generated_Code/usb_descriptor.o
                0x00004fb4                g_string_desc_size
 .rodata.g_string_descriptors
                0x00004fbc       0x14 ./Generated_Code/usb_descriptor.o
                0x00004fbc                g_string_descriptors
 .rodata.g_languages
                0x00004fd0       0x20 ./Generated_Code/usb_descriptor.o
                0x00004fd0                g_languages
 .rodata.g_valid_config_values
                0x00004ff0        0x4 ./Generated_Code/usb_descriptor.o
                0x00004ff0                g_valid_config_values
 .rodata.g_usb_CB
                0x00004ff4       0x60 ./Generated_Code/usb_driver.o
 .rodata.g_validate_request
                0x00005054       0x28 ./Generated_Code/usb_framework.o
                0x00005054                g_validate_request
 .rodata.g_standard_request
                0x0000507c       0x34 ./Generated_Code/usb_framework.o
                0x0000507c                g_standard_request
 .rodata.str1.1
                0x000050b0        0x2 c:/freescale/kds_v3/toolchain/bin/../lib/gcc/arm-none-eabi/4.8.4/../../../../arm-none-eabi/lib/armv7e-m\libg_s.a(lib_a-impure.o)
 *fill*         0x000050b2        0x2 
 .rodata._global_impure_ptr
                0x000050b4        0x4 c:/freescale/kds_v3/toolchain/bin/../lib/gcc/arm-none-eabi/4.8.4/../../../../arm-none-eabi/lib/armv7e-m\libg_s.a(lib_a-impure.o)
                0x000050b4                _global_impure_ptr
 *(.glue_7)
 .glue_7        0x00000000        0x0 linker stubs
 *(.glue_7t)
 .glue_7t       0x00000000        0x0 linker stubs
 *(.eh_frame)
 .eh_frame      0x000050b8        0x0 c:/freescale/kds_v3/toolchain/bin/../lib/gcc/arm-none-eabi/4.8.4/armv7e-m/crtbegin.o
 *(.init)
 .init          0x000050b8        0x4 c:/freescale/kds_v3/toolchain/bin/../lib/gcc/arm-none-eabi/4.8.4/armv7e-m/crti.o
                0x000050b8                _init
 .init          0x000050bc        0x8 c:/freescale/kds_v3/toolchain/bin/../lib/gcc/arm-none-eabi/4.8.4/armv7e-m/crtn.o
 *(.fini)
 .fini          0x000050c4        0x4 c:/freescale/kds_v3/toolchain/bin/../lib/gcc/arm-none-eabi/4.8.4/armv7e-m/crti.o
                0x000050c4                _fini
 .fini          0x000050c8        0x8 c:/freescale/kds_v3/toolchain/bin/../lib/gcc/arm-none-eabi/4.8.4/armv7e-m/crtn.o
                0x000050d0                . = ALIGN (0x4)
                0x000050d0                _etext = .

.vfp11_veneer   0x000050d0        0x0
 .vfp11_veneer  0x00000000        0x0 linker stubs

.v4_bx          0x000050d0        0x0
 .v4_bx         0x00000000        0x0 linker stubs

.iplt           0x000050d0        0x0
 .iplt          0x00000000        0x0 c:/freescale/kds_v3/toolchain/bin/../lib/gcc/arm-none-eabi/4.8.4/armv7e-m/crtbegin.o

.ARM.extab
 *(.ARM.extab* .gnu.linkonce.armextab.*)

.ARM            0x000050d0        0x8
                0x000050d0                __exidx_start = .
 *(.ARM.exidx*)
 .ARM.exidx     0x000050d0        0x8 c:/freescale/kds_v3/toolchain/bin/../lib/gcc/arm-none-eabi/4.8.4/../../../../arm-none-eabi/lib/armv7e-m/crt0.o
                0x000050d8                __exidx_end = .

.rel.dyn        0x000050d8        0x0
 .rel.iplt      0x00000000        0x0 c:/freescale/kds_v3/toolchain/bin/../lib/gcc/arm-none-eabi/4.8.4/armv7e-m/crtbegin.o

.ctors          0x000050d8        0x0
                0x000050d8                __CTOR_LIST__ = .
 *crtbegin.o(.ctors)
 *(EXCLUDE_FILE(*crtend.o) .ctors)
 *(SORT(.ctors.*))
 *(.ctors)
                0x000050d8                __CTOR_END__ = .

.dtors          0x000050d8        0x0
                0x000050d8                __DTOR_LIST__ = .
 *crtbegin.o(.dtors)
 *(EXCLUDE_FILE(*crtend.o) .dtors)
 *(SORT(.dtors.*))
 *(.dtors)
                0x000050d8                __DTOR_END__ = .

.preinit_array  0x000050d8        0x0
                0x000050d8                PROVIDE (__preinit_array_start, .)
 *(.preinit_array*)
                0x000050d8                PROVIDE (__preinit_array_end, .)

.init_array     0x000050d8        0x4
                0x000050d8                PROVIDE (__init_array_start, .)
 *(SORT(.init_array.*))
 *(.init_array*)
 .init_array    0x000050d8        0x4 c:/freescale/kds_v3/toolchain/bin/../lib/gcc/arm-none-eabi/4.8.4/armv7e-m/crtbegin.o
                0x000050dc                PROVIDE (__init_array_end, .)

.fini_array     0x000050dc        0x4
                0x000050dc                PROVIDE (__fini_array_start, .)
 *(SORT(.fini_array.*))
 *(.fini_array*)
 .fini_array    0x000050dc        0x4 c:/freescale/kds_v3/toolchain/bin/../lib/gcc/arm-none-eabi/4.8.4/armv7e-m/crtbegin.o
                0x000050e0                PROVIDE (__fini_array_end, .)
                0x000050e0                ___ROM_AT = .

.data           0x1fffe000      0x154 load address 0x000050e0
                0x1fffe000                . = ALIGN (0x4)
                0x1fffe000                _sdata = .
 *(.data)
 *(.data*)
 .data.g_serial_state_buf
                0x1fffe000        0xc ./Generated_Code/usb_cdc_pstn.o
 .data.g_trf_direction
                0x1fffe00c        0x1 ./Generated_Code/usb_dci_kinetis.o
 *fill*         0x1fffe00d        0x3 
 .data.g_device_descriptor
                0x1fffe010       0x14 ./Generated_Code/usb_descriptor.o
                0x1fffe010                g_device_descriptor
 .data.g_config_descriptor
                0x1fffe024       0x44 ./Generated_Code/usb_descriptor.o
                0x1fffe024                g_config_descriptor
 .data.USB_STR_0
                0x1fffe068        0x4 ./Generated_Code/usb_descriptor.o
                0x1fffe068                USB_STR_0
 .data.USB_STR_1
                0x1fffe06c       0x20 ./Generated_Code/usb_descriptor.o
                0x1fffe06c                USB_STR_1
 .data.USB_STR_2
                0x1fffe08c       0x20 ./Generated_Code/usb_descriptor.o
                0x1fffe08c                USB_STR_2
 .data.USB_STR_3
                0x1fffe0ac       0x14 ./Generated_Code/usb_descriptor.o
                0x1fffe0ac                USB_STR_3
 .data.USB_STR_n
                0x1fffe0c0       0x24 ./Generated_Code/usb_descriptor.o
                0x1fffe0c0                USB_STR_n
 .data.g_line_coding
                0x1fffe0e4       0x10 ./Generated_Code/usb_descriptor.o
 .data.impure_data
                0x1fffe0f4       0x60 c:/freescale/kds_v3/toolchain/bin/../lib/gcc/arm-none-eabi/4.8.4/../../../../arm-none-eabi/lib/armv7e-m\libg_s.a(lib_a-impure.o)
                0x1fffe154                . = ALIGN (0x4)
                0x1fffe154                _edata = .
                0x00000154                ___data_size = (_edata - _sdata)
                0x00005234                ___m_data_20000000_ROMStart = (___ROM_AT + SIZEOF (.data))

.jcr            0x1fffe154        0x0 load address 0x00005234
 .jcr           0x1fffe154        0x0 c:/freescale/kds_v3/toolchain/bin/../lib/gcc/arm-none-eabi/4.8.4/armv7e-m/crtbegin.o

.igot.plt       0x1fffe154        0x0 load address 0x00005234
 .igot.plt      0x00000000        0x0 c:/freescale/kds_v3/toolchain/bin/../lib/gcc/arm-none-eabi/4.8.4/armv7e-m/crtbegin.o

.m_data_20000000
                0x20000000        0x0 load address 0x00005234
                0x20000000                . = ALIGN (0x4)
                0x20000000                ___m_data_20000000_RAMStart = .
 *(.m_data_20000000)
                0x20000000                ___m_data_20000000_RAMEnd = .
                0x20000000                . = ALIGN (0x4)
                0x00000000                ___m_data_20000000_ROMSize = (___m_data_20000000_RAMEnd - ___m_data_20000000_RAMStart)
                0x20000000                . = ALIGN (0x4)

.bss            0x1fffe200      0xe00 load address 0x00005400
                0x1fffe200                __START_BSS = .
                0x1fffe200                PROVIDE (__bss_start__, __START_BSS)
 *(.bss)
 .bss           0x1fffe200       0x1c c:/freescale/kds_v3/toolchain/bin/../lib/gcc/arm-none-eabi/4.8.4/armv7e-m/crtbegin.o
 *(.bss*)
 .bss.SerFlag   0x1fffe21c        0x2 ./Generated_Code/AS1.o
 .bss.AS1_InpLen
                0x1fffe21e        0x2 ./Generated_Code/AS1.o
 .bss.InpIndexR
                0x1fffe220        0x2 ./Generated_Code/AS1.o
 .bss.InpIndexW
                0x1fffe222        0x2 ./Generated_Code/AS1.o
 .bss.InpBuffer
                0x1fffe224       0x40 ./Generated_Code/AS1.o
 .bss.BufferRead
                0x1fffe264        0x1 ./Generated_Code/AS1.o
 *fill*         0x1fffe265        0x1 
 .bss.AS1_OutLen
                0x1fffe266        0x2 ./Generated_Code/AS1.o
 .bss.OutIndexR
                0x1fffe268        0x2 ./Generated_Code/AS1.o
 .bss.OutIndexW
                0x1fffe26a        0x2 ./Generated_Code/AS1.o
 .bss.OutBuffer
                0x1fffe26c       0x40 ./Generated_Code/AS1.o
 .bss.DeviceDataPrv__DEFAULT_RTOS_ALLOC
                0x1fffe2ac       0x20 ./Generated_Code/ASerialLdd1.o
 .bss.INT_UART1_RX_TX__DEFAULT_RTOS_ISRPARAM
                0x1fffe2cc        0x4 ./Generated_Code/ASerialLdd1.o
 .bss.INT_UART1_ERR__DEFAULT_RTOS_ISRPARAM
                0x1fffe2d0        0x4 ./Generated_Code/ASerialLdd1.o
 .bss.DeviceDataPrv__DEFAULT_RTOS_ALLOC
                0x1fffe2d4        0x4 ./Generated_Code/BitIoLdd10.o
 .bss.DeviceDataPrv__DEFAULT_RTOS_ALLOC
                0x1fffe2d8        0x4 ./Generated_Code/BitIoLdd11.o
 .bss.DeviceDataPrv__DEFAULT_RTOS_ALLOC
                0x1fffe2dc        0x4 ./Generated_Code/BitIoLdd12.o
 .bss.DeviceDataPrv__DEFAULT_RTOS_ALLOC
                0x1fffe2e0        0x4 ./Generated_Code/BitIoLdd13.o
 .bss.DeviceDataPrv__DEFAULT_RTOS_ALLOC
                0x1fffe2e4        0x4 ./Generated_Code/BitIoLdd14.o
 .bss.DeviceDataPrv__DEFAULT_RTOS_ALLOC
                0x1fffe2e8        0x4 ./Generated_Code/BitIoLdd15.o
 .bss.DeviceDataPrv__DEFAULT_RTOS_ALLOC
                0x1fffe2ec        0x4 ./Generated_Code/BitIoLdd16.o
 .bss.DeviceDataPrv__DEFAULT_RTOS_ALLOC
                0x1fffe2f0        0x4 ./Generated_Code/BitIoLdd17.o
 .bss.start_app
                0x1fffe2f4        0x1 ./Generated_Code/CDC1.o
 .bss.start_transactions
                0x1fffe2f5        0x1 ./Generated_Code/CDC1.o
 .bss.transactionOngoing
                0x1fffe2f6        0x1 ./Generated_Code/CDC1.o
 .bss.SR_lock   0x1fffe2f7        0x1 ./Generated_Code/Cpu.o
                0x1fffe2f7                SR_lock
 .bss.stacked_r0.5804
                0x1fffe2f8        0x4 ./Generated_Code/HF1.o
 .bss.stacked_r1.5805
                0x1fffe2fc        0x4 ./Generated_Code/HF1.o
 .bss.stacked_r2.5806
                0x1fffe300        0x4 ./Generated_Code/HF1.o
 .bss.stacked_r3.5807
                0x1fffe304        0x4 ./Generated_Code/HF1.o
 .bss.stacked_r12.5808
                0x1fffe308        0x4 ./Generated_Code/HF1.o
 .bss.stacked_lr.5809
                0x1fffe30c        0x4 ./Generated_Code/HF1.o
 .bss.stacked_pc.5810
                0x1fffe310        0x4 ./Generated_Code/HF1.o
 .bss.stacked_psr.5811
                0x1fffe314        0x4 ./Generated_Code/HF1.o
 .bss._CFSR.5812
                0x1fffe318        0x4 ./Generated_Code/HF1.o
 .bss._HFSR.5813
                0x1fffe31c        0x4 ./Generated_Code/HF1.o
 .bss._DFSR.5814
                0x1fffe320        0x4 ./Generated_Code/HF1.o
 .bss._AFSR.5815
                0x1fffe324        0x4 ./Generated_Code/HF1.o
 .bss._MMAR.5817
                0x1fffe328        0x4 ./Generated_Code/HF1.o
 .bss._BFAR.5816
                0x1fffe32c        0x4 ./Generated_Code/HF1.o
 .bss.IFsh1_CmdPending
                0x1fffe330        0x1 ./Generated_Code/IFsh1.o
 .bss.IFsh1_EnEvent
                0x1fffe331        0x1 ./Generated_Code/IFsh1.o
 *fill*         0x1fffe332        0x2 
 .bss.IntFlashLdd1_DevDataPtr
                0x1fffe334        0x4 ./Generated_Code/IFsh1.o
 .bss.DeviceDataPrv__DEFAULT_RTOS_ALLOC
                0x1fffe338       0x18 ./Generated_Code/IntFlashLdd1.o
 .bss.PE_LDD_DeviceDataList
                0x1fffe350       0x30 ./Generated_Code/PE_LDD.o
                0x1fffe350                PE_LDD_DeviceDataList
 .bss.Rx1_buffer
                0x1fffe380       0x40 ./Generated_Code/Rx1.o
 .bss.Rx1_inIdx
                0x1fffe3c0        0x1 ./Generated_Code/Rx1.o
 .bss.Rx1_outIdx
                0x1fffe3c1        0x1 ./Generated_Code/Rx1.o
 .bss.Rx1_inSize
                0x1fffe3c2        0x1 ./Generated_Code/Rx1.o
 *fill*         0x1fffe3c3        0x1 
 .bss._acUpBuffer
                0x1fffe3c4      0x200 ./Generated_Code/SEGGER_RTT.o
 .bss._acDownBuffer
                0x1fffe5c4       0x40 ./Generated_Code/SEGGER_RTT.o
 .bss.TMOUT1_Counters
                0x1fffe604        0x4 ./Generated_Code/TMOUT1.o
 .bss.TMOUT1_FreeCounters
                0x1fffe608        0x4 ./Generated_Code/TMOUT1.o
 .bss.DeviceDataPrv__DEFAULT_RTOS_ALLOC
                0x1fffe60c        0xc ./Generated_Code/TU1.o
 .bss.INT_FTM0__DEFAULT_RTOS_ISRPARAM
                0x1fffe618        0x4 ./Generated_Code/TU1.o
 .bss.DeviceDataPrv__DEFAULT_RTOS_ALLOC
                0x1fffe61c        0xc ./Generated_Code/TimerIntLdd1.o
 .bss.CntDay    0x1fffe628        0x1 ./Generated_Code/TmDt1.o
 .bss.CntMonth  0x1fffe629        0x1 ./Generated_Code/TmDt1.o
 .bss.CntYear   0x1fffe62a        0x2 ./Generated_Code/TmDt1.o
 .bss.tickCntr  0x1fffe62c        0x4 ./Generated_Code/TmDt1.o
 .bss.Tx1_inIdx
                0x1fffe630        0x1 ./Generated_Code/Tx1.o
 .bss.Tx1_outIdx
                0x1fffe631        0x1 ./Generated_Code/Tx1.o
 .bss.Tx1_inSize
                0x1fffe632        0x1 ./Generated_Code/Tx1.o
 *fill*         0x1fffe633        0x1 
 .bss.g_cdc_class_callback
                0x1fffe634        0x4 ./Generated_Code/usb_cdc.o
 .bss.g_vendor_req_callback
                0x1fffe638        0x4 ./Generated_Code/usb_cdc.o
 .bss.g_cdc_ep  0x1fffe63c       0x9c ./Generated_Code/usb_cdc.o
 .bss.g_pstn_callback
                0x1fffe6d8        0x4 ./Generated_Code/usb_cdc_pstn.o
 .bss.g_dte_present
                0x1fffe6dc        0x1 ./Generated_Code/usb_cdc_pstn.o
 .bss.g_dte_status
                0x1fffe6dd        0x1 ./Generated_Code/usb_cdc_pstn.o
 .bss.g_break_duration
                0x1fffe6de        0x2 ./Generated_Code/usb_cdc_pstn.o
 .bss.g_current_interface
                0x1fffe6e0        0x1 ./Generated_Code/usb_cdc_pstn.o
 *fill*         0x1fffe6e1        0x3 
 .bss.g_uart_bitmap
                0x1fffe6e4        0x4 ./Generated_Code/usb_cdc_pstn.o
 .bss.g_class_callback
                0x1fffe6e8        0x4 ./Generated_Code/usb_class.o
 .bss.g_device_state_before_suspend
                0x1fffe6ec        0x1 ./Generated_Code/usb_class.o
 *fill*         0x1fffe6ed        0x3 
 .bss.g_bdtmap  0x1fffe6f0        0x4 ./Generated_Code/usb_dci_kinetis.o
                0x1fffe6f0                g_bdtmap
 .bss.g_bdt_elem
                0x1fffe6f4      0x240 ./Generated_Code/usb_dci_kinetis.o
 .bss.g_dci_controller_Id
                0x1fffe934        0x1 ./Generated_Code/usb_dci_kinetis.o
 *fill*         0x1fffe935        0x3 
 .bss.g_bdt_address
                0x1fffe938        0x4 ./Generated_Code/usb_dci_kinetis.o
 .bss.g_abstract_state
                0x1fffe93c        0x4 ./Generated_Code/usb_descriptor.o
 .bss.g_country_code
                0x1fffe940        0x4 ./Generated_Code/usb_descriptor.o
 .bss.g_alternate_interface
                0x1fffe944        0x4 ./Generated_Code/usb_descriptor.o
 .bss.g_usb_component_status
                0x1fffe948        0x8 ./Generated_Code/usb_driver.o
 .bss.g_usb_ep_status
                0x1fffe950        0x8 ./Generated_Code/usb_driver.o
 .bss.g_EPn     0x1fffe958        0x1 ./Generated_Code/usb_driver.o
 .bss.g_EPn_max
                0x1fffe959        0x1 ./Generated_Code/usb_driver.o
 *fill*         0x1fffe95a        0x2 
 .bss.g_setup_pkt
                0x1fffe95c        0x8 ./Generated_Code/usb_framework.o
 .bss.g_std_framework_data
                0x1fffe964        0x2 ./Generated_Code/usb_framework.o
 .bss.g_assigned_address
                0x1fffe966        0x1 ./Generated_Code/usb_framework.o
 *fill*         0x1fffe967        0x1 
 .bss.g_framework_callback
                0x1fffe968        0x4 ./Generated_Code/usb_framework.o
 .bss.g_other_req_callback
                0x1fffe96c        0x4 ./Generated_Code/usb_framework.o
 .bss.ext_req_to_host
                0x1fffe970       0x28 ./Generated_Code/usb_framework.o
 *(COMMON)
 COMMON         0x1fffe998        0x4 ./Generated_Code/AS1.o
                0x1fffe998                ASerialLdd1_DeviceDataPtr
 COMMON         0x1fffe99c        0x1 ./Generated_Code/Cpu.o
                0x1fffe99c                SR_reg
 *fill*         0x1fffe99d        0x3 
 COMMON         0x1fffe9a0       0xa8 ./Generated_Code/SEGGER_RTT.o
                0x1fffe9a0                _SEGGER_RTT
 *fill*         0x1fffea48      0x1b8 
 COMMON         0x1fffec00      0x400 ./Generated_Code/usb_dci_kinetis.o
                0x1fffec00                g_Mem
                0x1ffff000                . = ALIGN (0x4)
                0x1ffff000                __END_BSS = .
                0x1ffff000                PROVIDE (__bss_end__, __END_BSS)
                0x00005234                _romp_at = ((___ROM_AT + SIZEOF (.data)) + SIZEOF (.m_data_20000000))

.romp           0x1ffff000       0x24 load address 0x00005234
                0x00005234                __S_romp = _romp_at
                0x1ffff000        0x4 LONG 0x50e0 ___ROM_AT
                0x1ffff004        0x4 LONG 0x1fffe000 _sdata
                0x1ffff008        0x4 LONG 0x154 ___data_size
                0x1ffff00c        0x4 LONG 0x5234 ___m_data_20000000_ROMStart
                0x1ffff010        0x4 LONG 0x20000000 ___m_data_20000000_RAMStart
                0x1ffff014        0x4 LONG 0x0 ___m_data_20000000_ROMSize
                0x1ffff018        0x4 LONG 0x0
                0x1ffff01c        0x4 LONG 0x0
                0x1ffff020        0x4 LONG 0x0
                0x00020000                text_end = (ORIGIN (m_text) + 0x1fbf0)
                0x00005258                data_init_end = ((___m_data_20000000_ROMStart + SIZEOF (.m_data_20000000)) + SIZEOF (.romp))
                0x00000001                ASSERT ((data_init_end <= text_end), region m_text overflowed with text and data)

._user_heap_stack
                0x1ffff024      0x200 load address 0x00005258
                0x1ffff024                . = ALIGN (0x4)
                0x1ffff024                PROVIDE (end, .)
                0x1ffff024                PROVIDE (_end, .)
                0x1ffff024                PROVIDE (__end__, .)
                0x1ffff024                __heap_addr = .
                0x1ffff024                __HeapBase = .
                0x1ffff024                . = (. + __heap_size)
                0x1ffff024                __HeapLimit = .
                0x1ffff224                . = (. + __stack_size)
 *fill*         0x1ffff024      0x200 
                0x1ffff224                . = ALIGN (0x4)

.ARM.attributes
                0x00000000       0x2a
 *(.ARM.attributes)
 .ARM.attributes
                0x00000000       0x1e c:/freescale/kds_v3/toolchain/bin/../lib/gcc/arm-none-eabi/4.8.4/armv7e-m/crti.o
 .ARM.attributes
                0x0000001e       0x2e c:/freescale/kds_v3/toolchain/bin/../lib/gcc/arm-none-eabi/4.8.4/armv7e-m/crtbegin.o
 .ARM.attributes
                0x0000004c       0x1c c:/freescale/kds_v3/toolchain/bin/../lib/gcc/arm-none-eabi/4.8.4/../../../../arm-none-eabi/lib/armv7e-m/crt0.o
 .ARM.attributes
                0x00000068       0x33 ./Sources/TEAM_Common/Application.o
 .ARM.attributes
                0x0000009b       0x33 ./Sources/TEAM_Common/Platform.o
 .ARM.attributes
                0x000000ce       0x33 ./Sources/Events.o
 .ARM.attributes
                0x00000101       0x33 ./Sources/main.o
 .ARM.attributes
                0x00000134       0x33 ./Project_Settings/Startup_Code/startup.o
 .ARM.attributes
                0x00000167       0x33 ./Generated_Code/AS1.o
 .ARM.attributes
                0x0000019a       0x33 ./Generated_Code/ASerialLdd1.o
 .ARM.attributes
                0x000001cd       0x33 ./Generated_Code/BitIoLdd10.o
 .ARM.attributes
                0x00000200       0x33 ./Generated_Code/BitIoLdd11.o
 .ARM.attributes
                0x00000233       0x33 ./Generated_Code/BitIoLdd12.o
 .ARM.attributes
                0x00000266       0x33 ./Generated_Code/BitIoLdd13.o
 .ARM.attributes
                0x00000299       0x33 ./Generated_Code/BitIoLdd14.o
 .ARM.attributes
                0x000002cc       0x33 ./Generated_Code/BitIoLdd15.o
 .ARM.attributes
                0x000002ff       0x33 ./Generated_Code/BitIoLdd16.o
 .ARM.attributes
                0x00000332       0x33 ./Generated_Code/BitIoLdd17.o
 .ARM.attributes
                0x00000365       0x33 ./Generated_Code/CDC1.o
 .ARM.attributes
                0x00000398       0x33 ./Generated_Code/CLS1.o
 .ARM.attributes
                0x000003cb       0x33 ./Generated_Code/CS1.o
 .ARM.attributes
                0x000003fe       0x33 ./Generated_Code/Cpu.o
 .ARM.attributes
                0x00000431       0x33 ./Generated_Code/HF1.o
 .ARM.attributes
                0x00000464       0x33 ./Generated_Code/IFsh1.o
 .ARM.attributes
                0x00000497       0x33 ./Generated_Code/IntFlashLdd1.o
 .ARM.attributes
                0x000004ca       0x33 ./Generated_Code/KIN1.o
 .ARM.attributes
                0x000004fd       0x33 ./Generated_Code/MCUC1.o
 .ARM.attributes
                0x00000530       0x33 ./Generated_Code/PE_LDD.o
 .ARM.attributes
                0x00000563       0x33 ./Generated_Code/PTA.o
 .ARM.attributes
                0x00000596       0x33 ./Generated_Code/PTB.o
 .ARM.attributes
                0x000005c9       0x33 ./Generated_Code/PTD.o
 .ARM.attributes
                0x000005fc       0x33 ./Generated_Code/RTT1.o
 .ARM.attributes
                0x0000062f       0x33 ./Generated_Code/Rx1.o
 .ARM.attributes
                0x00000662       0x33 ./Generated_Code/SEGGER_RTT.o
 .ARM.attributes
                0x00000695       0x33 ./Generated_Code/TI1.o
 .ARM.attributes
                0x000006c8       0x33 ./Generated_Code/TMOUT1.o
 .ARM.attributes
                0x000006fb       0x33 ./Generated_Code/TU1.o
 .ARM.attributes
                0x0000072e       0x33 ./Generated_Code/TimerIntLdd1.o
 .ARM.attributes
                0x00000761       0x33 ./Generated_Code/TmDt1.o
 .ARM.attributes
                0x00000794       0x33 ./Generated_Code/Tx1.o
 .ARM.attributes
                0x000007c7       0x33 ./Generated_Code/USB0.o
 .ARM.attributes
                0x000007fa       0x33 ./Generated_Code/USB1.o
 .ARM.attributes
                0x0000082d       0x33 ./Generated_Code/Vectors.o
 .ARM.attributes
                0x00000860       0x33 ./Generated_Code/WAIT1.o
 .ARM.attributes
                0x00000893       0x33 ./Generated_Code/XF1.o
 .ARM.attributes
                0x000008c6       0x33 ./Generated_Code/usb_cdc.o
 .ARM.attributes
                0x000008f9       0x33 ./Generated_Code/usb_cdc_pstn.o
 .ARM.attributes
                0x0000092c       0x33 ./Generated_Code/usb_class.o
 .ARM.attributes
                0x0000095f       0x33 ./Generated_Code/usb_dci_kinetis.o
 .ARM.attributes
                0x00000992       0x33 ./Generated_Code/usb_descriptor.o
 .ARM.attributes
                0x000009c5       0x33 ./Generated_Code/usb_driver.o
 .ARM.attributes
                0x000009f8       0x33 ./Generated_Code/usb_framework.o
 .ARM.attributes
                0x00000a2b       0x33 ./Generated_Code/wdt_kinetis.o
 .ARM.attributes
                0x00000a5e       0x2e c:/freescale/kds_v3/toolchain/bin/../lib/gcc/arm-none-eabi/4.8.4/../../../../arm-none-eabi/lib/armv7e-m\libg_s.a(lib_a-exit.o)
 .ARM.attributes
                0x00000a8c       0x2e c:/freescale/kds_v3/toolchain/bin/../lib/gcc/arm-none-eabi/4.8.4/../../../../arm-none-eabi/lib/armv7e-m\libg_s.a(lib_a-impure.o)
 .ARM.attributes
                0x00000aba       0x2e c:/freescale/kds_v3/toolchain/bin/../lib/gcc/arm-none-eabi/4.8.4/../../../../arm-none-eabi/lib/armv7e-m\libg_s.a(lib_a-init.o)
 .ARM.attributes
                0x00000ae8       0x2e c:/freescale/kds_v3/toolchain/bin/../lib/gcc/arm-none-eabi/4.8.4/../../../../arm-none-eabi/lib/armv7e-m\libg_s.a(lib_a-memcpy-stub.o)
 .ARM.attributes
                0x00000b16       0x2e c:/freescale/kds_v3/toolchain/bin/../lib/gcc/arm-none-eabi/4.8.4/../../../../arm-none-eabi/lib/armv7e-m\libg_s.a(lib_a-memset.o)
 .ARM.attributes
                0x00000b44       0x2e c:/freescale/kds_v3/toolchain/bin/../lib/gcc/arm-none-eabi/4.8.4/../../../../arm-none-eabi/lib/armv7e-m\libnosys.a(_exit.o)
 .ARM.attributes
                0x00000b72       0x1e c:/freescale/kds_v3/toolchain/bin/../lib/gcc/arm-none-eabi/4.8.4/armv7e-m/crtn.o
OUTPUT(TEAM_Remote.elf elf32-littlearm)

.debug_info     0x00000000     0xeac0
 .debug_info    0x00000000      0x10c ./Sources/TEAM_Common/Application.o
 .debug_info    0x0000010c       0xa3 ./Sources/TEAM_Common/Platform.o
 .debug_info    0x000001af      0x17b ./Sources/Events.o
 .debug_info    0x0000032a      0x16e ./Sources/main.o
 .debug_info    0x00000498      0x20a ./Project_Settings/Startup_Code/startup.o
 .debug_info    0x000006a2      0x4c1 ./Generated_Code/AS1.o
 .debug_info    0x00000b63      0xab5 ./Generated_Code/ASerialLdd1.o
 .debug_info    0x00001618      0x2d7 ./Generated_Code/BitIoLdd10.o
 .debug_info    0x000018ef      0x2d7 ./Generated_Code/BitIoLdd11.o
 .debug_info    0x00001bc6      0x2d7 ./Generated_Code/BitIoLdd12.o
 .debug_info    0x00001e9d      0x2d7 ./Generated_Code/BitIoLdd13.o
 .debug_info    0x00002174      0x2d7 ./Generated_Code/BitIoLdd14.o
 .debug_info    0x0000244b      0x2d7 ./Generated_Code/BitIoLdd15.o
 .debug_info    0x00002722      0x2d7 ./Generated_Code/BitIoLdd16.o
 .debug_info    0x000029f9      0x377 ./Generated_Code/BitIoLdd17.o
 .debug_info    0x00002d70      0x655 ./Generated_Code/CDC1.o
 .debug_info    0x000033c5      0xb7a ./Generated_Code/CLS1.o
 .debug_info    0x00003f3f       0xa7 ./Generated_Code/CS1.o
 .debug_info    0x00003fe6      0xa91 ./Generated_Code/Cpu.o
 .debug_info    0x00004a77      0x1eb ./Generated_Code/HF1.o
 .debug_info    0x00004c62      0x43c ./Generated_Code/IFsh1.o
 .debug_info    0x0000509e      0xbbf ./Generated_Code/IntFlashLdd1.o
 .debug_info    0x00005c5d      0x5f5 ./Generated_Code/KIN1.o
 .debug_info    0x00006252       0xa7 ./Generated_Code/MCUC1.o
 .debug_info    0x000062f9      0x30f ./Generated_Code/PE_LDD.o
 .debug_info    0x00006608      0x11f ./Generated_Code/PTA.o
 .debug_info    0x00006727       0x96 ./Generated_Code/PTB.o
 .debug_info    0x000067bd      0x11f ./Generated_Code/PTD.o
 .debug_info    0x000068dc      0x2b6 ./Generated_Code/RTT1.o
 .debug_info    0x00006b92      0x3f6 ./Generated_Code/Rx1.o
 .debug_info    0x00006f88      0xf19 ./Generated_Code/SEGGER_RTT.o
 .debug_info    0x00007ea1      0x18a ./Generated_Code/TI1.o
 .debug_info    0x0000802b      0x2bb ./Generated_Code/TMOUT1.o
 .debug_info    0x000082e6      0x63b ./Generated_Code/TU1.o
 .debug_info    0x00008921      0x177 ./Generated_Code/TimerIntLdd1.o
 .debug_info    0x00008a98      0xb04 ./Generated_Code/TmDt1.o
 .debug_info    0x0000959c      0x3f6 ./Generated_Code/Tx1.o
 .debug_info    0x00009992      0x5ed ./Generated_Code/USB0.o
 .debug_info    0x00009f7f      0x25e ./Generated_Code/USB1.o
 .debug_info    0x0000a1dd      0x1e2 ./Generated_Code/Vectors.o
 .debug_info    0x0000a3bf      0x170 ./Generated_Code/WAIT1.o
 .debug_info    0x0000a52f      0x802 ./Generated_Code/XF1.o
 .debug_info    0x0000ad31      0x794 ./Generated_Code/usb_cdc.o
 .debug_info    0x0000b4c5      0x529 ./Generated_Code/usb_cdc_pstn.o
 .debug_info    0x0000b9ee      0x4d0 ./Generated_Code/usb_class.o
 .debug_info    0x0000bebe     0x1381 ./Generated_Code/usb_dci_kinetis.o
 .debug_info    0x0000d23f      0x826 ./Generated_Code/usb_descriptor.o
 .debug_info    0x0000da65      0x54c ./Generated_Code/usb_driver.o
 .debug_info    0x0000dfb1      0x9a2 ./Generated_Code/usb_framework.o
 .debug_info    0x0000e953      0x16d ./Generated_Code/wdt_kinetis.o

.debug_abbrev   0x00000000     0x3c41
 .debug_abbrev  0x00000000       0xa7 ./Sources/TEAM_Common/Application.o
 .debug_abbrev  0x000000a7       0x43 ./Sources/TEAM_Common/Platform.o
 .debug_abbrev  0x000000ea       0x93 ./Sources/Events.o
 .debug_abbrev  0x0000017d       0x95 ./Sources/main.o
 .debug_abbrev  0x00000212      0x11e ./Project_Settings/Startup_Code/startup.o
 .debug_abbrev  0x00000330      0x1d6 ./Generated_Code/AS1.o
 .debug_abbrev  0x00000506      0x1db ./Generated_Code/ASerialLdd1.o
 .debug_abbrev  0x000006e1      0x10d ./Generated_Code/BitIoLdd10.o
 .debug_abbrev  0x000007ee      0x10d ./Generated_Code/BitIoLdd11.o
 .debug_abbrev  0x000008fb      0x10d ./Generated_Code/BitIoLdd12.o
 .debug_abbrev  0x00000a08      0x10d ./Generated_Code/BitIoLdd13.o
 .debug_abbrev  0x00000b15      0x10d ./Generated_Code/BitIoLdd14.o
 .debug_abbrev  0x00000c22      0x10d ./Generated_Code/BitIoLdd15.o
 .debug_abbrev  0x00000d2f      0x10d ./Generated_Code/BitIoLdd16.o
 .debug_abbrev  0x00000e3c      0x15f ./Generated_Code/BitIoLdd17.o
 .debug_abbrev  0x00000f9b      0x1e9 ./Generated_Code/CDC1.o
 .debug_abbrev  0x00001184      0x20e ./Generated_Code/CLS1.o
 .debug_abbrev  0x00001392       0x45 ./Generated_Code/CS1.o
 .debug_abbrev  0x000013d7      0x196 ./Generated_Code/Cpu.o
 .debug_abbrev  0x0000156d       0x9a ./Generated_Code/HF1.o
 .debug_abbrev  0x00001607      0x176 ./Generated_Code/IFsh1.o
 .debug_abbrev  0x0000177d      0x22a ./Generated_Code/IntFlashLdd1.o
 .debug_abbrev  0x000019a7      0x1a9 ./Generated_Code/KIN1.o
 .debug_abbrev  0x00001b50       0x45 ./Generated_Code/MCUC1.o
 .debug_abbrev  0x00001b95      0x11c ./Generated_Code/PE_LDD.o
 .debug_abbrev  0x00001cb1       0x8d ./Generated_Code/PTA.o
 .debug_abbrev  0x00001d3e       0x45 ./Generated_Code/PTB.o
 .debug_abbrev  0x00001d83       0x8d ./Generated_Code/PTD.o
 .debug_abbrev  0x00001e10      0x169 ./Generated_Code/RTT1.o
 .debug_abbrev  0x00001f79      0x189 ./Generated_Code/Rx1.o
 .debug_abbrev  0x00002102      0x1d6 ./Generated_Code/SEGGER_RTT.o
 .debug_abbrev  0x000022d8       0xb8 ./Generated_Code/TI1.o
 .debug_abbrev  0x00002390       0xf8 ./Generated_Code/TMOUT1.o
 .debug_abbrev  0x00002488      0x16a ./Generated_Code/TU1.o
 .debug_abbrev  0x000025f2       0xdd ./Generated_Code/TimerIntLdd1.o
 .debug_abbrev  0x000026cf      0x1de ./Generated_Code/TmDt1.o
 .debug_abbrev  0x000028ad      0x189 ./Generated_Code/Tx1.o
 .debug_abbrev  0x00002a36       0xe9 ./Generated_Code/USB0.o
 .debug_abbrev  0x00002b1f      0x11c ./Generated_Code/USB1.o
 .debug_abbrev  0x00002c3b       0xc2 ./Generated_Code/Vectors.o
 .debug_abbrev  0x00002cfd       0xb1 ./Generated_Code/WAIT1.o
 .debug_abbrev  0x00002dae      0x1ff ./Generated_Code/XF1.o
 .debug_abbrev  0x00002fad      0x1ae ./Generated_Code/usb_cdc.o
 .debug_abbrev  0x0000315b      0x181 ./Generated_Code/usb_cdc_pstn.o
 .debug_abbrev  0x000032dc      0x170 ./Generated_Code/usb_class.o
 .debug_abbrev  0x0000344c      0x2a7 ./Generated_Code/usb_dci_kinetis.o
 .debug_abbrev  0x000036f3      0x120 ./Generated_Code/usb_descriptor.o
 .debug_abbrev  0x00003813      0x192 ./Generated_Code/usb_driver.o
 .debug_abbrev  0x000039a5      0x20f ./Generated_Code/usb_framework.o
 .debug_abbrev  0x00003bb4       0x8d ./Generated_Code/wdt_kinetis.o

.debug_aranges  0x00000000     0x1080
 .debug_aranges
                0x00000000       0x28 ./Sources/TEAM_Common/Application.o
 .debug_aranges
                0x00000028       0x28 ./Sources/TEAM_Common/Platform.o
 .debug_aranges
                0x00000050       0x28 ./Sources/Events.o
 .debug_aranges
                0x00000078       0x20 ./Sources/main.o
 .debug_aranges
                0x00000098       0x50 ./Project_Settings/Startup_Code/startup.o
 .debug_aranges
                0x000000e8       0x88 ./Generated_Code/AS1.o
 .debug_aranges
                0x00000170       0x50 ./Generated_Code/ASerialLdd1.o
 .debug_aranges
                0x000001c0       0x28 ./Generated_Code/BitIoLdd10.o
 .debug_aranges
                0x000001e8       0x28 ./Generated_Code/BitIoLdd11.o
 .debug_aranges
                0x00000210       0x28 ./Generated_Code/BitIoLdd12.o
 .debug_aranges
                0x00000238       0x28 ./Generated_Code/BitIoLdd13.o
 .debug_aranges
                0x00000260       0x28 ./Generated_Code/BitIoLdd14.o
 .debug_aranges
                0x00000288       0x28 ./Generated_Code/BitIoLdd15.o
 .debug_aranges
                0x000002b0       0x28 ./Generated_Code/BitIoLdd16.o
 .debug_aranges
                0x000002d8       0x48 ./Generated_Code/BitIoLdd17.o
 .debug_aranges
                0x00000320       0xb0 ./Generated_Code/CDC1.o
 .debug_aranges
                0x000003d0      0x130 ./Generated_Code/CLS1.o
 .debug_aranges
                0x00000500       0x28 ./Generated_Code/CS1.o
 .debug_aranges
                0x00000528       0x40 ./Generated_Code/Cpu.o
 .debug_aranges
                0x00000568       0x38 ./Generated_Code/HF1.o
 .debug_aranges
                0x000005a0       0x60 ./Generated_Code/IFsh1.o
 .debug_aranges
                0x00000600       0x58 ./Generated_Code/IntFlashLdd1.o
 .debug_aranges
                0x00000658       0x60 ./Generated_Code/KIN1.o
 .debug_aranges
                0x000006b8       0x28 ./Generated_Code/MCUC1.o
 .debug_aranges
                0x000006e0       0x30 ./Generated_Code/PE_LDD.o
 .debug_aranges
                0x00000710       0x20 ./Generated_Code/PTA.o
 .debug_aranges
                0x00000730       0x20 ./Generated_Code/PTB.o
 .debug_aranges
                0x00000750       0x20 ./Generated_Code/PTD.o
 .debug_aranges
                0x00000770       0x58 ./Generated_Code/RTT1.o
 .debug_aranges
                0x000007c8       0x78 ./Generated_Code/Rx1.o
 .debug_aranges
                0x00000840      0x118 ./Generated_Code/SEGGER_RTT.o
 .debug_aranges
                0x00000958       0x20 ./Generated_Code/TI1.o
 .debug_aranges
                0x00000978       0x50 ./Generated_Code/TMOUT1.o
 .debug_aranges
                0x000009c8       0x28 ./Generated_Code/TU1.o
 .debug_aranges
                0x000009f0       0x28 ./Generated_Code/TimerIntLdd1.o
 .debug_aranges
                0x00000a18       0xf8 ./Generated_Code/TmDt1.o
 .debug_aranges
                0x00000b10       0x78 ./Generated_Code/Tx1.o
 .debug_aranges
                0x00000b88       0x20 ./Generated_Code/USB0.o
 .debug_aranges
                0x00000ba8       0x38 ./Generated_Code/USB1.o
 .debug_aranges
                0x00000be0       0x18 ./Generated_Code/Vectors.o
 .debug_aranges
                0x00000bf8       0x50 ./Generated_Code/WAIT1.o
 .debug_aranges
                0x00000c48       0x90 ./Generated_Code/XF1.o
 .debug_aranges
                0x00000cd8       0x58 ./Generated_Code/usb_cdc.o
 .debug_aranges
                0x00000d30       0x58 ./Generated_Code/usb_cdc_pstn.o
 .debug_aranges
                0x00000d88       0x70 ./Generated_Code/usb_class.o
 .debug_aranges
                0x00000df8       0xc8 ./Generated_Code/usb_dci_kinetis.o
 .debug_aranges
                0x00000ec0       0x80 ./Generated_Code/usb_descriptor.o
 .debug_aranges
                0x00000f40       0x70 ./Generated_Code/usb_driver.o
 .debug_aranges
                0x00000fb0       0xb0 ./Generated_Code/usb_framework.o
 .debug_aranges
                0x00001060       0x20 ./Generated_Code/wdt_kinetis.o

.debug_ranges   0x00000000      0xd58
 .debug_ranges  0x00000000       0x18 ./Sources/TEAM_Common/Application.o
 .debug_ranges  0x00000018       0x18 ./Sources/TEAM_Common/Platform.o
 .debug_ranges  0x00000030       0x18 ./Sources/Events.o
 .debug_ranges  0x00000048       0x10 ./Sources/main.o
 .debug_ranges  0x00000058       0x40 ./Project_Settings/Startup_Code/startup.o
 .debug_ranges  0x00000098       0x78 ./Generated_Code/AS1.o
 .debug_ranges  0x00000110       0x40 ./Generated_Code/ASerialLdd1.o
 .debug_ranges  0x00000150       0x18 ./Generated_Code/BitIoLdd10.o
 .debug_ranges  0x00000168       0x18 ./Generated_Code/BitIoLdd11.o
 .debug_ranges  0x00000180       0x18 ./Generated_Code/BitIoLdd12.o
 .debug_ranges  0x00000198       0x18 ./Generated_Code/BitIoLdd13.o
 .debug_ranges  0x000001b0       0x18 ./Generated_Code/BitIoLdd14.o
 .debug_ranges  0x000001c8       0x18 ./Generated_Code/BitIoLdd15.o
 .debug_ranges  0x000001e0       0x18 ./Generated_Code/BitIoLdd16.o
 .debug_ranges  0x000001f8       0x38 ./Generated_Code/BitIoLdd17.o
 .debug_ranges  0x00000230       0xa0 ./Generated_Code/CDC1.o
 .debug_ranges  0x000002d0      0x120 ./Generated_Code/CLS1.o
 .debug_ranges  0x000003f0       0x18 ./Generated_Code/CS1.o
 .debug_ranges  0x00000408       0x30 ./Generated_Code/Cpu.o
 .debug_ranges  0x00000438       0x28 ./Generated_Code/HF1.o
 .debug_ranges  0x00000460       0x50 ./Generated_Code/IFsh1.o
 .debug_ranges  0x000004b0       0x48 ./Generated_Code/IntFlashLdd1.o
 .debug_ranges  0x000004f8       0x50 ./Generated_Code/KIN1.o
 .debug_ranges  0x00000548       0x18 ./Generated_Code/MCUC1.o
 .debug_ranges  0x00000560       0x20 ./Generated_Code/PE_LDD.o
 .debug_ranges  0x00000580       0x10 ./Generated_Code/PTA.o
 .debug_ranges  0x00000590       0x10 ./Generated_Code/PTB.o
 .debug_ranges  0x000005a0       0x10 ./Generated_Code/PTD.o
 .debug_ranges  0x000005b0       0x48 ./Generated_Code/RTT1.o
 .debug_ranges  0x000005f8       0x68 ./Generated_Code/Rx1.o
 .debug_ranges  0x00000660      0x108 ./Generated_Code/SEGGER_RTT.o
 .debug_ranges  0x00000768       0x10 ./Generated_Code/TI1.o
 .debug_ranges  0x00000778       0x40 ./Generated_Code/TMOUT1.o
 .debug_ranges  0x000007b8       0x18 ./Generated_Code/TU1.o
 .debug_ranges  0x000007d0       0x18 ./Generated_Code/TimerIntLdd1.o
 .debug_ranges  0x000007e8       0xe8 ./Generated_Code/TmDt1.o
 .debug_ranges  0x000008d0       0x68 ./Generated_Code/Tx1.o
 .debug_ranges  0x00000938       0x10 ./Generated_Code/USB0.o
 .debug_ranges  0x00000948       0x28 ./Generated_Code/USB1.o
 .debug_ranges  0x00000970       0x40 ./Generated_Code/WAIT1.o
 .debug_ranges  0x000009b0       0x80 ./Generated_Code/XF1.o
 .debug_ranges  0x00000a30       0x48 ./Generated_Code/usb_cdc.o
 .debug_ranges  0x00000a78       0x48 ./Generated_Code/usb_cdc_pstn.o
 .debug_ranges  0x00000ac0       0x60 ./Generated_Code/usb_class.o
 .debug_ranges  0x00000b20       0xb8 ./Generated_Code/usb_dci_kinetis.o
 .debug_ranges  0x00000bd8       0x70 ./Generated_Code/usb_descriptor.o
 .debug_ranges  0x00000c48       0x60 ./Generated_Code/usb_driver.o
 .debug_ranges  0x00000ca8       0xa0 ./Generated_Code/usb_framework.o
 .debug_ranges  0x00000d48       0x10 ./Generated_Code/wdt_kinetis.o

.debug_macro    0x00000000    0x21ab1
 .debug_macro   0x00000000      0x253 ./Sources/TEAM_Common/Application.o
 .debug_macro   0x00000253      0x84a ./Sources/TEAM_Common/Application.o
 .debug_macro   0x00000a9d       0x16 ./Sources/TEAM_Common/Application.o
 .debug_macro   0x00000ab3       0x44 ./Sources/TEAM_Common/Application.o
 .debug_macro   0x00000af7      0x209 ./Sources/TEAM_Common/Application.o
 .debug_macro   0x00000d00     0x16aa ./Sources/TEAM_Common/Application.o
 .debug_macro   0x000023aa      0x14e ./Sources/TEAM_Common/Application.o
 .debug_macro   0x000024f8       0x6a ./Sources/TEAM_Common/Application.o
 .debug_macro   0x00002562     0x9b9f ./Sources/TEAM_Common/Application.o
 .debug_macro   0x0000c101       0x9a ./Sources/TEAM_Common/Application.o
 .debug_macro   0x0000c19b       0xf4 ./Sources/TEAM_Common/Application.o
 .debug_macro   0x0000c28f      0x14e ./Sources/TEAM_Common/Application.o
 .debug_macro   0x0000c3dd       0x82 ./Sources/TEAM_Common/Application.o
 .debug_macro   0x0000c45f       0x16 ./Sources/TEAM_Common/Application.o
 .debug_macro   0x0000c475       0x37 ./Sources/TEAM_Common/Application.o
 .debug_macro   0x0000c4ac       0x1c ./Sources/TEAM_Common/Application.o
 .debug_macro   0x0000c4c8       0x29 ./Sources/TEAM_Common/Application.o
 .debug_macro   0x0000c4f1       0x40 ./Sources/TEAM_Common/Application.o
 .debug_macro   0x0000c531       0x41 ./Sources/TEAM_Common/Application.o
 .debug_macro   0x0000c572       0x58 ./Sources/TEAM_Common/Application.o
 .debug_macro   0x0000c5ca       0x35 ./Sources/TEAM_Common/Application.o
 .debug_macro   0x0000c5ff       0xa3 ./Sources/TEAM_Common/Application.o
 .debug_macro   0x0000c6a2      0x166 ./Sources/TEAM_Common/Application.o
 .debug_macro   0x0000c808       0x52 ./Sources/TEAM_Common/Application.o
 .debug_macro   0x0000c85a       0x16 ./Sources/TEAM_Common/Application.o
 .debug_macro   0x0000c870       0x43 ./Sources/TEAM_Common/Application.o
 .debug_macro   0x0000c8b3      0x180 ./Sources/TEAM_Common/Application.o
 .debug_macro   0x0000ca33      0x2a6 ./Sources/TEAM_Common/Application.o
 .debug_macro   0x0000ccd9       0x10 ./Sources/TEAM_Common/Application.o
 .debug_macro   0x0000cce9       0x35 ./Sources/TEAM_Common/Application.o
 .debug_macro   0x0000cd1e       0x19 ./Sources/TEAM_Common/Application.o
 .debug_macro   0x0000cd37       0x22 ./Sources/TEAM_Common/Application.o
 .debug_macro   0x0000cd59       0x58 ./Sources/TEAM_Common/Application.o
 .debug_macro   0x0000cdb1       0x66 ./Sources/TEAM_Common/Application.o
 .debug_macro   0x0000ce17       0x10 ./Sources/TEAM_Common/Application.o
 .debug_macro   0x0000ce27       0x51 ./Sources/TEAM_Common/Application.o
 .debug_macro   0x0000ce78       0xa1 ./Sources/TEAM_Common/Platform.o
 .debug_macro   0x0000cf19      0x4cf ./Sources/Events.o
 .debug_macro   0x0000d3e8       0x94 ./Sources/Events.o
 .debug_macro   0x0000d47c      0x12c ./Sources/Events.o
 .debug_macro   0x0000d5a8       0x46 ./Sources/Events.o
 .debug_macro   0x0000d5ee       0x26 ./Sources/Events.o
 .debug_macro   0x0000d614      0x6a6 ./Sources/Events.o
 .debug_macro   0x0000dcba       0x4a ./Sources/Events.o
 .debug_macro   0x0000dd04       0x1c ./Sources/Events.o
 .debug_macro   0x0000dd20      0x512 ./Sources/Events.o
 .debug_macro   0x0000e232      0x1f9 ./Sources/Events.o
 .debug_macro   0x0000e42b       0xc7 ./Sources/Events.o
 .debug_macro   0x0000e4f2       0x1c ./Sources/Events.o
 .debug_macro   0x0000e50e       0x65 ./Sources/Events.o
 .debug_macro   0x0000e573       0x20 ./Sources/Events.o
 .debug_macro   0x0000e593       0x10 ./Sources/Events.o
 .debug_macro   0x0000e5a3       0x82 ./Sources/Events.o
 .debug_macro   0x0000e625      0x115 ./Sources/Events.o
 .debug_macro   0x0000e73a       0x5d ./Sources/Events.o
 .debug_macro   0x0000e797       0x34 ./Sources/Events.o
 .debug_macro   0x0000e7cb       0x34 ./Sources/Events.o
 .debug_macro   0x0000e7ff       0x34 ./Sources/Events.o
 .debug_macro   0x0000e833       0x34 ./Sources/Events.o
 .debug_macro   0x0000e867       0x34 ./Sources/Events.o
 .debug_macro   0x0000e89b       0x34 ./Sources/Events.o
 .debug_macro   0x0000e8cf       0x34 ./Sources/Events.o
 .debug_macro   0x0000e903       0x18 ./Sources/Events.o
 .debug_macro   0x0000e91b       0x16 ./Sources/Events.o
 .debug_macro   0x0000e931       0x18 ./Sources/Events.o
 .debug_macro   0x0000e949       0x12 ./Sources/Events.o
 .debug_macro   0x0000e95b       0x16 ./Sources/Events.o
 .debug_macro   0x0000e971       0x1c ./Sources/Events.o
 .debug_macro   0x0000e98d       0x1c ./Sources/Events.o
 .debug_macro   0x0000e9a9       0x81 ./Sources/Events.o
 .debug_macro   0x0000ea2a       0x58 ./Sources/Events.o
 .debug_macro   0x0000ea82       0xdf ./Sources/Events.o
 .debug_macro   0x0000eb61       0x1c ./Sources/Events.o
 .debug_macro   0x0000eb7d       0x16 ./Sources/Events.o
 .debug_macro   0x0000eb93      0x4fb ./Sources/main.o
 .debug_macro   0x0000f08e      0x121 ./Project_Settings/Startup_Code/startup.o
 .debug_macro   0x0000f1af       0x4a ./Project_Settings/Startup_Code/startup.o
 .debug_macro   0x0000f1f9       0x16 ./Project_Settings/Startup_Code/startup.o
 .debug_macro   0x0000f20f       0x22 ./Project_Settings/Startup_Code/startup.o
 .debug_macro   0x0000f231       0x10 ./Project_Settings/Startup_Code/startup.o
 .debug_macro   0x0000f241      0x20f ./Project_Settings/Startup_Code/startup.o
 .debug_macro   0x0000f450     0x9b93 ./Project_Settings/Startup_Code/startup.o
 .debug_macro   0x00018fe3      0x111 ./Generated_Code/AS1.o
 .debug_macro   0x000190f4       0x5f ./Generated_Code/AS1.o
 .debug_macro   0x00019153       0xc5 ./Generated_Code/ASerialLdd1.o
 .debug_macro   0x00019218       0x26 ./Generated_Code/ASerialLdd1.o
 .debug_macro   0x0001923e      0x7ab ./Generated_Code/ASerialLdd1.o
 .debug_macro   0x000199e9      0x9b1 ./Generated_Code/ASerialLdd1.o
 .debug_macro   0x0001a39a       0xa6 ./Generated_Code/BitIoLdd10.o
 .debug_macro   0x0001a440       0xa0 ./Generated_Code/BitIoLdd10.o
 .debug_macro   0x0001a4e0       0x2e ./Generated_Code/BitIoLdd10.o
 .debug_macro   0x0001a50e       0xa6 ./Generated_Code/BitIoLdd11.o
 .debug_macro   0x0001a5b4       0x2e ./Generated_Code/BitIoLdd11.o
 .debug_macro   0x0001a5e2       0xa6 ./Generated_Code/BitIoLdd12.o
 .debug_macro   0x0001a688       0x2e ./Generated_Code/BitIoLdd12.o
 .debug_macro   0x0001a6b6       0xa6 ./Generated_Code/BitIoLdd13.o
 .debug_macro   0x0001a75c       0x2e ./Generated_Code/BitIoLdd13.o
 .debug_macro   0x0001a78a       0xa6 ./Generated_Code/BitIoLdd14.o
 .debug_macro   0x0001a830       0x2e ./Generated_Code/BitIoLdd14.o
 .debug_macro   0x0001a85e       0xa6 ./Generated_Code/BitIoLdd15.o
 .debug_macro   0x0001a904       0x2e ./Generated_Code/BitIoLdd15.o
 .debug_macro   0x0001a932       0xa6 ./Generated_Code/BitIoLdd16.o
 .debug_macro   0x0001a9d8       0x2e ./Generated_Code/BitIoLdd16.o
 .debug_macro   0x0001aa06       0xa6 ./Generated_Code/BitIoLdd17.o
 .debug_macro   0x0001aaac      0x342 ./Generated_Code/CDC1.o
 .debug_macro   0x0001adee       0x64 ./Generated_Code/CDC1.o
 .debug_macro   0x0001ae52       0x10 ./Generated_Code/CDC1.o
 .debug_macro   0x0001ae62       0x16 ./Generated_Code/CDC1.o
 .debug_macro   0x0001ae78       0x10 ./Generated_Code/CDC1.o
 .debug_macro   0x0001ae88       0x3a ./Generated_Code/CDC1.o
 .debug_macro   0x0001aec2      0x38c ./Generated_Code/CDC1.o
 .debug_macro   0x0001b24e       0x8e ./Generated_Code/CDC1.o
 .debug_macro   0x0001b2dc      0x300 ./Generated_Code/CDC1.o
 .debug_macro   0x0001b5dc       0x22 ./Generated_Code/CDC1.o
 .debug_macro   0x0001b5fe      0x165 ./Generated_Code/CDC1.o
 .debug_macro   0x0001b763       0x1c ./Generated_Code/CDC1.o
 .debug_macro   0x0001b77f       0x10 ./Generated_Code/CDC1.o
 .debug_macro   0x0001b78f       0x22 ./Generated_Code/CDC1.o
 .debug_macro   0x0001b7b1       0xbd ./Generated_Code/CDC1.o
 .debug_macro   0x0001b86e       0x16 ./Generated_Code/CDC1.o
 .debug_macro   0x0001b884      0x14a ./Generated_Code/CDC1.o
 .debug_macro   0x0001b9ce      0x1ee ./Generated_Code/CLS1.o
 .debug_macro   0x0001bbbc       0x8e ./Generated_Code/CLS1.o
 .debug_macro   0x0001bc4a       0xaa ./Generated_Code/CS1.o
 .debug_macro   0x0001bcf4      0x539 ./Generated_Code/Cpu.o
 .debug_macro   0x0001c22d       0xa5 ./Generated_Code/HF1.o
 .debug_macro   0x0001c2d2      0x118 ./Generated_Code/IFsh1.o
 .debug_macro   0x0001c3ea      0x50c ./Generated_Code/IFsh1.o
 .debug_macro   0x0001c8f6       0xed ./Generated_Code/IntFlashLdd1.o
 .debug_macro   0x0001c9e3      0x177 ./Generated_Code/KIN1.o
 .debug_macro   0x0001cb5a       0x92 ./Generated_Code/MCUC1.o
 .debug_macro   0x0001cbec      0x461 ./Generated_Code/PE_LDD.o
 .debug_macro   0x0001d04d       0x90 ./Generated_Code/PTA.o
 .debug_macro   0x0001d0dd       0x12 ./Generated_Code/PTA.o
 .debug_macro   0x0001d0ef       0x8e ./Generated_Code/PTB.o
 .debug_macro   0x0001d17d       0x10 ./Generated_Code/PTB.o
 .debug_macro   0x0001d18d       0x8e ./Generated_Code/PTD.o
 .debug_macro   0x0001d21b       0x12 ./Generated_Code/PTD.o
 .debug_macro   0x0001d22d      0x206 ./Generated_Code/RTT1.o
 .debug_macro   0x0001d433       0xd6 ./Generated_Code/Rx1.o
 .debug_macro   0x0001d509      0x1ba ./Generated_Code/SEGGER_RTT.o
 .debug_macro   0x0001d6c3      0x4c9 ./Generated_Code/TI1.o
 .debug_macro   0x0001db8c       0xc9 ./Generated_Code/TMOUT1.o
 .debug_macro   0x0001dc55       0xbb ./Generated_Code/TU1.o
 .debug_macro   0x0001dd10      0x6a0 ./Generated_Code/TU1.o
 .debug_macro   0x0001e3b0       0xc5 ./Generated_Code/TimerIntLdd1.o
 .debug_macro   0x0001e475      0x1bd ./Generated_Code/TmDt1.o
 .debug_macro   0x0001e632       0xd6 ./Generated_Code/Tx1.o
 .debug_macro   0x0001e708       0x97 ./Generated_Code/USB0.o
 .debug_macro   0x0001e79f      0x260 ./Generated_Code/USB1.o
 .debug_macro   0x0001e9ff      0x527 ./Generated_Code/Vectors.o
 .debug_macro   0x0001ef26       0xaa ./Generated_Code/WAIT1.o
 .debug_macro   0x0001efd0      0x15b ./Generated_Code/XF1.o
 .debug_macro   0x0001f12b      0x120 ./Generated_Code/usb_cdc.o
 .debug_macro   0x0001f24b       0x70 ./Generated_Code/usb_cdc.o
 .debug_macro   0x0001f2bb     0x1698 ./Generated_Code/usb_cdc.o
 .debug_macro   0x00020953       0x10 ./Generated_Code/usb_cdc.o
 .debug_macro   0x00020963      0x120 ./Generated_Code/usb_cdc_pstn.o
 .debug_macro   0x00020a83      0x107 ./Generated_Code/usb_class.o
 .debug_macro   0x00020b8a      0x306 ./Generated_Code/usb_class.o
 .debug_macro   0x00020e90       0x9a ./Generated_Code/usb_class.o
 .debug_macro   0x00020f2a      0x1ab ./Generated_Code/usb_dci_kinetis.o
 .debug_macro   0x000210d5       0x69 ./Generated_Code/usb_dci_kinetis.o
 .debug_macro   0x0002113e      0x16a ./Generated_Code/usb_dci_kinetis.o
 .debug_macro   0x000212a8       0x3a ./Generated_Code/usb_dci_kinetis.o
 .debug_macro   0x000212e2       0x94 ./Generated_Code/usb_dci_kinetis.o
 .debug_macro   0x00021376       0xfe ./Generated_Code/usb_descriptor.o
 .debug_macro   0x00021474       0xf2 ./Generated_Code/usb_driver.o
 .debug_macro   0x00021566       0x6f ./Generated_Code/usb_driver.o
 .debug_macro   0x000215d5      0x27c ./Generated_Code/usb_driver.o
 .debug_macro   0x00021851      0x1aa ./Generated_Code/usb_framework.o
 .debug_macro   0x000219fb       0xb6 ./Generated_Code/wdt_kinetis.o

.debug_line     0x00000000     0xcfcc
 .debug_line    0x00000000      0x4d6 ./Sources/TEAM_Common/Application.o
 .debug_line    0x000004d6      0x2ee ./Sources/TEAM_Common/Platform.o
 .debug_line    0x000007c4      0x6cb ./Sources/Events.o
 .debug_line    0x00000e8f      0x74f ./Sources/main.o
 .debug_line    0x000015de      0x3df ./Project_Settings/Startup_Code/startup.o
 .debug_line    0x000019bd      0x41a ./Generated_Code/AS1.o
 .debug_line    0x00001dd7      0x399 ./Generated_Code/ASerialLdd1.o
 .debug_line    0x00002170      0x298 ./Generated_Code/BitIoLdd10.o
 .debug_line    0x00002408      0x298 ./Generated_Code/BitIoLdd11.o
 .debug_line    0x000026a0      0x298 ./Generated_Code/BitIoLdd12.o
 .debug_line    0x00002938      0x298 ./Generated_Code/BitIoLdd13.o
 .debug_line    0x00002bd0      0x298 ./Generated_Code/BitIoLdd14.o
 .debug_line    0x00002e68      0x298 ./Generated_Code/BitIoLdd15.o
 .debug_line    0x00003100      0x298 ./Generated_Code/BitIoLdd16.o
 .debug_line    0x00003398      0x2e3 ./Generated_Code/BitIoLdd17.o
 .debug_line    0x0000367b      0x6cf ./Generated_Code/CDC1.o
 .debug_line    0x00003d4a      0x715 ./Generated_Code/CLS1.o
 .debug_line    0x0000445f      0x248 ./Generated_Code/CS1.o
 .debug_line    0x000046a7      0x9da ./Generated_Code/Cpu.o
 .debug_line    0x00005081      0x280 ./Generated_Code/HF1.o
 .debug_line    0x00005301      0x347 ./Generated_Code/IFsh1.o
 .debug_line    0x00005648      0x413 ./Generated_Code/IntFlashLdd1.o
 .debug_line    0x00005a5b      0x402 ./Generated_Code/KIN1.o
 .debug_line    0x00005e5d      0x232 ./Generated_Code/MCUC1.o
 .debug_line    0x0000608f      0x6b4 ./Generated_Code/PE_LDD.o
 .debug_line    0x00006743      0x20d ./Generated_Code/PTA.o
 .debug_line    0x00006950      0x20c ./Generated_Code/PTB.o
 .debug_line    0x00006b5c      0x20d ./Generated_Code/PTD.o
 .debug_line    0x00006d69      0x453 ./Generated_Code/RTT1.o
 .debug_line    0x000071bc      0x372 ./Generated_Code/Rx1.o
 .debug_line    0x0000752e      0x757 ./Generated_Code/SEGGER_RTT.o
 .debug_line    0x00007c85      0x709 ./Generated_Code/TI1.o
 .debug_line    0x0000838e      0x313 ./Generated_Code/TMOUT1.o
 .debug_line    0x000086a1      0x2be ./Generated_Code/TU1.o
 .debug_line    0x0000895f      0x2b0 ./Generated_Code/TimerIntLdd1.o
 .debug_line    0x00008c0f      0x669 ./Generated_Code/TmDt1.o
 .debug_line    0x00009278      0x372 ./Generated_Code/Tx1.o
 .debug_line    0x000095ea      0x238 ./Generated_Code/USB0.o
 .debug_line    0x00009822      0x445 ./Generated_Code/USB1.o
 .debug_line    0x00009c67      0x90b ./Generated_Code/Vectors.o
 .debug_line    0x0000a572      0x2cf ./Generated_Code/WAIT1.o
 .debug_line    0x0000a841      0x4d4 ./Generated_Code/XF1.o
 .debug_line    0x0000ad15      0x443 ./Generated_Code/usb_cdc.o
 .debug_line    0x0000b158      0x36b ./Generated_Code/usb_cdc_pstn.o
 .debug_line    0x0000b4c3      0x3b2 ./Generated_Code/usb_class.o
 .debug_line    0x0000b875      0x744 ./Generated_Code/usb_dci_kinetis.o
 .debug_line    0x0000bfb9      0x40f ./Generated_Code/usb_descriptor.o
 .debug_line    0x0000c3c8      0x40c ./Generated_Code/usb_driver.o
 .debug_line    0x0000c7d4      0x5b5 ./Generated_Code/usb_framework.o
 .debug_line    0x0000cd89      0x243 ./Generated_Code/wdt_kinetis.o

.debug_str      0x00000000    0x6f7b8
 .debug_str     0x00000000    0x43f17 ./Sources/TEAM_Common/Application.o
                              0x4411d (size before relaxing)
 .debug_str     0x00043f17       0x55 ./Sources/TEAM_Common/Platform.o
                              0x40593 (size before relaxing)
 .debug_str     0x00043f6c    0x13c18 ./Sources/Events.o
                              0x565b4 (size before relaxing)
 .debug_str     0x00057b84       0x17 ./Sources/main.o
                              0x57cb5 (size before relaxing)
 .debug_str     0x00057b9b      0x19b ./Project_Settings/Startup_Code/startup.o
                              0x3a1e0 (size before relaxing)
 .debug_str     0x00057d36      0x313 ./Generated_Code/AS1.o
                              0x3f430 (size before relaxing)
 .debug_str     0x00058049     0xe753 ./Generated_Code/ASerialLdd1.o
                              0x4de1c (size before relaxing)
 .debug_str     0x0006679c       0xb9 ./Generated_Code/BitIoLdd10.o
                              0x3fed6 (size before relaxing)
 .debug_str     0x00066855       0x72 ./Generated_Code/BitIoLdd11.o
                              0x3fed6 (size before relaxing)
 .debug_str     0x000668c7       0x72 ./Generated_Code/BitIoLdd12.o
                              0x3fed6 (size before relaxing)
 .debug_str     0x00066939       0x72 ./Generated_Code/BitIoLdd13.o
                              0x3fed6 (size before relaxing)
 .debug_str     0x000669ab       0x72 ./Generated_Code/BitIoLdd14.o
                              0x3fed6 (size before relaxing)
 .debug_str     0x00066a1d       0x72 ./Generated_Code/BitIoLdd15.o
                              0x3fed6 (size before relaxing)
 .debug_str     0x00066a8f       0x72 ./Generated_Code/BitIoLdd16.o
                              0x3fed6 (size before relaxing)
 .debug_str     0x00066b01       0xba ./Generated_Code/BitIoLdd17.o
                              0x3ffa6 (size before relaxing)
 .debug_str     0x00066bbb     0x37d2 ./Generated_Code/CDC1.o
                              0x463b7 (size before relaxing)
 .debug_str     0x0006a38d      0x791 ./Generated_Code/CLS1.o
                              0x42fa2 (size before relaxing)
 .debug_str     0x0006ab1e       0x2c ./Generated_Code/CS1.o
                              0x3f6cd (size before relaxing)
 .debug_str     0x0006ab4a      0x227 ./Generated_Code/Cpu.o
                              0x5693b (size before relaxing)
 .debug_str     0x0006ad71       0xdb ./Generated_Code/HF1.o
                              0x3f5d0 (size before relaxing)
 .debug_str     0x0006ae4c      0x553 ./Generated_Code/IFsh1.o
                              0x470be (size before relaxing)
 .debug_str     0x0006b39f      0x4dc ./Generated_Code/IntFlashLdd1.o
                              0x473c8 (size before relaxing)
 .debug_str     0x0006b87b       0xcf ./Generated_Code/KIN1.o
                              0x41e77 (size before relaxing)
 .debug_str     0x0006b94a       0x32 ./Generated_Code/MCUC1.o
                              0x3f463 (size before relaxing)
 .debug_str     0x0006b97c      0x177 ./Generated_Code/PE_LDD.o
                              0x56747 (size before relaxing)
 .debug_str     0x0006baf3       0x21 ./Generated_Code/PTA.o
                              0x3ef58 (size before relaxing)
 .debug_str     0x0006bb14       0x21 ./Generated_Code/PTB.o
                              0x3ef0b (size before relaxing)
 .debug_str     0x0006bb35       0x21 ./Generated_Code/PTD.o
                              0x3ef58 (size before relaxing)
 .debug_str     0x0006bb56       0xb7 ./Generated_Code/RTT1.o
                              0x4350e (size before relaxing)
 .debug_str     0x0006bc0d      0x17a ./Generated_Code/Rx1.o
                              0x3f8a4 (size before relaxing)
 .debug_str     0x0006bd87      0x64e ./Generated_Code/SEGGER_RTT.o
                              0x428c3 (size before relaxing)
 .debug_str     0x0006c3d5       0x31 ./Generated_Code/TI1.o
                              0x565ce (size before relaxing)
 .debug_str     0x0006c406       0xe7 ./Generated_Code/TMOUT1.o
                              0x3f86b (size before relaxing)
 .debug_str     0x0006c4ed      0x180 ./Generated_Code/TU1.o
                              0x485da (size before relaxing)
 .debug_str     0x0006c66d       0xbe ./Generated_Code/TimerIntLdd1.o
                              0x483eb (size before relaxing)
 .debug_str     0x0006c72b      0x345 ./Generated_Code/TmDt1.o
                              0x4259c (size before relaxing)
 .debug_str     0x0006ca70      0x164 ./Generated_Code/Tx1.o
                              0x3f8a4 (size before relaxing)
 .debug_str     0x0006cbd4      0x1e7 ./Generated_Code/USB0.o
                              0x3f1c0 (size before relaxing)
 .debug_str     0x0006cdbb       0x50 ./Generated_Code/USB1.o
                              0x42eb0 (size before relaxing)
 .debug_str     0x0006ce0b       0x1c ./Generated_Code/Vectors.o
                              0x565ec (size before relaxing)
 .debug_str     0x0006ce27       0x9c ./Generated_Code/WAIT1.o
                              0x3f902 (size before relaxing)
 .debug_str     0x0006cec3      0x3a5 ./Generated_Code/XF1.o
                              0x3fd2e (size before relaxing)
 .debug_str     0x0006d268      0x270 ./Generated_Code/usb_cdc.o
                              0x420ec (size before relaxing)
 .debug_str     0x0006d4d8      0x221 ./Generated_Code/usb_cdc_pstn.o
                              0x41fca (size before relaxing)
 .debug_str     0x0006d6f9      0x3f9 ./Generated_Code/usb_class.o
                              0x41a7b (size before relaxing)
 .debug_str     0x0006daf2      0xc0d ./Generated_Code/usb_dci_kinetis.o
                              0x43968 (size before relaxing)
 .debug_str     0x0006e6ff      0x35d ./Generated_Code/usb_descriptor.o
                              0x418f0 (size before relaxing)
 .debug_str     0x0006ea5c      0xa54 ./Generated_Code/usb_driver.o
                              0x41214 (size before relaxing)
 .debug_str     0x0006f4b0      0x2d9 ./Generated_Code/usb_framework.o
                              0x43e36 (size before relaxing)
 .debug_str     0x0006f789       0x2f ./Generated_Code/wdt_kinetis.o
                              0x3f48c (size before relaxing)

.comment        0x00000000       0x70
 .comment       0x00000000       0x70 ./Sources/TEAM_Common/Application.o
                                 0x71 (size before relaxing)
 .comment       0x00000000       0x71 ./Sources/TEAM_Common/Platform.o
 .comment       0x00000000       0x71 ./Sources/Events.o
 .comment       0x00000000       0x71 ./Sources/main.o
 .comment       0x00000000       0x71 ./Project_Settings/Startup_Code/startup.o
 .comment       0x00000000       0x71 ./Generated_Code/AS1.o
 .comment       0x00000000       0x71 ./Generated_Code/ASerialLdd1.o
 .comment       0x00000000       0x71 ./Generated_Code/BitIoLdd10.o
 .comment       0x00000000       0x71 ./Generated_Code/BitIoLdd11.o
 .comment       0x00000000       0x71 ./Generated_Code/BitIoLdd12.o
 .comment       0x00000000       0x71 ./Generated_Code/BitIoLdd13.o
 .comment       0x00000000       0x71 ./Generated_Code/BitIoLdd14.o
 .comment       0x00000000       0x71 ./Generated_Code/BitIoLdd15.o
 .comment       0x00000000       0x71 ./Generated_Code/BitIoLdd16.o
 .comment       0x00000000       0x71 ./Generated_Code/BitIoLdd17.o
 .comment       0x00000000       0x71 ./Generated_Code/CDC1.o
 .comment       0x00000000       0x71 ./Generated_Code/CLS1.o
 .comment       0x00000000       0x71 ./Generated_Code/CS1.o
 .comment       0x00000000       0x71 ./Generated_Code/Cpu.o
 .comment       0x00000000       0x71 ./Generated_Code/HF1.o
 .comment       0x00000000       0x71 ./Generated_Code/IFsh1.o
 .comment       0x00000000       0x71 ./Generated_Code/IntFlashLdd1.o
 .comment       0x00000000       0x71 ./Generated_Code/KIN1.o
 .comment       0x00000000       0x71 ./Generated_Code/MCUC1.o
 .comment       0x00000000       0x71 ./Generated_Code/PE_LDD.o
 .comment       0x00000000       0x71 ./Generated_Code/PTA.o
 .comment       0x00000000       0x71 ./Generated_Code/PTB.o
 .comment       0x00000000       0x71 ./Generated_Code/PTD.o
 .comment       0x00000000       0x71 ./Generated_Code/RTT1.o
 .comment       0x00000000       0x71 ./Generated_Code/Rx1.o
 .comment       0x00000000       0x71 ./Generated_Code/SEGGER_RTT.o
 .comment       0x00000000       0x71 ./Generated_Code/TI1.o
 .comment       0x00000000       0x71 ./Generated_Code/TMOUT1.o
 .comment       0x00000000       0x71 ./Generated_Code/TU1.o
 .comment       0x00000000       0x71 ./Generated_Code/TimerIntLdd1.o
 .comment       0x00000000       0x71 ./Generated_Code/TmDt1.o
 .comment       0x00000000       0x71 ./Generated_Code/Tx1.o
 .comment       0x00000000       0x71 ./Generated_Code/USB0.o
 .comment       0x00000000       0x71 ./Generated_Code/USB1.o
 .comment       0x00000000       0x71 ./Generated_Code/Vectors.o
 .comment       0x00000000       0x71 ./Generated_Code/WAIT1.o
 .comment       0x00000000       0x71 ./Generated_Code/XF1.o
 .comment       0x00000000       0x71 ./Generated_Code/usb_cdc.o
 .comment       0x00000000       0x71 ./Generated_Code/usb_cdc_pstn.o
 .comment       0x00000000       0x71 ./Generated_Code/usb_class.o
 .comment       0x00000000       0x71 ./Generated_Code/usb_dci_kinetis.o
 .comment       0x00000000       0x71 ./Generated_Code/usb_descriptor.o
 .comment       0x00000000       0x71 ./Generated_Code/usb_driver.o
 .comment       0x00000000       0x71 ./Generated_Code/usb_framework.o
 .comment       0x00000000       0x71 ./Generated_Code/wdt_kinetis.o

.debug_frame    0x00000000     0x2f5c
 .debug_frame   0x00000000       0x4c ./Sources/TEAM_Common/Application.o
 .debug_frame   0x0000004c       0x40 ./Sources/TEAM_Common/Platform.o
 .debug_frame   0x0000008c       0x40 ./Sources/Events.o
 .debug_frame   0x000000cc       0x2c ./Sources/main.o
 .debug_frame   0x000000f8       0xc0 ./Project_Settings/Startup_Code/startup.o
 .debug_frame   0x000001b8      0x1ac ./Generated_Code/AS1.o
 .debug_frame   0x00000364       0xec ./Generated_Code/ASerialLdd1.o
 .debug_frame   0x00000450       0x48 ./Generated_Code/BitIoLdd10.o
 .debug_frame   0x00000498       0x48 ./Generated_Code/BitIoLdd11.o
 .debug_frame   0x000004e0       0x48 ./Generated_Code/BitIoLdd12.o
 .debug_frame   0x00000528       0x48 ./Generated_Code/BitIoLdd13.o
 .debug_frame   0x00000570       0x48 ./Generated_Code/BitIoLdd14.o
 .debug_frame   0x000005b8       0x48 ./Generated_Code/BitIoLdd15.o
 .debug_frame   0x00000600       0x48 ./Generated_Code/BitIoLdd16.o
 .debug_frame   0x00000648       0xb8 ./Generated_Code/BitIoLdd17.o
 .debug_frame   0x00000700      0x244 ./Generated_Code/CDC1.o
 .debug_frame   0x00000944      0x438 ./Generated_Code/CLS1.o